GAS LISTING /tmp/ccVsA57p.s 			page 1


   1              		.file	"MemoryAlocator.cpp"
   2              		.option pic
   3              		.option norelax
   4              		.text
   5              	.Ltext0:
   6              		.align	2
   7              		.globl	_ZN15MemoryAllocatorD2Ev
   9              	_ZN15MemoryAllocatorD2Ev:
  10              	.LFB4:
  11              		.file 1 "src/MemoryAlocator.cpp"
   1:src/MemoryAlocator.cpp **** #include "../h/MemoryAllocator.hpp"
   2:src/MemoryAlocator.cpp **** 
   3:src/MemoryAlocator.cpp **** Block* MemoryAllocator::free= nullptr;
   4:src/MemoryAlocator.cpp **** Block* MemoryAllocator::used=nullptr;
   5:src/MemoryAlocator.cpp **** 
   6:src/MemoryAlocator.cpp **** 
   7:src/MemoryAlocator.cpp **** 
   8:src/MemoryAlocator.cpp **** MemoryAllocator::MemoryAllocator()
   9:src/MemoryAlocator.cpp **** {
  10:src/MemoryAlocator.cpp ****     initMem();
  11:src/MemoryAlocator.cpp **** }
  12:src/MemoryAlocator.cpp **** MemoryAllocator::~MemoryAllocator()
  12              		.loc 1 12 1
  13              		.cfi_startproc
  14              	.LVL0:
  15 0000 130101FF 		addi	sp,sp,-16
  16              		.cfi_def_cfa_offset 16
  17 0004 23348100 		sd	s0,8(sp)
  18              		.cfi_offset 8, -8
  19 0008 13040101 		addi	s0,sp,16
  20              		.cfi_def_cfa 8, 0
  13:src/MemoryAlocator.cpp **** {
  14:src/MemoryAlocator.cpp **** }
  21              		.loc 1 14 1 is_stmt 0
  22 000c 03348100 		ld	s0,8(sp)
  23              		.cfi_restore 8
  24              		.cfi_def_cfa 2, 16
  25 0010 13010101 		addi	sp,sp,16
  26              		.cfi_def_cfa_offset 0
  27 0014 67800000 		jr	ra
  28              		.cfi_endproc
  29              	.LFE4:
  31              		.globl	_ZN15MemoryAllocatorD1Ev
  32              		.set	_ZN15MemoryAllocatorD1Ev,_ZN15MemoryAllocatorD2Ev
  33              		.align	2
  34              		.globl	_ZN15MemoryAllocator7initMemEv
  36              	_ZN15MemoryAllocator7initMemEv:
  37              	.LFB6:
  15:src/MemoryAlocator.cpp **** void MemoryAllocator::initMem() {
  38              		.loc 1 15 33 is_stmt 1
  39              		.cfi_startproc
  40 0018 130101FF 		addi	sp,sp,-16
  41              		.cfi_def_cfa_offset 16
  42 001c 23348100 		sd	s0,8(sp)
  43              		.cfi_offset 8, -8
  44 0020 13040101 		addi	s0,sp,16
  45              		.cfi_def_cfa 8, 0
GAS LISTING /tmp/ccVsA57p.s 			page 2


  16:src/MemoryAlocator.cpp **** 
  17:src/MemoryAlocator.cpp ****         free = (Block*)HEAP_START_ADDR;
  46              		.loc 1 17 9
  47              		.loc 1 17 14 is_stmt 0
  48 0024 17060000 		la	a2,HEAP_START_ADDR
  48      03360600 
  49 002c 83370600 		ld	a5,0(a2)
  50 0030 17070000 		lla	a4,.LANCHOR0
  50      13070700 
  51 0038 2330F700 		sd	a5,0(a4)
  18:src/MemoryAlocator.cpp **** 
  19:src/MemoryAlocator.cpp ****         free->next = nullptr;
  52              		.loc 1 19 9 is_stmt 1
  53              		.loc 1 19 20 is_stmt 0
  54 003c 23B00700 		sd	zero,0(a5)
  20:src/MemoryAlocator.cpp ****         free->prev = nullptr;
  55              		.loc 1 20 9 is_stmt 1
  56              		.loc 1 20 15 is_stmt 0
  57 0040 83360700 		ld	a3,0(a4)
  58              		.loc 1 20 20
  59 0044 23B40600 		sd	zero,8(a3)
  21:src/MemoryAlocator.cpp **** 
  22:src/MemoryAlocator.cpp ****         free->size =
  60              		.loc 1 22 9 is_stmt 1
  23:src/MemoryAlocator.cpp ****                 (size_t)((char*)HEAP_END_ADDR
  61              		.loc 1 23 26 is_stmt 0
  62 0048 97070000 		la	a5,HEAP_END_ADDR
  62      83B70700 
  63 0050 83B70700 		ld	a5,0(a5)
  24:src/MemoryAlocator.cpp ****                          - (char*)HEAP_START_ADDR
  64              		.loc 1 24 28
  65 0054 03360600 		ld	a2,0(a2)
  66              		.loc 1 24 26
  67 0058 B387C740 		sub	a5,a5,a2
  25:src/MemoryAlocator.cpp ****                          - sizeof(Block));
  68              		.loc 1 25 26
  69 005c 938787FE 		addi	a5,a5,-24
  22:src/MemoryAlocator.cpp ****                 (size_t)((char*)HEAP_END_ADDR
  70              		.loc 1 22 20
  71 0060 23B8F600 		sd	a5,16(a3)
  26:src/MemoryAlocator.cpp **** 
  27:src/MemoryAlocator.cpp ****         used = nullptr;
  72              		.loc 1 27 9 is_stmt 1
  73              		.loc 1 27 14 is_stmt 0
  74 0064 23340700 		sd	zero,8(a4)
  28:src/MemoryAlocator.cpp ****     }
  75              		.loc 1 28 5
  76 0068 03348100 		ld	s0,8(sp)
  77              		.cfi_restore 8
  78              		.cfi_def_cfa 2, 16
  79 006c 13010101 		addi	sp,sp,16
  80              		.cfi_def_cfa_offset 0
  81 0070 67800000 		jr	ra
  82              		.cfi_endproc
  83              	.LFE6:
  85              		.align	2
  86              		.globl	_ZN15MemoryAllocatorC2Ev
GAS LISTING /tmp/ccVsA57p.s 			page 3


  88              	_ZN15MemoryAllocatorC2Ev:
  89              	.LFB1:
   8:src/MemoryAlocator.cpp **** {
  90              		.loc 1 8 1 is_stmt 1
  91              		.cfi_startproc
  92              	.LVL1:
  93 0074 130101FF 		addi	sp,sp,-16
  94              		.cfi_def_cfa_offset 16
  95 0078 23341100 		sd	ra,8(sp)
  96 007c 23308100 		sd	s0,0(sp)
  97              		.cfi_offset 1, -8
  98              		.cfi_offset 8, -16
  99 0080 13040101 		addi	s0,sp,16
 100              		.cfi_def_cfa 8, 0
 101              	.LBB2:
  10:src/MemoryAlocator.cpp **** }
 102              		.loc 1 10 5
  10:src/MemoryAlocator.cpp **** }
 103              		.loc 1 10 12 is_stmt 0
 104 0084 97000000 		call	_ZN15MemoryAllocator7initMemEv
 104      E7800000 
 105              	.LVL2:
 106              	.LBE2:
  11:src/MemoryAlocator.cpp **** MemoryAllocator::~MemoryAllocator()
 107              		.loc 1 11 1
 108 008c 83308100 		ld	ra,8(sp)
 109              		.cfi_restore 1
 110 0090 03340100 		ld	s0,0(sp)
 111              		.cfi_restore 8
 112              		.cfi_def_cfa 2, 16
 113 0094 13010101 		addi	sp,sp,16
 114              		.cfi_def_cfa_offset 0
 115 0098 67800000 		jr	ra
 116              		.cfi_endproc
 117              	.LFE1:
 119              		.globl	_ZN15MemoryAllocatorC1Ev
 120              		.set	_ZN15MemoryAllocatorC1Ev,_ZN15MemoryAllocatorC2Ev
 121              		.align	2
 122              		.globl	_ZN15MemoryAllocator9mem_allocEm
 124              	_ZN15MemoryAllocator9mem_allocEm:
 125              	.LFB7:
  29:src/MemoryAlocator.cpp **** 
  30:src/MemoryAlocator.cpp **** void* MemoryAllocator::mem_alloc(size_t size)
  31:src/MemoryAlocator.cpp **** {
 126              		.loc 1 31 1 is_stmt 1
 127              		.cfi_startproc
 128              	.LVL3:
 129 009c 130101FF 		addi	sp,sp,-16
 130              		.cfi_def_cfa_offset 16
 131 00a0 23348100 		sd	s0,8(sp)
 132              		.cfi_offset 8, -8
 133 00a4 13040101 		addi	s0,sp,16
 134              		.cfi_def_cfa 8, 0
  32:src/MemoryAlocator.cpp ****     if(size == 0) return nullptr;
 135              		.loc 1 32 5
 136 00a8 6304050E 		beqz	a0,.L19
  33:src/MemoryAlocator.cpp **** 
GAS LISTING /tmp/ccVsA57p.s 			page 4


  34:src/MemoryAlocator.cpp ****     size_t newSize =
 137              		.loc 1 34 5
  35:src/MemoryAlocator.cpp ****             ((size + MEM_BLOCK_SIZE - 1) / MEM_BLOCK_SIZE)
 138              		.loc 1 35 37 is_stmt 0
 139 00ac 1305F503 		addi	a0,a0,63
 140              	.LVL4:
  34:src/MemoryAlocator.cpp ****             ((size + MEM_BLOCK_SIZE - 1) / MEM_BLOCK_SIZE)
 141              		.loc 1 34 12
 142 00b0 937705FC 		andi	a5,a0,-64
 143              	.LVL5:
  36:src/MemoryAlocator.cpp ****             * MEM_BLOCK_SIZE;
  37:src/MemoryAlocator.cpp **** 
  38:src/MemoryAlocator.cpp ****     Block* prev = nullptr;
 144              		.loc 1 38 5 is_stmt 1
  39:src/MemoryAlocator.cpp ****     Block* blk = free;
 145              		.loc 1 39 5
 146              		.loc 1 39 12 is_stmt 0
 147 00b4 17050000 		ld	a0,.LANCHOR0
 147      03350500 
 148              	.LVL6:
  38:src/MemoryAlocator.cpp ****     Block* blk = free;
 149              		.loc 1 38 12
 150 00bc 93060000 		li	a3,0
 151              	.LVL7:
 152              	.L10:
  40:src/MemoryAlocator.cpp **** 
  41:src/MemoryAlocator.cpp ****     for(; blk != nullptr; prev = blk, blk = blk->next)
 153              		.loc 1 41 5 is_stmt 1 discriminator 1
 154              		.loc 1 41 15 discriminator 1
 155 00c0 630C0500 		beqz	a0,.L9
  42:src/MemoryAlocator.cpp ****     {
  43:src/MemoryAlocator.cpp ****         if(blk->size >= newSize)
 156              		.loc 1 43 9
 157              		.loc 1 43 17 is_stmt 0
 158 00c4 03370501 		ld	a4,16(a0)
 159              		.loc 1 43 9
 160 00c8 6378F700 		bgeu	a4,a5,.L9
  41:src/MemoryAlocator.cpp ****     {
 161              		.loc 1 41 5 is_stmt 1
 162              	.LVL8:
  41:src/MemoryAlocator.cpp ****     {
 163              		.loc 1 41 32 is_stmt 0
 164 00cc 93060500 		mv	a3,a0
  41:src/MemoryAlocator.cpp ****     {
 165              		.loc 1 41 43
 166 00d0 03350500 		ld	a0,0(a0)
 167              	.LVL9:
  41:src/MemoryAlocator.cpp ****     {
 168              		.loc 1 41 5
 169 00d4 6FF0DFFE 		j	.L10
 170              	.L9:
  44:src/MemoryAlocator.cpp ****             break;
  45:src/MemoryAlocator.cpp ****     }
  46:src/MemoryAlocator.cpp **** 
  47:src/MemoryAlocator.cpp ****     if(blk == nullptr)
 171              		.loc 1 47 5 is_stmt 1
 172 00d8 630A0506 		beqz	a0,.L7
GAS LISTING /tmp/ccVsA57p.s 			page 5


  48:src/MemoryAlocator.cpp ****         return nullptr;
  49:src/MemoryAlocator.cpp **** 
  50:src/MemoryAlocator.cpp ****     size_t remainingSize = blk->size - newSize;
 173              		.loc 1 50 5
 174              		.loc 1 50 33 is_stmt 0
 175 00dc 03370501 		ld	a4,16(a0)
 176              		.loc 1 50 12
 177 00e0 3307F740 		sub	a4,a4,a5
 178              	.LVL10:
  51:src/MemoryAlocator.cpp **** 
  52:src/MemoryAlocator.cpp ****     if(remainingSize >= sizeof(Block) + MEM_BLOCK_SIZE)
 179              		.loc 1 52 5 is_stmt 1
 180              	.LBB3:
 181 00e4 13067005 		li	a2,87
 182 00e8 637EE606 		bleu	a4,a2,.L11
 183              	.LBB4:
  53:src/MemoryAlocator.cpp ****     {
  54:src/MemoryAlocator.cpp ****         Block* newBlk =
 184              		.loc 1 54 9
  55:src/MemoryAlocator.cpp ****                 (Block*)((char*)blk + sizeof(Block) + newSize);
 185              		.loc 1 55 53 is_stmt 0
 186 00ec 13868701 		addi	a2,a5,24
  54:src/MemoryAlocator.cpp ****                 (Block*)((char*)blk + sizeof(Block) + newSize);
 187              		.loc 1 54 16
 188 00f0 3306C500 		add	a2,a0,a2
 189              	.LVL11:
  56:src/MemoryAlocator.cpp **** 
  57:src/MemoryAlocator.cpp ****         newBlk->size = remainingSize - sizeof(Block);
 190              		.loc 1 57 9 is_stmt 1
 191              		.loc 1 57 38 is_stmt 0
 192 00f4 130787FE 		addi	a4,a4,-24
 193              	.LVL12:
 194              		.loc 1 57 22
 195 00f8 2338E600 		sd	a4,16(a2)
  58:src/MemoryAlocator.cpp ****         newBlk->next = blk->next;
 196              		.loc 1 58 9 is_stmt 1
 197              		.loc 1 58 29 is_stmt 0
 198 00fc 03370500 		ld	a4,0(a0)
 199              	.LVL13:
 200              		.loc 1 58 22
 201 0100 2330E600 		sd	a4,0(a2)
  59:src/MemoryAlocator.cpp ****         newBlk->prev = prev;
 202              		.loc 1 59 9 is_stmt 1
 203              		.loc 1 59 22 is_stmt 0
 204 0104 2334D600 		sd	a3,8(a2)
  60:src/MemoryAlocator.cpp **** 
  61:src/MemoryAlocator.cpp ****         if(prev)
 205              		.loc 1 61 9 is_stmt 1
 206 0108 63880604 		beqz	a3,.L12
  62:src/MemoryAlocator.cpp ****             prev->next = newBlk;
 207              		.loc 1 62 13
 208              		.loc 1 62 24 is_stmt 0
 209 010c 23B0C600 		sd	a2,0(a3)
 210              	.LVL14:
 211              	.L13:
  63:src/MemoryAlocator.cpp ****         else
  64:src/MemoryAlocator.cpp ****             free = newBlk;
GAS LISTING /tmp/ccVsA57p.s 			page 6


  65:src/MemoryAlocator.cpp **** 
  66:src/MemoryAlocator.cpp ****         if(newBlk->next)
 212              		.loc 1 66 9 is_stmt 1
 213              		.loc 1 66 20 is_stmt 0
 214 0110 03370600 		ld	a4,0(a2)
 215              		.loc 1 66 9
 216 0114 63040700 		beqz	a4,.L14
  67:src/MemoryAlocator.cpp ****             newBlk->next->prev = newBlk;
 217              		.loc 1 67 13 is_stmt 1
 218              		.loc 1 67 32 is_stmt 0
 219 0118 2334C700 		sd	a2,8(a4)
 220              	.L14:
  68:src/MemoryAlocator.cpp **** 
  69:src/MemoryAlocator.cpp ****         blk->size = newSize;
 221              		.loc 1 69 9 is_stmt 1
 222              		.loc 1 69 19 is_stmt 0
 223 011c 2338F500 		sd	a5,16(a0)
 224              	.LVL15:
 225              	.L15:
 226              	.LBE4:
 227              	.LBE3:
  70:src/MemoryAlocator.cpp ****     }
  71:src/MemoryAlocator.cpp ****     else
  72:src/MemoryAlocator.cpp ****     {
  73:src/MemoryAlocator.cpp ****         if(prev)
  74:src/MemoryAlocator.cpp ****             prev->next = blk->next;
  75:src/MemoryAlocator.cpp ****         else
  76:src/MemoryAlocator.cpp ****             free = blk->next;
  77:src/MemoryAlocator.cpp **** 
  78:src/MemoryAlocator.cpp ****         if(blk->next)
  79:src/MemoryAlocator.cpp ****             blk->next->prev = prev;
  80:src/MemoryAlocator.cpp ****     }
  81:src/MemoryAlocator.cpp **** 
  82:src/MemoryAlocator.cpp ****     blk->prev = nullptr;
 228              		.loc 1 82 5 is_stmt 1
 229              		.loc 1 82 15 is_stmt 0
 230 0120 23340500 		sd	zero,8(a0)
  83:src/MemoryAlocator.cpp ****     blk->next = used;
 231              		.loc 1 83 5 is_stmt 1
 232              		.loc 1 83 15 is_stmt 0
 233 0124 97070000 		lla	a5,.LANCHOR0
 233      93870700 
 234 012c 03B78700 		ld	a4,8(a5)
 235 0130 2330E500 		sd	a4,0(a0)
  84:src/MemoryAlocator.cpp **** 
  85:src/MemoryAlocator.cpp ****     if(used)
 236              		.loc 1 85 5 is_stmt 1
 237              		.loc 1 85 12 is_stmt 0
 238 0134 83B78700 		ld	a5,8(a5)
 239              		.loc 1 85 5
 240 0138 63840700 		beqz	a5,.L18
  86:src/MemoryAlocator.cpp ****         used->prev = blk;
 241              		.loc 1 86 9 is_stmt 1
 242              		.loc 1 86 20 is_stmt 0
 243 013c 23B4A700 		sd	a0,8(a5)
 244              	.L18:
  87:src/MemoryAlocator.cpp **** 
GAS LISTING /tmp/ccVsA57p.s 			page 7


  88:src/MemoryAlocator.cpp ****     used = blk;
 245              		.loc 1 88 5 is_stmt 1
 246              		.loc 1 88 10 is_stmt 0
 247 0140 97070000 		sd	a0,.LANCHOR0+8,a5
 247      23B0A700 
  89:src/MemoryAlocator.cpp **** 
  90:src/MemoryAlocator.cpp ****     return (char*)blk + sizeof(Block);
 248              		.loc 1 90 5 is_stmt 1
 249              		.loc 1 90 37 is_stmt 0
 250 0148 13058501 		addi	a0,a0,24
 251              	.LVL16:
 252              	.L7:
  91:src/MemoryAlocator.cpp **** }
 253              		.loc 1 91 1
 254 014c 03348100 		ld	s0,8(sp)
 255              		.cfi_remember_state
 256              		.cfi_restore 8
 257              		.cfi_def_cfa 2, 16
 258 0150 13010101 		addi	sp,sp,16
 259              		.cfi_def_cfa_offset 0
 260 0154 67800000 		jr	ra
 261              	.LVL17:
 262              	.L12:
 263              		.cfi_restore_state
 264              	.LBB6:
 265              	.LBB5:
  64:src/MemoryAlocator.cpp **** 
 266              		.loc 1 64 13 is_stmt 1
  64:src/MemoryAlocator.cpp **** 
 267              		.loc 1 64 18 is_stmt 0
 268 0158 17070000 		sd	a2,.LANCHOR0,a4
 268      2330C700 
 269 0160 6FF01FFB 		j	.L13
 270              	.LVL18:
 271              	.L11:
 272              	.LBE5:
  73:src/MemoryAlocator.cpp ****             prev->next = blk->next;
 273              		.loc 1 73 9 is_stmt 1
 274 0164 638E0600 		beqz	a3,.L16
  74:src/MemoryAlocator.cpp ****         else
 275              		.loc 1 74 13
  74:src/MemoryAlocator.cpp ****         else
 276              		.loc 1 74 31 is_stmt 0
 277 0168 83370500 		ld	a5,0(a0)
 278              	.LVL19:
  74:src/MemoryAlocator.cpp ****         else
 279              		.loc 1 74 24
 280 016c 23B0F600 		sd	a5,0(a3)
 281              	.LVL20:
 282              	.L17:
  78:src/MemoryAlocator.cpp ****             blk->next->prev = prev;
 283              		.loc 1 78 9 is_stmt 1
  78:src/MemoryAlocator.cpp ****             blk->next->prev = prev;
 284              		.loc 1 78 17 is_stmt 0
 285 0170 83370500 		ld	a5,0(a0)
  78:src/MemoryAlocator.cpp ****             blk->next->prev = prev;
 286              		.loc 1 78 9
GAS LISTING /tmp/ccVsA57p.s 			page 8


 287 0174 E38607FA 		beqz	a5,.L15
  79:src/MemoryAlocator.cpp ****     }
 288              		.loc 1 79 13 is_stmt 1
  79:src/MemoryAlocator.cpp ****     }
 289              		.loc 1 79 29 is_stmt 0
 290 0178 23B4D700 		sd	a3,8(a5)
 291 017c 6FF05FFA 		j	.L15
 292              	.LVL21:
 293              	.L16:
  76:src/MemoryAlocator.cpp **** 
 294              		.loc 1 76 13 is_stmt 1
  76:src/MemoryAlocator.cpp **** 
 295              		.loc 1 76 25 is_stmt 0
 296 0180 83370500 		ld	a5,0(a0)
 297              	.LVL22:
  76:src/MemoryAlocator.cpp **** 
 298              		.loc 1 76 18
 299 0184 17070000 		sd	a5,.LANCHOR0,a4
 299      2330F700 
 300              	.LVL23:
 301 018c 6FF05FFE 		j	.L17
 302              	.LVL24:
 303              	.L19:
 304              	.LBE6:
  32:src/MemoryAlocator.cpp **** 
 305              		.loc 1 32 26
 306 0190 13050000 		li	a0,0
 307              	.LVL25:
 308 0194 6FF09FFB 		j	.L7
 309              		.cfi_endproc
 310              	.LFE7:
 312              		.align	2
 313              		.globl	_ZN15MemoryAllocator9tryToJoinEP5Block
 315              	_ZN15MemoryAllocator9tryToJoinEP5Block:
 316              	.LFB8:
  92:src/MemoryAlocator.cpp **** int MemoryAllocator::tryToJoin(Block* curr)
  93:src/MemoryAlocator.cpp **** {
 317              		.loc 1 93 1 is_stmt 1
 318              		.cfi_startproc
 319              	.LVL26:
 320 0198 130101FF 		addi	sp,sp,-16
 321              		.cfi_def_cfa_offset 16
 322 019c 23348100 		sd	s0,8(sp)
 323              		.cfi_offset 8, -8
 324 01a0 13040101 		addi	s0,sp,16
 325              		.cfi_def_cfa 8, 0
  94:src/MemoryAlocator.cpp ****     if(curr == nullptr || curr->next == nullptr)
 326              		.loc 1 94 5
 327 01a4 63060504 		beqz	a0,.L24
 328              		.loc 1 94 33 is_stmt 0 discriminator 1
 329 01a8 03370500 		ld	a4,0(a0)
 330              		.loc 1 94 24 discriminator 1
 331 01ac 63060704 		beqz	a4,.L25
  95:src/MemoryAlocator.cpp ****         return -1;
  96:src/MemoryAlocator.cpp **** 
  97:src/MemoryAlocator.cpp ****     if((char*)curr + sizeof(Block) + curr->size == (char*)curr->next)
 332              		.loc 1 97 5 is_stmt 1
GAS LISTING /tmp/ccVsA57p.s 			page 9


 333              	.LBB7:
 334              		.loc 1 97 44 is_stmt 0
 335 01b0 83370501 		ld	a5,16(a0)
 336              		.loc 1 97 36
 337 01b4 93868701 		addi	a3,a5,24
 338 01b8 B306D500 		add	a3,a0,a3
 339              		.loc 1 97 5
 340 01bc 6312D704 		bne	a4,a3,.L26
 341              	.LBB8:
  98:src/MemoryAlocator.cpp ****     {
  99:src/MemoryAlocator.cpp ****         Block* nextBlk = curr->next;
 342              		.loc 1 99 9 is_stmt 1
 343              	.LVL27:
 100:src/MemoryAlocator.cpp **** 
 101:src/MemoryAlocator.cpp ****         curr->size += sizeof(Block) + nextBlk->size;
 344              		.loc 1 101 9
 345              		.loc 1 101 48 is_stmt 0
 346 01c0 83360701 		ld	a3,16(a4)
 347              		.loc 1 101 20
 348 01c4 B387D700 		add	a5,a5,a3
 349 01c8 93878701 		addi	a5,a5,24
 350 01cc 2338F500 		sd	a5,16(a0)
 102:src/MemoryAlocator.cpp ****         curr->next = nextBlk->next;
 351              		.loc 1 102 9 is_stmt 1
 352              		.loc 1 102 31 is_stmt 0
 353 01d0 83370700 		ld	a5,0(a4)
 354              		.loc 1 102 20
 355 01d4 2330F500 		sd	a5,0(a0)
 103:src/MemoryAlocator.cpp **** 
 104:src/MemoryAlocator.cpp ****         if(curr->next)
 356              		.loc 1 104 9 is_stmt 1
 357 01d8 63840700 		beqz	a5,.L23
 105:src/MemoryAlocator.cpp ****             curr->next->prev = curr;
 358              		.loc 1 105 13
 359              		.loc 1 105 30 is_stmt 0
 360 01dc 23B4A700 		sd	a0,8(a5)
 361              	.L23:
 106:src/MemoryAlocator.cpp **** 
 107:src/MemoryAlocator.cpp ****         return 0;
 362              		.loc 1 107 9 is_stmt 1
 363              		.loc 1 107 16 is_stmt 0
 364 01e0 13050000 		li	a0,0
 365              	.LVL28:
 366              	.L22:
 367              	.LBE8:
 368              	.LBE7:
 108:src/MemoryAlocator.cpp ****     }
 109:src/MemoryAlocator.cpp ****     return -1;
 110:src/MemoryAlocator.cpp **** }
 369              		.loc 1 110 1
 370 01e4 03348100 		ld	s0,8(sp)
 371              		.cfi_remember_state
 372              		.cfi_restore 8
 373              		.cfi_def_cfa 2, 16
 374 01e8 13010101 		addi	sp,sp,16
 375              		.cfi_def_cfa_offset 0
 376 01ec 67800000 		jr	ra
GAS LISTING /tmp/ccVsA57p.s 			page 10


 377              	.LVL29:
 378              	.L24:
 379              		.cfi_restore_state
  95:src/MemoryAlocator.cpp **** 
 380              		.loc 1 95 17
 381 01f0 1305F0FF 		li	a0,-1
 382              	.LVL30:
 383 01f4 6FF01FFF 		j	.L22
 384              	.LVL31:
 385              	.L25:
 386 01f8 1305F0FF 		li	a0,-1
 387              	.LVL32:
 388 01fc 6FF09FFE 		j	.L22
 389              	.LVL33:
 390              	.L26:
 109:src/MemoryAlocator.cpp **** }
 391              		.loc 1 109 13
 392 0200 1305F0FF 		li	a0,-1
 393              	.LVL34:
 394 0204 6FF01FFE 		j	.L22
 395              		.cfi_endproc
 396              	.LFE8:
 398              		.align	2
 399              		.globl	_ZN15MemoryAllocator8mem_freeEPv
 401              	_ZN15MemoryAllocator8mem_freeEPv:
 402              	.LFB9:
 111:src/MemoryAlocator.cpp **** int MemoryAllocator::mem_free(void* ptr)
 112:src/MemoryAlocator.cpp **** {
 403              		.loc 1 112 1 is_stmt 1
 404              		.cfi_startproc
 405              	.LVL35:
 113:src/MemoryAlocator.cpp ****     if(ptr == nullptr)
 406              		.loc 1 113 5
 407 0208 6302050C 		beqz	a0,.L38
 112:src/MemoryAlocator.cpp ****     if(ptr == nullptr)
 408              		.loc 1 112 1 is_stmt 0
 409 020c 130101FE 		addi	sp,sp,-32
 410              		.cfi_def_cfa_offset 32
 411 0210 233C1100 		sd	ra,24(sp)
 412 0214 23388100 		sd	s0,16(sp)
 413 0218 23349100 		sd	s1,8(sp)
 414              		.cfi_offset 1, -8
 415              		.cfi_offset 8, -16
 416              		.cfi_offset 9, -24
 417 021c 13040102 		addi	s0,sp,32
 418              		.cfi_def_cfa 8, 0
 419 0220 13070500 		mv	a4,a0
 114:src/MemoryAlocator.cpp ****         return -1;
 115:src/MemoryAlocator.cpp **** 
 116:src/MemoryAlocator.cpp ****     Block* curr = (Block*)((char*)ptr - sizeof(Block));
 420              		.loc 1 116 5 is_stmt 1
 421              		.loc 1 116 12 is_stmt 0
 422 0224 130585FE 		addi	a0,a0,-24
 423              	.LVL36:
 117:src/MemoryAlocator.cpp **** 
 118:src/MemoryAlocator.cpp ****     if(curr->prev)
 424              		.loc 1 118 5 is_stmt 1
GAS LISTING /tmp/ccVsA57p.s 			page 11


 425              		.loc 1 118 14 is_stmt 0
 426 0228 833707FF 		ld	a5,-16(a4)
 427              		.loc 1 118 5
 428 022c 638E0702 		beqz	a5,.L30
 119:src/MemoryAlocator.cpp ****         curr->prev->next = curr->next;
 429              		.loc 1 119 9 is_stmt 1
 430              		.loc 1 119 34 is_stmt 0
 431 0230 833687FE 		ld	a3,-24(a4)
 432              		.loc 1 119 26
 433 0234 23B0D700 		sd	a3,0(a5)
 434              	.L31:
 120:src/MemoryAlocator.cpp ****     else
 121:src/MemoryAlocator.cpp ****         used = curr->next;
 122:src/MemoryAlocator.cpp **** 
 123:src/MemoryAlocator.cpp ****     if(curr->next)
 435              		.loc 1 123 5 is_stmt 1
 436              		.loc 1 123 14 is_stmt 0
 437 0238 833787FE 		ld	a5,-24(a4)
 438              		.loc 1 123 5
 439 023c 63860700 		beqz	a5,.L32
 124:src/MemoryAlocator.cpp ****         curr->next->prev = curr->prev;
 440              		.loc 1 124 9 is_stmt 1
 441              		.loc 1 124 34 is_stmt 0
 442 0240 833607FF 		ld	a3,-16(a4)
 443              		.loc 1 124 26
 444 0244 23B4D700 		sd	a3,8(a5)
 445              	.L32:
 125:src/MemoryAlocator.cpp ****     Block* prev = nullptr;
 446              		.loc 1 125 5 is_stmt 1
 447              	.LVL37:
 126:src/MemoryAlocator.cpp ****     Block* iter = free;
 448              		.loc 1 126 5
 449              		.loc 1 126 12 is_stmt 0
 450 0248 97070000 		ld	a5,.LANCHOR0
 450      83B70700 
 451              	.LVL38:
 125:src/MemoryAlocator.cpp ****     Block* prev = nullptr;
 452              		.loc 1 125 12
 453 0250 93040000 		li	s1,0
 454              	.LVL39:
 455              	.L34:
 127:src/MemoryAlocator.cpp **** 
 128:src/MemoryAlocator.cpp ****     while(iter && (char*)iter < (char*)curr)
 456              		.loc 1 128 5 is_stmt 1
 457              		.loc 1 128 16
 458 0254 63820702 		beqz	a5,.L33
 459              		.loc 1 128 16 is_stmt 0 discriminator 1
 460 0258 63F0A702 		bgeu	a5,a0,.L33
 129:src/MemoryAlocator.cpp ****     {
 130:src/MemoryAlocator.cpp ****         prev = iter;
 461              		.loc 1 130 9 is_stmt 1
 462              	.LVL40:
 131:src/MemoryAlocator.cpp ****         iter = iter->next;
 463              		.loc 1 131 9
 130:src/MemoryAlocator.cpp ****         iter = iter->next;
 464              		.loc 1 130 14 is_stmt 0
 465 025c 93840700 		mv	s1,a5
GAS LISTING /tmp/ccVsA57p.s 			page 12


 466              		.loc 1 131 14
 467 0260 83B70700 		ld	a5,0(a5)
 468              	.LVL41:
 128:src/MemoryAlocator.cpp ****     {
 469              		.loc 1 128 5
 470 0264 6FF01FFF 		j	.L34
 471              	.LVL42:
 472              	.L30:
 121:src/MemoryAlocator.cpp **** 
 473              		.loc 1 121 9 is_stmt 1
 121:src/MemoryAlocator.cpp **** 
 474              		.loc 1 121 22 is_stmt 0
 475 0268 833787FE 		ld	a5,-24(a4)
 121:src/MemoryAlocator.cpp **** 
 476              		.loc 1 121 14
 477 026c 97060000 		sd	a5,.LANCHOR0+8,a3
 477      23B0F600 
 478 0274 6FF05FFC 		j	.L31
 479              	.LVL43:
 480              	.L33:
 132:src/MemoryAlocator.cpp ****     }
 133:src/MemoryAlocator.cpp **** 
 134:src/MemoryAlocator.cpp ****     curr->prev = prev;
 481              		.loc 1 134 5 is_stmt 1
 482              		.loc 1 134 16 is_stmt 0
 483 0278 233897FE 		sd	s1,-16(a4)
 135:src/MemoryAlocator.cpp ****     curr->next = iter;
 484              		.loc 1 135 5 is_stmt 1
 485              		.loc 1 135 16 is_stmt 0
 486 027c 2334F7FE 		sd	a5,-24(a4)
 136:src/MemoryAlocator.cpp **** 
 137:src/MemoryAlocator.cpp ****     if(iter)
 487              		.loc 1 137 5 is_stmt 1
 488 0280 63840700 		beqz	a5,.L35
 138:src/MemoryAlocator.cpp ****         iter->prev = curr;
 489              		.loc 1 138 9
 490              		.loc 1 138 20 is_stmt 0
 491 0284 23B4A700 		sd	a0,8(a5)
 492              	.L35:
 139:src/MemoryAlocator.cpp **** 
 140:src/MemoryAlocator.cpp ****     if(prev)
 493              		.loc 1 140 5 is_stmt 1
 494 0288 638C0402 		beqz	s1,.L36
 141:src/MemoryAlocator.cpp ****         prev->next = curr;
 495              		.loc 1 141 9
 496              		.loc 1 141 20 is_stmt 0
 497 028c 23B0A400 		sd	a0,0(s1)
 498              	.LVL44:
 499              	.L37:
 142:src/MemoryAlocator.cpp ****     else
 143:src/MemoryAlocator.cpp ****         free = curr;
 144:src/MemoryAlocator.cpp **** 
 145:src/MemoryAlocator.cpp ****     tryToJoin(curr);
 500              		.loc 1 145 5 is_stmt 1
 501              		.loc 1 145 14 is_stmt 0
 502 0290 97000000 		call	_ZN15MemoryAllocator9tryToJoinEP5Block
 502      E7800000 
GAS LISTING /tmp/ccVsA57p.s 			page 13


 503              	.LVL45:
 146:src/MemoryAlocator.cpp **** 
 147:src/MemoryAlocator.cpp ****     if(prev)
 504              		.loc 1 147 5 is_stmt 1
 505 0298 638E0402 		beqz	s1,.L39
 148:src/MemoryAlocator.cpp ****         tryToJoin(prev);
 506              		.loc 1 148 9
 507              		.loc 1 148 18 is_stmt 0
 508 029c 13850400 		mv	a0,s1
 509 02a0 97000000 		call	_ZN15MemoryAllocator9tryToJoinEP5Block
 509      E7800000 
 510              	.LVL46:
 149:src/MemoryAlocator.cpp ****     return 0;
 511              		.loc 1 149 12
 512 02a8 13050000 		li	a0,0
 513              	.L29:
 150:src/MemoryAlocator.cpp **** }...
 514              		.loc 1 150 1
 515 02ac 83308101 		ld	ra,24(sp)
 516              		.cfi_remember_state
 517              		.cfi_restore 1
 518 02b0 03340101 		ld	s0,16(sp)
 519              		.cfi_restore 8
 520              		.cfi_def_cfa 2, 32
 521 02b4 83348100 		ld	s1,8(sp)
 522              		.cfi_restore 9
 523              	.LVL47:
 524 02b8 13010102 		addi	sp,sp,32
 525              		.cfi_def_cfa_offset 0
 526 02bc 67800000 		jr	ra
 527              	.LVL48:
 528              	.L36:
 529              		.cfi_restore_state
 143:src/MemoryAlocator.cpp ****         free = curr;
 530              		.loc 1 143 9 is_stmt 1
 143:src/MemoryAlocator.cpp ****         free = curr;
 531              		.loc 1 143 14 is_stmt 0
 532 02c0 97070000 		sd	a0,.LANCHOR0,a5
 532      23B0A700 
 533              	.LVL49:
 534 02c8 6FF09FFC 		j	.L37
 535              	.LVL50:
 536              	.L38:
 537              		.cfi_def_cfa_register 2
 538              		.cfi_restore 1
 539              		.cfi_restore 8
 540              		.cfi_restore 9
 114:src/MemoryAlocator.cpp ****         return -1;
 541              		.loc 1 114 17
 542 02cc 1305F0FF 		li	a0,-1
 543              	.LVL51:
 544              		.loc 1 150 1
 545 02d0 67800000 		ret
 546              	.LVL52:
 547              	.L39:
 548              		.cfi_def_cfa_register 8
 549              		.cfi_offset 1, -8
GAS LISTING /tmp/ccVsA57p.s 			page 14


 550              		.cfi_offset 8, -16
 551              		.cfi_offset 9, -24
 149:src/MemoryAlocator.cpp ****     return 0;
 552              		.loc 1 149 12
 553 02d4 13050000 		li	a0,0
 554 02d8 6FF05FFD 		j	.L29
 555              		.cfi_endproc
 556              	.LFE9:
 558              		.globl	_ZN15MemoryAllocator4usedE
 559              		.globl	_ZN15MemoryAllocator4freeE
 560              		.bss
 561              		.align	3
 562              		.set	.LANCHOR0,. + 0
 565              	_ZN15MemoryAllocator4freeE:
 566 0000 00000000 		.zero	8
 566      00000000 
 569              	_ZN15MemoryAllocator4usedE:
 570 0008 00000000 		.zero	8
 570      00000000 
 571              		.text
 572              	.Letext0:
 573              		.file 2 "src/../h/../lib/hw.h"
 574              		.file 3 "src/../h/MemoryAllocator.hpp"
GAS LISTING /tmp/ccVsA57p.s 			page 15


DEFINED SYMBOLS
                            *ABS*:0000000000000000 MemoryAlocator.cpp
     /tmp/ccVsA57p.s:9      .text:0000000000000000 _ZN15MemoryAllocatorD2Ev
     /tmp/ccVsA57p.s:13     .text:0000000000000000 .L0 
     /tmp/ccVsA57p.s:15     .text:0000000000000000 .L0 
     /tmp/ccVsA57p.s:16     .text:0000000000000004 .L0 
     /tmp/ccVsA57p.s:18     .text:0000000000000008 .L0 
     /tmp/ccVsA57p.s:20     .text:000000000000000c .L0 
     /tmp/ccVsA57p.s:22     .text:000000000000000c .L0 
     /tmp/ccVsA57p.s:23     .text:0000000000000010 .L0 
     /tmp/ccVsA57p.s:24     .text:0000000000000010 .L0 
     /tmp/ccVsA57p.s:26     .text:0000000000000014 .L0 
     /tmp/ccVsA57p.s:28     .text:0000000000000018 .L0 
     /tmp/ccVsA57p.s:9      .text:0000000000000000 _ZN15MemoryAllocatorD1Ev
     /tmp/ccVsA57p.s:36     .text:0000000000000018 _ZN15MemoryAllocator7initMemEv
     /tmp/ccVsA57p.s:39     .text:0000000000000018 .L0 
     /tmp/ccVsA57p.s:40     .text:0000000000000018 .L0 
     /tmp/ccVsA57p.s:41     .text:000000000000001c .L0 
     /tmp/ccVsA57p.s:43     .text:0000000000000020 .L0 
     /tmp/ccVsA57p.s:45     .text:0000000000000024 .L0 
     /tmp/ccVsA57p.s:47     .text:0000000000000024 .L0 
     /tmp/ccVsA57p.s:48     .text:0000000000000024 .L0 
     /tmp/ccVsA57p.s:53     .text:000000000000003c .L0 
     /tmp/ccVsA57p.s:54     .text:000000000000003c .L0 
     /tmp/ccVsA57p.s:56     .text:0000000000000040 .L0 
     /tmp/ccVsA57p.s:57     .text:0000000000000040 .L0 
     /tmp/ccVsA57p.s:59     .text:0000000000000044 .L0 
     /tmp/ccVsA57p.s:61     .text:0000000000000048 .L0 
     /tmp/ccVsA57p.s:62     .text:0000000000000048 .L0 
     /tmp/ccVsA57p.s:65     .text:0000000000000054 .L0 
     /tmp/ccVsA57p.s:67     .text:0000000000000058 .L0 
     /tmp/ccVsA57p.s:69     .text:000000000000005c .L0 
     /tmp/ccVsA57p.s:71     .text:0000000000000060 .L0 
     /tmp/ccVsA57p.s:73     .text:0000000000000064 .L0 
     /tmp/ccVsA57p.s:74     .text:0000000000000064 .L0 
     /tmp/ccVsA57p.s:76     .text:0000000000000068 .L0 
     /tmp/ccVsA57p.s:77     .text:000000000000006c .L0 
     /tmp/ccVsA57p.s:78     .text:000000000000006c .L0 
     /tmp/ccVsA57p.s:80     .text:0000000000000070 .L0 
     /tmp/ccVsA57p.s:82     .text:0000000000000074 .L0 
     /tmp/ccVsA57p.s:88     .text:0000000000000074 _ZN15MemoryAllocatorC2Ev
     /tmp/ccVsA57p.s:91     .text:0000000000000074 .L0 
     /tmp/ccVsA57p.s:93     .text:0000000000000074 .L0 
     /tmp/ccVsA57p.s:94     .text:0000000000000078 .L0 
     /tmp/ccVsA57p.s:97     .text:0000000000000080 .L0 
     /tmp/ccVsA57p.s:98     .text:0000000000000080 .L0 
     /tmp/ccVsA57p.s:100    .text:0000000000000084 .L0 
     /tmp/ccVsA57p.s:103    .text:0000000000000084 .L0 
     /tmp/ccVsA57p.s:104    .text:0000000000000084 .L0 
     /tmp/ccVsA57p.s:108    .text:000000000000008c .L0 
     /tmp/ccVsA57p.s:109    .text:0000000000000090 .L0 
     /tmp/ccVsA57p.s:111    .text:0000000000000094 .L0 
     /tmp/ccVsA57p.s:112    .text:0000000000000094 .L0 
     /tmp/ccVsA57p.s:114    .text:0000000000000098 .L0 
     /tmp/ccVsA57p.s:116    .text:000000000000009c .L0 
     /tmp/ccVsA57p.s:88     .text:0000000000000074 _ZN15MemoryAllocatorC1Ev
     /tmp/ccVsA57p.s:124    .text:000000000000009c _ZN15MemoryAllocator9mem_allocEm
GAS LISTING /tmp/ccVsA57p.s 			page 16


     /tmp/ccVsA57p.s:127    .text:000000000000009c .L0 
     /tmp/ccVsA57p.s:129    .text:000000000000009c .L0 
     /tmp/ccVsA57p.s:130    .text:00000000000000a0 .L0 
     /tmp/ccVsA57p.s:132    .text:00000000000000a4 .L0 
     /tmp/ccVsA57p.s:134    .text:00000000000000a8 .L0 
     /tmp/ccVsA57p.s:136    .text:00000000000000a8 .L0 
     /tmp/ccVsA57p.s:138    .text:00000000000000ac .L0 
     /tmp/ccVsA57p.s:139    .text:00000000000000ac .L0 
     /tmp/ccVsA57p.s:142    .text:00000000000000b0 .L0 
     /tmp/ccVsA57p.s:145    .text:00000000000000b4 .L0 
     /tmp/ccVsA57p.s:146    .text:00000000000000b4 .L0 
     /tmp/ccVsA57p.s:147    .text:00000000000000b4 .L0 
     /tmp/ccVsA57p.s:150    .text:00000000000000bc .L0 
     /tmp/ccVsA57p.s:154    .text:00000000000000c0 .L0 
     /tmp/ccVsA57p.s:155    .text:00000000000000c0 .L0 
     /tmp/ccVsA57p.s:157    .text:00000000000000c4 .L0 
     /tmp/ccVsA57p.s:158    .text:00000000000000c4 .L0 
     /tmp/ccVsA57p.s:160    .text:00000000000000c8 .L0 
     /tmp/ccVsA57p.s:163    .text:00000000000000cc .L0 
     /tmp/ccVsA57p.s:164    .text:00000000000000cc .L0 
     /tmp/ccVsA57p.s:166    .text:00000000000000d0 .L0 
     /tmp/ccVsA57p.s:169    .text:00000000000000d4 .L0 
     /tmp/ccVsA57p.s:172    .text:00000000000000d8 .L0 
     /tmp/ccVsA57p.s:174    .text:00000000000000dc .L0 
     /tmp/ccVsA57p.s:175    .text:00000000000000dc .L0 
     /tmp/ccVsA57p.s:177    .text:00000000000000e0 .L0 
     /tmp/ccVsA57p.s:181    .text:00000000000000e4 .L0 
     /tmp/ccVsA57p.s:185    .text:00000000000000ec .L0 
     /tmp/ccVsA57p.s:186    .text:00000000000000ec .L0 
     /tmp/ccVsA57p.s:188    .text:00000000000000f0 .L0 
     /tmp/ccVsA57p.s:191    .text:00000000000000f4 .L0 
     /tmp/ccVsA57p.s:192    .text:00000000000000f4 .L0 
     /tmp/ccVsA57p.s:195    .text:00000000000000f8 .L0 
     /tmp/ccVsA57p.s:197    .text:00000000000000fc .L0 
     /tmp/ccVsA57p.s:198    .text:00000000000000fc .L0 
     /tmp/ccVsA57p.s:201    .text:0000000000000100 .L0 
     /tmp/ccVsA57p.s:203    .text:0000000000000104 .L0 
     /tmp/ccVsA57p.s:204    .text:0000000000000104 .L0 
     /tmp/ccVsA57p.s:206    .text:0000000000000108 .L0 
     /tmp/ccVsA57p.s:208    .text:000000000000010c .L0 
     /tmp/ccVsA57p.s:209    .text:000000000000010c .L0 
     /tmp/ccVsA57p.s:213    .text:0000000000000110 .L0 
     /tmp/ccVsA57p.s:214    .text:0000000000000110 .L0 
     /tmp/ccVsA57p.s:216    .text:0000000000000114 .L0 
     /tmp/ccVsA57p.s:218    .text:0000000000000118 .L0 
     /tmp/ccVsA57p.s:219    .text:0000000000000118 .L0 
     /tmp/ccVsA57p.s:222    .text:000000000000011c .L0 
     /tmp/ccVsA57p.s:223    .text:000000000000011c .L0 
     /tmp/ccVsA57p.s:229    .text:0000000000000120 .L0 
     /tmp/ccVsA57p.s:230    .text:0000000000000120 .L0 
     /tmp/ccVsA57p.s:232    .text:0000000000000124 .L0 
     /tmp/ccVsA57p.s:233    .text:0000000000000124 .L0 
     /tmp/ccVsA57p.s:237    .text:0000000000000134 .L0 
     /tmp/ccVsA57p.s:238    .text:0000000000000134 .L0 
     /tmp/ccVsA57p.s:240    .text:0000000000000138 .L0 
     /tmp/ccVsA57p.s:242    .text:000000000000013c .L0 
     /tmp/ccVsA57p.s:243    .text:000000000000013c .L0 
GAS LISTING /tmp/ccVsA57p.s 			page 17


     /tmp/ccVsA57p.s:246    .text:0000000000000140 .L0 
     /tmp/ccVsA57p.s:247    .text:0000000000000140 .L0 
     /tmp/ccVsA57p.s:249    .text:0000000000000148 .L0 
     /tmp/ccVsA57p.s:250    .text:0000000000000148 .L0 
     /tmp/ccVsA57p.s:254    .text:000000000000014c .L0 
     /tmp/ccVsA57p.s:255    .text:0000000000000150 .L0 
     /tmp/ccVsA57p.s:256    .text:0000000000000150 .L0 
     /tmp/ccVsA57p.s:257    .text:0000000000000150 .L0 
     /tmp/ccVsA57p.s:259    .text:0000000000000154 .L0 
     /tmp/ccVsA57p.s:263    .text:0000000000000158 .L0 
     /tmp/ccVsA57p.s:267    .text:0000000000000158 .L0 
     /tmp/ccVsA57p.s:268    .text:0000000000000158 .L0 
     /tmp/ccVsA57p.s:274    .text:0000000000000164 .L0 
     /tmp/ccVsA57p.s:276    .text:0000000000000168 .L0 
     /tmp/ccVsA57p.s:277    .text:0000000000000168 .L0 
     /tmp/ccVsA57p.s:280    .text:000000000000016c .L0 
     /tmp/ccVsA57p.s:284    .text:0000000000000170 .L0 
     /tmp/ccVsA57p.s:285    .text:0000000000000170 .L0 
     /tmp/ccVsA57p.s:287    .text:0000000000000174 .L0 
     /tmp/ccVsA57p.s:289    .text:0000000000000178 .L0 
     /tmp/ccVsA57p.s:290    .text:0000000000000178 .L0 
     /tmp/ccVsA57p.s:295    .text:0000000000000180 .L0 
     /tmp/ccVsA57p.s:296    .text:0000000000000180 .L0 
     /tmp/ccVsA57p.s:299    .text:0000000000000184 .L0 
     /tmp/ccVsA57p.s:306    .text:0000000000000190 .L0 
     /tmp/ccVsA57p.s:309    .text:0000000000000198 .L0 
     /tmp/ccVsA57p.s:315    .text:0000000000000198 _ZN15MemoryAllocator9tryToJoinEP5Block
     /tmp/ccVsA57p.s:318    .text:0000000000000198 .L0 
     /tmp/ccVsA57p.s:320    .text:0000000000000198 .L0 
     /tmp/ccVsA57p.s:321    .text:000000000000019c .L0 
     /tmp/ccVsA57p.s:323    .text:00000000000001a0 .L0 
     /tmp/ccVsA57p.s:325    .text:00000000000001a4 .L0 
     /tmp/ccVsA57p.s:327    .text:00000000000001a4 .L0 
     /tmp/ccVsA57p.s:329    .text:00000000000001a8 .L0 
     /tmp/ccVsA57p.s:331    .text:00000000000001ac .L0 
     /tmp/ccVsA57p.s:334    .text:00000000000001b0 .L0 
     /tmp/ccVsA57p.s:335    .text:00000000000001b0 .L0 
     /tmp/ccVsA57p.s:337    .text:00000000000001b4 .L0 
     /tmp/ccVsA57p.s:340    .text:00000000000001bc .L0 
     /tmp/ccVsA57p.s:344    .text:00000000000001c0 .L0 
     /tmp/ccVsA57p.s:345    .text:00000000000001c0 .L0 
     /tmp/ccVsA57p.s:346    .text:00000000000001c0 .L0 
     /tmp/ccVsA57p.s:348    .text:00000000000001c4 .L0 
     /tmp/ccVsA57p.s:352    .text:00000000000001d0 .L0 
     /tmp/ccVsA57p.s:353    .text:00000000000001d0 .L0 
     /tmp/ccVsA57p.s:355    .text:00000000000001d4 .L0 
     /tmp/ccVsA57p.s:357    .text:00000000000001d8 .L0 
     /tmp/ccVsA57p.s:359    .text:00000000000001dc .L0 
     /tmp/ccVsA57p.s:360    .text:00000000000001dc .L0 
     /tmp/ccVsA57p.s:363    .text:00000000000001e0 .L0 
     /tmp/ccVsA57p.s:364    .text:00000000000001e0 .L0 
     /tmp/ccVsA57p.s:370    .text:00000000000001e4 .L0 
     /tmp/ccVsA57p.s:371    .text:00000000000001e8 .L0 
     /tmp/ccVsA57p.s:372    .text:00000000000001e8 .L0 
     /tmp/ccVsA57p.s:373    .text:00000000000001e8 .L0 
     /tmp/ccVsA57p.s:375    .text:00000000000001ec .L0 
     /tmp/ccVsA57p.s:379    .text:00000000000001f0 .L0 
GAS LISTING /tmp/ccVsA57p.s 			page 18


     /tmp/ccVsA57p.s:381    .text:00000000000001f0 .L0 
     /tmp/ccVsA57p.s:392    .text:0000000000000200 .L0 
     /tmp/ccVsA57p.s:395    .text:0000000000000208 .L0 
     /tmp/ccVsA57p.s:401    .text:0000000000000208 _ZN15MemoryAllocator8mem_freeEPv
     /tmp/ccVsA57p.s:404    .text:0000000000000208 .L0 
     /tmp/ccVsA57p.s:406    .text:0000000000000208 .L0 
     /tmp/ccVsA57p.s:407    .text:0000000000000208 .L0 
     /tmp/ccVsA57p.s:409    .text:000000000000020c .L0 
     /tmp/ccVsA57p.s:410    .text:0000000000000210 .L0 
     /tmp/ccVsA57p.s:414    .text:000000000000021c .L0 
     /tmp/ccVsA57p.s:415    .text:000000000000021c .L0 
     /tmp/ccVsA57p.s:416    .text:000000000000021c .L0 
     /tmp/ccVsA57p.s:418    .text:0000000000000220 .L0 
     /tmp/ccVsA57p.s:421    .text:0000000000000224 .L0 
     /tmp/ccVsA57p.s:422    .text:0000000000000224 .L0 
     /tmp/ccVsA57p.s:425    .text:0000000000000228 .L0 
     /tmp/ccVsA57p.s:426    .text:0000000000000228 .L0 
     /tmp/ccVsA57p.s:428    .text:000000000000022c .L0 
     /tmp/ccVsA57p.s:430    .text:0000000000000230 .L0 
     /tmp/ccVsA57p.s:431    .text:0000000000000230 .L0 
     /tmp/ccVsA57p.s:433    .text:0000000000000234 .L0 
     /tmp/ccVsA57p.s:436    .text:0000000000000238 .L0 
     /tmp/ccVsA57p.s:437    .text:0000000000000238 .L0 
     /tmp/ccVsA57p.s:439    .text:000000000000023c .L0 
     /tmp/ccVsA57p.s:441    .text:0000000000000240 .L0 
     /tmp/ccVsA57p.s:442    .text:0000000000000240 .L0 
     /tmp/ccVsA57p.s:444    .text:0000000000000244 .L0 
     /tmp/ccVsA57p.s:448    .text:0000000000000248 .L0 
     /tmp/ccVsA57p.s:449    .text:0000000000000248 .L0 
     /tmp/ccVsA57p.s:450    .text:0000000000000248 .L0 
     /tmp/ccVsA57p.s:453    .text:0000000000000250 .L0 
     /tmp/ccVsA57p.s:457    .text:0000000000000254 .L0 
     /tmp/ccVsA57p.s:458    .text:0000000000000254 .L0 
     /tmp/ccVsA57p.s:460    .text:0000000000000258 .L0 
     /tmp/ccVsA57p.s:463    .text:000000000000025c .L0 
     /tmp/ccVsA57p.s:464    .text:000000000000025c .L0 
     /tmp/ccVsA57p.s:465    .text:000000000000025c .L0 
     /tmp/ccVsA57p.s:467    .text:0000000000000260 .L0 
     /tmp/ccVsA57p.s:470    .text:0000000000000264 .L0 
     /tmp/ccVsA57p.s:474    .text:0000000000000268 .L0 
     /tmp/ccVsA57p.s:475    .text:0000000000000268 .L0 
     /tmp/ccVsA57p.s:477    .text:000000000000026c .L0 
     /tmp/ccVsA57p.s:482    .text:0000000000000278 .L0 
     /tmp/ccVsA57p.s:483    .text:0000000000000278 .L0 
     /tmp/ccVsA57p.s:485    .text:000000000000027c .L0 
     /tmp/ccVsA57p.s:486    .text:000000000000027c .L0 
     /tmp/ccVsA57p.s:488    .text:0000000000000280 .L0 
     /tmp/ccVsA57p.s:490    .text:0000000000000284 .L0 
     /tmp/ccVsA57p.s:491    .text:0000000000000284 .L0 
     /tmp/ccVsA57p.s:494    .text:0000000000000288 .L0 
     /tmp/ccVsA57p.s:496    .text:000000000000028c .L0 
     /tmp/ccVsA57p.s:497    .text:000000000000028c .L0 
     /tmp/ccVsA57p.s:501    .text:0000000000000290 .L0 
     /tmp/ccVsA57p.s:502    .text:0000000000000290 .L0 
     /tmp/ccVsA57p.s:505    .text:0000000000000298 .L0 
     /tmp/ccVsA57p.s:507    .text:000000000000029c .L0 
     /tmp/ccVsA57p.s:508    .text:000000000000029c .L0 
GAS LISTING /tmp/ccVsA57p.s 			page 19


     /tmp/ccVsA57p.s:512    .text:00000000000002a8 .L0 
     /tmp/ccVsA57p.s:515    .text:00000000000002ac .L0 
     /tmp/ccVsA57p.s:516    .text:00000000000002b0 .L0 
     /tmp/ccVsA57p.s:517    .text:00000000000002b0 .L0 
     /tmp/ccVsA57p.s:519    .text:00000000000002b4 .L0 
     /tmp/ccVsA57p.s:520    .text:00000000000002b4 .L0 
     /tmp/ccVsA57p.s:522    .text:00000000000002b8 .L0 
     /tmp/ccVsA57p.s:525    .text:00000000000002bc .L0 
     /tmp/ccVsA57p.s:529    .text:00000000000002c0 .L0 
     /tmp/ccVsA57p.s:531    .text:00000000000002c0 .L0 
     /tmp/ccVsA57p.s:532    .text:00000000000002c0 .L0 
     /tmp/ccVsA57p.s:537    .text:00000000000002cc .L0 
     /tmp/ccVsA57p.s:538    .text:00000000000002cc .L0 
     /tmp/ccVsA57p.s:539    .text:00000000000002cc .L0 
     /tmp/ccVsA57p.s:540    .text:00000000000002cc .L0 
     /tmp/ccVsA57p.s:542    .text:00000000000002cc .L0 
     /tmp/ccVsA57p.s:545    .text:00000000000002d0 .L0 
     /tmp/ccVsA57p.s:548    .text:00000000000002d4 .L0 
     /tmp/ccVsA57p.s:549    .text:00000000000002d4 .L0 
     /tmp/ccVsA57p.s:550    .text:00000000000002d4 .L0 
     /tmp/ccVsA57p.s:551    .text:00000000000002d4 .L0 
     /tmp/ccVsA57p.s:553    .text:00000000000002d4 .L0 
     /tmp/ccVsA57p.s:555    .text:00000000000002dc .L0 
     /tmp/ccVsA57p.s:569    .bss:0000000000000008 _ZN15MemoryAllocator4usedE
     /tmp/ccVsA57p.s:565    .bss:0000000000000000 _ZN15MemoryAllocator4freeE
     /tmp/ccVsA57p.s:562    .bss:0000000000000000 .LANCHOR0
     /tmp/ccVsA57p.s:575    .text:00000000000002dc .L0 
     /tmp/ccVsA57p.s:48     .text:0000000000000024 .L0 
     /tmp/ccVsA57p.s:50     .text:0000000000000030 .L0 
     /tmp/ccVsA57p.s:62     .text:0000000000000048 .L0 
     /tmp/ccVsA57p.s:147    .text:00000000000000b4 .L0 
     /tmp/ccVsA57p.s:233    .text:0000000000000124 .L0 
     /tmp/ccVsA57p.s:247    .text:0000000000000140 .L0 
     /tmp/ccVsA57p.s:268    .text:0000000000000158 .L0 
     /tmp/ccVsA57p.s:299    .text:0000000000000184 .L0 
     /tmp/ccVsA57p.s:450    .text:0000000000000248 .L0 
     /tmp/ccVsA57p.s:477    .text:000000000000026c .L0 
     /tmp/ccVsA57p.s:532    .text:00000000000002c0 .L0 
     /tmp/ccVsA57p.s:303    .text:0000000000000190 .L19
     /tmp/ccVsA57p.s:170    .text:00000000000000d8 .L9
     /tmp/ccVsA57p.s:152    .text:00000000000000c0 .L10
     /tmp/ccVsA57p.s:252    .text:000000000000014c .L7
     /tmp/ccVsA57p.s:271    .text:0000000000000164 .L11
     /tmp/ccVsA57p.s:262    .text:0000000000000158 .L12
     /tmp/ccVsA57p.s:220    .text:000000000000011c .L14
     /tmp/ccVsA57p.s:244    .text:0000000000000140 .L18
     /tmp/ccVsA57p.s:211    .text:0000000000000110 .L13
     /tmp/ccVsA57p.s:293    .text:0000000000000180 .L16
     /tmp/ccVsA57p.s:225    .text:0000000000000120 .L15
     /tmp/ccVsA57p.s:282    .text:0000000000000170 .L17
     /tmp/ccVsA57p.s:378    .text:00000000000001f0 .L24
     /tmp/ccVsA57p.s:385    .text:00000000000001f8 .L25
     /tmp/ccVsA57p.s:390    .text:0000000000000200 .L26
     /tmp/ccVsA57p.s:361    .text:00000000000001e0 .L23
     /tmp/ccVsA57p.s:366    .text:00000000000001e4 .L22
     /tmp/ccVsA57p.s:536    .text:00000000000002cc .L38
     /tmp/ccVsA57p.s:472    .text:0000000000000268 .L30
GAS LISTING /tmp/ccVsA57p.s 			page 20


     /tmp/ccVsA57p.s:445    .text:0000000000000248 .L32
     /tmp/ccVsA57p.s:480    .text:0000000000000278 .L33
     /tmp/ccVsA57p.s:455    .text:0000000000000254 .L34
     /tmp/ccVsA57p.s:434    .text:0000000000000238 .L31
     /tmp/ccVsA57p.s:492    .text:0000000000000288 .L35
     /tmp/ccVsA57p.s:528    .text:00000000000002c0 .L36
     /tmp/ccVsA57p.s:547    .text:00000000000002d4 .L39
     /tmp/ccVsA57p.s:499    .text:0000000000000290 .L37
     /tmp/ccVsA57p.s:513    .text:00000000000002ac .L29
     /tmp/ccVsA57p.s:1105   .debug_abbrev:0000000000000000 .Ldebug_abbrev0
     /tmp/ccVsA57p.s:2250   .debug_str:000000000000017f .LASF39
     /tmp/ccVsA57p.s:2290   .debug_str:00000000000003ae .LASF40
     /tmp/ccVsA57p.s:2296   .debug_str:00000000000003df .LASF41
     /tmp/ccVsA57p.s:5      .text:0000000000000000 .Ltext0
     /tmp/ccVsA57p.s:572    .text:00000000000002dc .Letext0
     /tmp/ccVsA57p.s:2196   .debug_line:0000000000000000 .Ldebug_line0
     /tmp/ccVsA57p.s:2258   .debug_str:0000000000000290 .LASF0
     /tmp/ccVsA57p.s:2242   .debug_str:0000000000000153 .LASF1
     /tmp/ccVsA57p.s:2232   .debug_str:000000000000010a .LASF2
     /tmp/ccVsA57p.s:2214   .debug_str:0000000000000058 .LASF4
     /tmp/ccVsA57p.s:2240   .debug_str:0000000000000141 .LASF3
     /tmp/ccVsA57p.s:2202   .debug_str:0000000000000023 .LASF5
     /tmp/ccVsA57p.s:2198   .debug_str:0000000000000000 .LASF6
     /tmp/ccVsA57p.s:2224   .debug_str:00000000000000bd .LASF7
     /tmp/ccVsA57p.s:2264   .debug_str:00000000000002e0 .LASF8
     /tmp/ccVsA57p.s:2212   .debug_str:000000000000004a .LASF9
     /tmp/ccVsA57p.s:2308   .debug_str:0000000000000432 .LASF10
     /tmp/ccVsA57p.s:2226   .debug_str:00000000000000d0 .LASF11
     /tmp/ccVsA57p.s:2294   .debug_str:00000000000003cf .LASF12
     /tmp/ccVsA57p.s:2272   .debug_str:000000000000031b .LASF13
     /tmp/ccVsA57p.s:2244   .debug_str:0000000000000166 .LASF14
     /tmp/ccVsA57p.s:2222   .debug_str:00000000000000a7 .LASF15
     /tmp/ccVsA57p.s:2266   .debug_str:00000000000002f0 .LASF16
     /tmp/ccVsA57p.s:2248   .debug_str:0000000000000179 .LASF42
     /tmp/ccVsA57p.s:2204   .debug_str:000000000000002a .LASF17
     /tmp/ccVsA57p.s:2306   .debug_str:000000000000042d .LASF18
     /tmp/ccVsA57p.s:2302   .debug_str:000000000000040f .LASF19
     /tmp/ccVsA57p.s:2200   .debug_str:0000000000000013 .LASF43
     /tmp/ccVsA57p.s:2218   .debug_str:0000000000000064 .LASF44
     /tmp/ccVsA57p.s:2228   .debug_str:00000000000000df .LASF45
     /tmp/ccVsA57p.s:2236   .debug_str:000000000000011d .LASF46
     /tmp/ccVsA57p.s:2278   .debug_str:0000000000000338 .LASF20
     /tmp/ccVsA57p.s:2274   .debug_str:000000000000032b .LASF21
     /tmp/ccVsA57p.s:2210   .debug_str:0000000000000045 .LASF22
     /tmp/ccVsA57p.s:2268   .debug_str:0000000000000306 .LASF47
     /tmp/ccVsA57p.s:2262   .debug_str:00000000000002bc .LASF48
     /tmp/ccVsA57p.s:2298   .debug_str:00000000000003fd .LASF23
     /tmp/ccVsA57p.s:2286   .debug_str:000000000000037f .LASF25
     /tmp/ccVsA57p.s:2270   .debug_str:0000000000000312 .LASF24
     /tmp/ccVsA57p.s:2230   .debug_str:00000000000000e9 .LASF26
     /tmp/ccVsA57p.s:2292   .debug_str:00000000000003c5 .LASF27
     /tmp/ccVsA57p.s:2220   .debug_str:0000000000000080 .LASF28
     /tmp/ccVsA57p.s:2276   .debug_str:0000000000000330 .LASF49
     /tmp/ccVsA57p.s:2260   .debug_str:000000000000029d .LASF50
     /tmp/ccVsA57p.s:2254   .debug_str:000000000000025e .LASF51
     /tmp/ccVsA57p.s:2206   .debug_str:000000000000002f .LASF52
     /tmp/ccVsA57p.s:2280   .debug_str:0000000000000341 .LASF53
GAS LISTING /tmp/ccVsA57p.s 			page 21


     /tmp/ccVsA57p.s:2284   .debug_str:0000000000000364 .LASF29
     /tmp/ccVsA57p.s:2252   .debug_str:0000000000000243 .LASF30
     /tmp/ccVsA57p.s:402    .text:0000000000000208 .LFB9
     /tmp/ccVsA57p.s:556    .text:00000000000002dc .LFE9
     /tmp/ccVsA57p.s:1797   .debug_loc:0000000000000000 .LLST9
     /tmp/ccVsA57p.s:2208   .debug_str:0000000000000040 .LASF31
     /tmp/ccVsA57p.s:1830   .debug_loc:0000000000000088 .LLST10
     /tmp/ccVsA57p.s:1859   .debug_loc:00000000000000ee .LLST11
     /tmp/ccVsA57p.s:2216   .debug_str:000000000000005f .LASF32
     /tmp/ccVsA57p.s:1891   .debug_loc:0000000000000184 .LLST12
     /tmp/ccVsA57p.s:503    .text:0000000000000298 .LVL45
     /tmp/ccVsA57p.s:510    .text:00000000000002a8 .LVL46
     /tmp/ccVsA57p.s:316    .text:0000000000000198 .LFB8
     /tmp/ccVsA57p.s:396    .text:0000000000000208 .LFE8
     /tmp/ccVsA57p.s:1915   .debug_loc:00000000000001f4 .LLST7
     /tmp/ccVsA57p.s:341    .text:00000000000001c0 .LBB8
     /tmp/ccVsA57p.s:367    .text:00000000000001e4 .LBE8
     /tmp/ccVsA57p.s:2238   .debug_str:0000000000000139 .LASF33
     /tmp/ccVsA57p.s:1962   .debug_loc:00000000000002a8 .LLST8
     /tmp/ccVsA57p.s:125    .text:000000000000009c .LFB7
     /tmp/ccVsA57p.s:310    .text:0000000000000198 .LFE7
     /tmp/ccVsA57p.s:1969   .debug_loc:00000000000002cb .LLST1
     /tmp/ccVsA57p.s:2300   .debug_str:0000000000000407 .LASF34
     /tmp/ccVsA57p.s:2000   .debug_loc:0000000000000342 .LLST2
     /tmp/ccVsA57p.s:2051   .debug_loc:00000000000003dc .LLST3
     /tmp/ccVsA57p.s:2075   .debug_loc:000000000000044c .LLST4
     /tmp/ccVsA57p.s:2288   .debug_str:00000000000003a0 .LASF35
     /tmp/ccVsA57p.s:2095   .debug_loc:00000000000004a9 .LLST5
     /tmp/ccVsA57p.s:2188   .debug_ranges:0000000000000000 .Ldebug_ranges0
     /tmp/ccVsA57p.s:2246   .debug_str:0000000000000172 .LASF36
     /tmp/ccVsA57p.s:2150   .debug_loc:0000000000000556 .LLST6
     /tmp/ccVsA57p.s:37     .text:0000000000000018 .LFB6
     /tmp/ccVsA57p.s:83     .text:0000000000000074 .LFE6
     /tmp/ccVsA57p.s:2234   .debug_str:0000000000000118 .LASF37
     /tmp/ccVsA57p.s:2282   .debug_str:000000000000035a .LASF38
     /tmp/ccVsA57p.s:2256   .debug_str:0000000000000277 .LASF54
     /tmp/ccVsA57p.s:10     .text:0000000000000000 .LFB4
     /tmp/ccVsA57p.s:29     .text:0000000000000018 .LFE4
     /tmp/ccVsA57p.s:2304   .debug_str:0000000000000414 .LASF55
     /tmp/ccVsA57p.s:89     .text:0000000000000074 .LFB1
     /tmp/ccVsA57p.s:117    .text:000000000000009c .LFE1
     /tmp/ccVsA57p.s:2161   .debug_loc:000000000000058c .LLST0
     /tmp/ccVsA57p.s:105    .text:000000000000008c .LVL2
     /tmp/ccVsA57p.s:405    .text:0000000000000208 .LVL35
     /tmp/ccVsA57p.s:423    .text:0000000000000228 .LVL36
     /tmp/ccVsA57p.s:527    .text:00000000000002c0 .LVL48
     /tmp/ccVsA57p.s:535    .text:00000000000002cc .LVL50
     /tmp/ccVsA57p.s:543    .text:00000000000002d0 .LVL51
     /tmp/ccVsA57p.s:546    .text:00000000000002d4 .LVL52
     /tmp/ccVsA57p.s:447    .text:0000000000000248 .LVL37
     /tmp/ccVsA57p.s:454    .text:0000000000000254 .LVL39
     /tmp/ccVsA57p.s:462    .text:000000000000025c .LVL40
     /tmp/ccVsA57p.s:468    .text:0000000000000264 .LVL41
     /tmp/ccVsA57p.s:471    .text:0000000000000268 .LVL42
     /tmp/ccVsA57p.s:479    .text:0000000000000278 .LVL43
     /tmp/ccVsA57p.s:523    .text:00000000000002b8 .LVL47
     /tmp/ccVsA57p.s:451    .text:0000000000000250 .LVL38
GAS LISTING /tmp/ccVsA57p.s 			page 22


     /tmp/ccVsA57p.s:498    .text:0000000000000290 .LVL44
     /tmp/ccVsA57p.s:533    .text:00000000000002c8 .LVL49
     /tmp/ccVsA57p.s:319    .text:0000000000000198 .LVL26
     /tmp/ccVsA57p.s:365    .text:00000000000001e4 .LVL28
     /tmp/ccVsA57p.s:377    .text:00000000000001f0 .LVL29
     /tmp/ccVsA57p.s:382    .text:00000000000001f4 .LVL30
     /tmp/ccVsA57p.s:384    .text:00000000000001f8 .LVL31
     /tmp/ccVsA57p.s:387    .text:00000000000001fc .LVL32
     /tmp/ccVsA57p.s:389    .text:0000000000000200 .LVL33
     /tmp/ccVsA57p.s:393    .text:0000000000000204 .LVL34
     /tmp/ccVsA57p.s:343    .text:00000000000001c0 .LVL27
     /tmp/ccVsA57p.s:128    .text:000000000000009c .LVL3
     /tmp/ccVsA57p.s:140    .text:00000000000000b0 .LVL4
     /tmp/ccVsA57p.s:148    .text:00000000000000bc .LVL6
     /tmp/ccVsA57p.s:302    .text:0000000000000190 .LVL24
     /tmp/ccVsA57p.s:307    .text:0000000000000194 .LVL25
     /tmp/ccVsA57p.s:143    .text:00000000000000b4 .LVL5
     /tmp/ccVsA57p.s:224    .text:0000000000000120 .LVL15
     /tmp/ccVsA57p.s:251    .text:000000000000014c .LVL16
     /tmp/ccVsA57p.s:261    .text:0000000000000158 .LVL17
     /tmp/ccVsA57p.s:278    .text:000000000000016c .LVL19
     /tmp/ccVsA57p.s:292    .text:0000000000000180 .LVL21
     /tmp/ccVsA57p.s:297    .text:0000000000000184 .LVL22
     /tmp/ccVsA57p.s:151    .text:00000000000000c0 .LVL7
     /tmp/ccVsA57p.s:162    .text:00000000000000cc .LVL8
     /tmp/ccVsA57p.s:167    .text:00000000000000d4 .LVL9
     /tmp/ccVsA57p.s:178    .text:00000000000000e4 .LVL10
     /tmp/ccVsA57p.s:193    .text:00000000000000f8 .LVL12
     /tmp/ccVsA57p.s:199    .text:0000000000000100 .LVL13
     /tmp/ccVsA57p.s:210    .text:0000000000000110 .LVL14
     /tmp/ccVsA57p.s:270    .text:0000000000000164 .LVL18
     /tmp/ccVsA57p.s:281    .text:0000000000000170 .LVL20
     /tmp/ccVsA57p.s:300    .text:000000000000018c .LVL23
     /tmp/ccVsA57p.s:189    .text:00000000000000f4 .LVL11
     /tmp/ccVsA57p.s:92     .text:0000000000000074 .LVL1
     /tmp/ccVsA57p.s:576    .debug_info:0000000000000000 .Ldebug_info0
     /tmp/ccVsA57p.s:183    .text:00000000000000ec .LBB4
     /tmp/ccVsA57p.s:226    .text:0000000000000120 .LBE4
     /tmp/ccVsA57p.s:265    .text:0000000000000158 .LBB5
     /tmp/ccVsA57p.s:272    .text:0000000000000164 .LBE5

UNDEFINED SYMBOLS
HEAP_START_ADDR
HEAP_END_ADDR
