GAS LISTING /tmp/cchxcIUf.s 			page 1


   1              		.file	"print.cpp"
   2              		.option pic
   3              		.option norelax
   4              		.text
   5              	.Ltext0:
   6              		.align	2
   7              		.globl	_Z8printStrPKc
   9              	_Z8printStrPKc:
  10              	.LFB18:
  11              		.file 1 "src/print.cpp"
   1:src/print.cpp **** //
   2:src/print.cpp **** // Created by marko on 20.4.22..
   3:src/print.cpp **** //
   4:src/print.cpp **** 
   5:src/print.cpp **** #include "../h/print.hpp"
   6:src/print.cpp **** #include "../h/riscv.hpp"
   7:src/print.cpp **** #include "../lib/console.h"
   8:src/print.cpp **** 
   9:src/print.cpp **** void printStr(char const *string)
  10:src/print.cpp **** {
  12              		.loc 1 10 1
  13              		.cfi_startproc
  14              	.LVL0:
  15 0000 130101FD 		addi	sp,sp,-48
  16              		.cfi_def_cfa_offset 48
  17 0004 23341102 		sd	ra,40(sp)
  18 0008 23308102 		sd	s0,32(sp)
  19 000c 233C9100 		sd	s1,24(sp)
  20 0010 23382101 		sd	s2,16(sp)
  21              		.cfi_offset 1, -8
  22              		.cfi_offset 8, -16
  23              		.cfi_offset 9, -24
  24              		.cfi_offset 18, -32
  25 0014 13040103 		addi	s0,sp,48
  26              		.cfi_def_cfa 8, 0
  27 0018 93040500 		mv	s1,a0
  11:src/print.cpp ****     uint64 sstatus = Riscv::r_sstatus();
  28              		.loc 1 11 5
  29              	.LBB14:
  30              	.LBB15:
  31              		.file 2 "src/../h/riscv.hpp"
   1:src/../h/riscv.hpp **** //
   2:src/../h/riscv.hpp **** // Created by marko on 20.4.22..
   3:src/../h/riscv.hpp **** //
   4:src/../h/riscv.hpp **** 
   5:src/../h/riscv.hpp **** #ifndef OS1_VEZBE07_RISCV_CONTEXT_SWITCH_2_INTERRUPT_RISCV_HPP
   6:src/../h/riscv.hpp **** #define OS1_VEZBE07_RISCV_CONTEXT_SWITCH_2_INTERRUPT_RISCV_HPP
   7:src/../h/riscv.hpp **** 
   8:src/../h/riscv.hpp **** #include "../lib/hw.h"
   9:src/../h/riscv.hpp **** 
  10:src/../h/riscv.hpp **** class Riscv
  11:src/../h/riscv.hpp **** {
  12:src/../h/riscv.hpp **** public:
  13:src/../h/riscv.hpp **** 
  14:src/../h/riscv.hpp ****     // pop sstatus.spp and sstatus.spie bits (has to be a non inline function)
  15:src/../h/riscv.hpp ****     static void popSppSpie();
  16:src/../h/riscv.hpp **** 
GAS LISTING /tmp/cchxcIUf.s 			page 2


  17:src/../h/riscv.hpp ****     // read register scause
  18:src/../h/riscv.hpp ****     static uint64 r_scause();
  19:src/../h/riscv.hpp **** 
  20:src/../h/riscv.hpp ****     // write register scause
  21:src/../h/riscv.hpp ****     static void w_scause(uint64 scause);
  22:src/../h/riscv.hpp **** 
  23:src/../h/riscv.hpp ****     // read register sepc
  24:src/../h/riscv.hpp ****     static uint64 r_sepc();
  25:src/../h/riscv.hpp **** 
  26:src/../h/riscv.hpp ****     // write register sepc
  27:src/../h/riscv.hpp ****     static void w_sepc(uint64 sepc);
  28:src/../h/riscv.hpp **** 
  29:src/../h/riscv.hpp ****     // read register stvec
  30:src/../h/riscv.hpp ****     static uint64 r_stvec();
  31:src/../h/riscv.hpp **** 
  32:src/../h/riscv.hpp ****     // write register stvec
  33:src/../h/riscv.hpp ****     static void w_stvec(uint64 stvec);
  34:src/../h/riscv.hpp **** 
  35:src/../h/riscv.hpp ****     // read register stval
  36:src/../h/riscv.hpp ****     static uint64 r_stval();
  37:src/../h/riscv.hpp **** 
  38:src/../h/riscv.hpp ****     // write register stval
  39:src/../h/riscv.hpp ****     static void w_stval(uint64 stval);
  40:src/../h/riscv.hpp **** 
  41:src/../h/riscv.hpp ****     enum BitMaskSip
  42:src/../h/riscv.hpp ****     {
  43:src/../h/riscv.hpp ****         SIP_SSIP = (1 << 1),
  44:src/../h/riscv.hpp ****         SIP_STIP = (1 << 5),
  45:src/../h/riscv.hpp ****         SIP_SEIP = (1 << 9),
  46:src/../h/riscv.hpp ****     };
  47:src/../h/riscv.hpp **** 
  48:src/../h/riscv.hpp ****     // mask set register sip
  49:src/../h/riscv.hpp ****     static void ms_sip(uint64 mask);
  50:src/../h/riscv.hpp **** 
  51:src/../h/riscv.hpp ****     // mask clear register sip
  52:src/../h/riscv.hpp ****     static void mc_sip(uint64 mask);
  53:src/../h/riscv.hpp **** 
  54:src/../h/riscv.hpp ****     // read register sip
  55:src/../h/riscv.hpp ****     static uint64 r_sip();
  56:src/../h/riscv.hpp **** 
  57:src/../h/riscv.hpp ****     // write register sip
  58:src/../h/riscv.hpp ****     static void w_sip(uint64 sip);
  59:src/../h/riscv.hpp **** 
  60:src/../h/riscv.hpp ****     enum BitMaskSstatus
  61:src/../h/riscv.hpp ****     {
  62:src/../h/riscv.hpp ****         SSTATUS_SIE = (1 << 1),
  63:src/../h/riscv.hpp ****         SSTATUS_SPIE = (1 << 5),
  64:src/../h/riscv.hpp ****         SSTATUS_SPP = (1 << 8),
  65:src/../h/riscv.hpp ****     };
  66:src/../h/riscv.hpp ****     //read a0 reg
  67:src/../h/riscv.hpp ****     static uint64 r_a0();
  68:src/../h/riscv.hpp ****     //write a0 reg;
  69:src/../h/riscv.hpp ****     static void w_a0(uint64 writeValue);
  70:src/../h/riscv.hpp **** 
  71:src/../h/riscv.hpp ****     // mask set register sstatus
  72:src/../h/riscv.hpp ****     static void ms_sstatus(uint64 mask);
  73:src/../h/riscv.hpp **** 
GAS LISTING /tmp/cchxcIUf.s 			page 3


  74:src/../h/riscv.hpp ****     // mask clear register sstatus
  75:src/../h/riscv.hpp ****     static void mc_sstatus(uint64 mask);
  76:src/../h/riscv.hpp **** 
  77:src/../h/riscv.hpp ****     // read register sstatus
  78:src/../h/riscv.hpp ****     static uint64 r_sstatus();
  79:src/../h/riscv.hpp **** 
  80:src/../h/riscv.hpp ****     // write register sstatus
  81:src/../h/riscv.hpp ****     static void w_sstatus(uint64 sstatus);
  82:src/../h/riscv.hpp **** 
  83:src/../h/riscv.hpp ****     // supervisor trap
  84:src/../h/riscv.hpp ****     static void supervisorTrap();
  85:src/../h/riscv.hpp **** 
  86:src/../h/riscv.hpp **** private:
  87:src/../h/riscv.hpp **** 
  88:src/../h/riscv.hpp ****     // supervisor trap handler
  89:src/../h/riscv.hpp ****     static void handleSupervisorTrap();
  90:src/../h/riscv.hpp **** 
  91:src/../h/riscv.hpp ****     static void handleConsoleInterrupt();
  92:src/../h/riscv.hpp **** 
  93:src/../h/riscv.hpp ****     static void handleTimerInterrupt();
  94:src/../h/riscv.hpp **** 
  95:src/../h/riscv.hpp **** };
  96:src/../h/riscv.hpp **** 
  97:src/../h/riscv.hpp **** inline uint64 Riscv::r_scause()
  98:src/../h/riscv.hpp **** {
  99:src/../h/riscv.hpp ****     uint64 volatile scause;
 100:src/../h/riscv.hpp ****     __asm__ volatile ("csrr %[scause], scause" : [scause] "=r"(scause));
 101:src/../h/riscv.hpp ****     return scause;
 102:src/../h/riscv.hpp **** }
 103:src/../h/riscv.hpp **** 
 104:src/../h/riscv.hpp **** inline void Riscv::w_scause(uint64 scause)
 105:src/../h/riscv.hpp **** {
 106:src/../h/riscv.hpp ****     __asm__ volatile ("csrw scause, %[scause]" : : [scause] "r"(scause));
 107:src/../h/riscv.hpp **** }
 108:src/../h/riscv.hpp **** 
 109:src/../h/riscv.hpp **** inline uint64 Riscv::r_sepc()
 110:src/../h/riscv.hpp **** {
 111:src/../h/riscv.hpp ****     uint64 volatile sepc;
 112:src/../h/riscv.hpp ****     __asm__ volatile ("csrr %[sepc], sepc" : [sepc] "=r"(sepc));
 113:src/../h/riscv.hpp ****     return sepc;
 114:src/../h/riscv.hpp **** }
 115:src/../h/riscv.hpp **** 
 116:src/../h/riscv.hpp **** inline void Riscv::w_sepc(uint64 sepc)
 117:src/../h/riscv.hpp **** {
 118:src/../h/riscv.hpp ****     __asm__ volatile ("csrw sepc, %[sepc]" : : [sepc] "r"(sepc));
 119:src/../h/riscv.hpp **** }
 120:src/../h/riscv.hpp **** 
 121:src/../h/riscv.hpp **** inline uint64 Riscv::r_stvec()
 122:src/../h/riscv.hpp **** {
 123:src/../h/riscv.hpp ****     uint64 volatile stvec;
 124:src/../h/riscv.hpp ****     __asm__ volatile ("csrr %[stvec], stvec" : [stvec] "=r"(stvec));
 125:src/../h/riscv.hpp ****     return stvec;
 126:src/../h/riscv.hpp **** }
 127:src/../h/riscv.hpp **** 
 128:src/../h/riscv.hpp **** inline void Riscv::w_stvec(uint64 stvec)
 129:src/../h/riscv.hpp **** {
 130:src/../h/riscv.hpp ****     __asm__ volatile ("csrw stvec, %[stvec]" : : [stvec] "r"(stvec));
GAS LISTING /tmp/cchxcIUf.s 			page 4


 131:src/../h/riscv.hpp **** }
 132:src/../h/riscv.hpp **** 
 133:src/../h/riscv.hpp **** inline uint64 Riscv::r_stval()
 134:src/../h/riscv.hpp **** {
 135:src/../h/riscv.hpp ****     uint64 volatile stval;
 136:src/../h/riscv.hpp ****     __asm__ volatile ("csrr %[stval], stval" : [stval] "=r"(stval));
 137:src/../h/riscv.hpp ****     return stval;
 138:src/../h/riscv.hpp **** }
 139:src/../h/riscv.hpp **** 
 140:src/../h/riscv.hpp **** inline void Riscv::w_stval(uint64 stval)
 141:src/../h/riscv.hpp **** {
 142:src/../h/riscv.hpp ****     __asm__ volatile ("csrw stval, %[stval]" : : [stval] "r"(stval));
 143:src/../h/riscv.hpp **** }
 144:src/../h/riscv.hpp **** 
 145:src/../h/riscv.hpp **** inline void Riscv::ms_sip(uint64 mask)
 146:src/../h/riscv.hpp **** {
 147:src/../h/riscv.hpp ****     __asm__ volatile ("csrs sip, %[mask]" : : [mask] "r"(mask));
 148:src/../h/riscv.hpp **** }
 149:src/../h/riscv.hpp **** 
 150:src/../h/riscv.hpp **** inline void Riscv::mc_sip(uint64 mask)
 151:src/../h/riscv.hpp **** {
 152:src/../h/riscv.hpp ****     __asm__ volatile ("csrc sip, %[mask]" : : [mask] "r"(mask));
 153:src/../h/riscv.hpp **** }
 154:src/../h/riscv.hpp **** 
 155:src/../h/riscv.hpp **** inline uint64 Riscv::r_sip()
 156:src/../h/riscv.hpp **** {
 157:src/../h/riscv.hpp ****     uint64 volatile sip;
 158:src/../h/riscv.hpp ****     __asm__ volatile ("csrr %[sip], sip" : [sip] "=r"(sip));
 159:src/../h/riscv.hpp ****     return sip;
 160:src/../h/riscv.hpp **** }
 161:src/../h/riscv.hpp **** 
 162:src/../h/riscv.hpp **** inline void Riscv::w_sip(uint64 sip)
 163:src/../h/riscv.hpp **** {
 164:src/../h/riscv.hpp ****     __asm__ volatile ("csrw sip, %[sip]" : : [sip] "r"(sip));
 165:src/../h/riscv.hpp **** }
 166:src/../h/riscv.hpp **** 
 167:src/../h/riscv.hpp **** inline void Riscv::ms_sstatus(uint64 mask)
 168:src/../h/riscv.hpp **** {
 169:src/../h/riscv.hpp ****     __asm__ volatile ("csrs sstatus, %[mask]" : : [mask] "r"(mask));
 170:src/../h/riscv.hpp **** }
 171:src/../h/riscv.hpp **** 
 172:src/../h/riscv.hpp **** inline void Riscv::mc_sstatus(uint64 mask)
 173:src/../h/riscv.hpp **** {
 174:src/../h/riscv.hpp ****     __asm__ volatile ("csrc sstatus, %[mask]" : : [mask] "r"(mask));
 175:src/../h/riscv.hpp **** }
 176:src/../h/riscv.hpp **** 
 177:src/../h/riscv.hpp **** inline uint64 Riscv::r_sstatus()
 178:src/../h/riscv.hpp **** {
 179:src/../h/riscv.hpp ****     uint64 volatile sstatus;
  32              		.loc 2 179 5
 180:src/../h/riscv.hpp ****     __asm__ volatile ("csrr %[sstatus], sstatus" : [sstatus] "=r"(sstatus));
  33              		.loc 2 180 5
  34              		.loc 2 180 76 is_stmt 0
  35              	#APP
  36              	# 180 "src/../h/riscv.hpp" 1
 181              	    return sstatus;
  37              		csrr a5, sstatus
GAS LISTING /tmp/cchxcIUf.s 			page 5


  38              	# 0 "" 2
  39              	#NO_APP
  40 0020 233CF4FC 		sd	a5,-40(s0)
  41              		.loc 2 181 5 is_stmt 1
  42              		.loc 2 181 12 is_stmt 0
  43 0024 033984FD 		ld	s2,-40(s0)
  44              	.LVL1:
  45              	.LBE15:
  46              	.LBE14:
  12:src/print.cpp ****     Riscv::mc_sstatus(Riscv::SSTATUS_SIE);
  47              		.loc 1 12 5 is_stmt 1
  48              	.LBB16:
  49              	.LBB17:
 174:src/../h/riscv.hpp **** }
  50              		.loc 2 174 5
 174:src/../h/riscv.hpp **** }
  51              		.loc 2 174 68 is_stmt 0
  52 0028 93072000 		li	a5,2
  53              	#APP
  54              	# 174 "src/../h/riscv.hpp" 1
  55              		csrc sstatus, a5
  56              	# 0 "" 2
  57              	.LVL2:
  58              	#NO_APP
  59              	.L3:
  60              	.LBE17:
  61              	.LBE16:
  13:src/print.cpp ****     while (*string != '\0')
  62              		.loc 1 13 5 is_stmt 1
  63              		.loc 1 13 20
  64              		.loc 1 13 12 is_stmt 0
  65 0030 03C50400 		lbu	a0,0(s1)
  66              		.loc 1 13 20
  67 0034 630A0500 		beqz	a0,.L2
  14:src/print.cpp ****     {
  15:src/print.cpp ****         __putc(*string);
  68              		.loc 1 15 9 is_stmt 1
  69              		.loc 1 15 15 is_stmt 0
  70 0038 97000000 		call	__putc@plt
  70      E7800000 
  71              	.LVL3:
  16:src/print.cpp ****         string++;
  72              		.loc 1 16 9 is_stmt 1
  73              		.loc 1 16 15 is_stmt 0
  74 0040 93841400 		addi	s1,s1,1
  75              	.LVL4:
  13:src/print.cpp ****     while (*string != '\0')
  76              		.loc 1 13 5
  77 0044 6FF0DFFE 		j	.L3
  78              	.L2:
  17:src/print.cpp ****     }
  18:src/print.cpp ****     Riscv::ms_sstatus(sstatus & Riscv::SSTATUS_SIE ? Riscv::SSTATUS_SIE : 0);
  79              		.loc 1 18 5 is_stmt 1
  80              		.loc 1 18 52 is_stmt 0
  81 0048 1B090900 		sext.w	s2,s2
  82              	.LVL5:
  83              		.loc 1 18 22
GAS LISTING /tmp/cchxcIUf.s 			page 6


  84 004c 13792900 		andi	s2,s2,2
  85 0050 1B090900 		sext.w	s2,s2
  86              	.LVL6:
  87              	.LBB18:
  88              	.LBB19:
 169:src/../h/riscv.hpp **** }
  89              		.loc 2 169 5 is_stmt 1
 169:src/../h/riscv.hpp **** }
  90              		.loc 2 169 68 is_stmt 0
  91              	#APP
  92              	# 169 "src/../h/riscv.hpp" 1
  93              		csrs sstatus, s2
  94              	# 0 "" 2
  95              	.LVL7:
  96              	#NO_APP
  97              	.LBE19:
  98              	.LBE18:
  19:src/print.cpp **** }
  99              		.loc 1 19 1
 100 0058 83308102 		ld	ra,40(sp)
 101              		.cfi_restore 1
 102 005c 03340102 		ld	s0,32(sp)
 103              		.cfi_restore 8
 104              		.cfi_def_cfa 2, 48
 105 0060 83348101 		ld	s1,24(sp)
 106              		.cfi_restore 9
 107              	.LVL8:
 108 0064 03390101 		ld	s2,16(sp)
 109              		.cfi_restore 18
 110 0068 13010103 		addi	sp,sp,48
 111              		.cfi_def_cfa_offset 0
 112 006c 67800000 		jr	ra
 113              		.cfi_endproc
 114              	.LFE18:
 116              		.align	2
 117              		.globl	_Z12printIntegerm
 119              	_Z12printIntegerm:
 120              	.LFB19:
  20:src/print.cpp **** 
  21:src/print.cpp **** void printInteger(uint64 integer)
  22:src/print.cpp **** {
 121              		.loc 1 22 1 is_stmt 1
 122              		.cfi_startproc
 123              	.LVL9:
 124 0070 130101FC 		addi	sp,sp,-64
 125              		.cfi_def_cfa_offset 64
 126 0074 233C1102 		sd	ra,56(sp)
 127 0078 23388102 		sd	s0,48(sp)
 128 007c 23349102 		sd	s1,40(sp)
 129 0080 23302103 		sd	s2,32(sp)
 130              		.cfi_offset 1, -8
 131              		.cfi_offset 8, -16
 132              		.cfi_offset 9, -24
 133              		.cfi_offset 18, -32
 134 0084 13040104 		addi	s0,sp,64
 135              		.cfi_def_cfa 8, 0
  23:src/print.cpp ****     uint64 sstatus = Riscv::r_sstatus();
GAS LISTING /tmp/cchxcIUf.s 			page 7


 136              		.loc 1 23 5
 137              	.LBB20:
 138              	.LBB21:
 179:src/../h/riscv.hpp ****     __asm__ volatile ("csrr %[sstatus], sstatus" : [sstatus] "=r"(sstatus));
 139              		.loc 2 179 5
 180:src/../h/riscv.hpp ****     return sstatus;
 140              		.loc 2 180 5
 180:src/../h/riscv.hpp ****     return sstatus;
 141              		.loc 2 180 76 is_stmt 0
 142              	#APP
 143              	# 180 "src/../h/riscv.hpp" 1
 144              		csrr a5, sstatus
 145              	# 0 "" 2
 146              	#NO_APP
 147 008c 2334F4FC 		sd	a5,-56(s0)
 148              		.loc 2 181 5 is_stmt 1
 149              		.loc 2 181 12 is_stmt 0
 150 0090 033984FC 		ld	s2,-56(s0)
 151              	.LVL10:
 152              	.LBE21:
 153              	.LBE20:
  24:src/print.cpp ****     Riscv::mc_sstatus(Riscv::SSTATUS_SIE);
 154              		.loc 1 24 5 is_stmt 1
 155              	.LBB22:
 156              	.LBB23:
 174:src/../h/riscv.hpp **** }
 157              		.loc 2 174 5
 174:src/../h/riscv.hpp **** }
 158              		.loc 2 174 68 is_stmt 0
 159 0094 93072000 		li	a5,2
 160              	#APP
 161              	# 174 "src/../h/riscv.hpp" 1
 162              		csrc sstatus, a5
 163              	# 0 "" 2
 164              	.LVL11:
 165              	#NO_APP
 166              	.LBE23:
 167              	.LBE22:
  25:src/print.cpp ****     static char digits[] = "0123456789";
 168              		.loc 1 25 5 is_stmt 1
  26:src/print.cpp ****     char buf[16];
 169              		.loc 1 26 5
  27:src/print.cpp ****     int i, neg;
 170              		.loc 1 27 5
  28:src/print.cpp ****     uint x;
 171              		.loc 1 28 5
  29:src/print.cpp **** 
  30:src/print.cpp ****     neg = 0;
 172              		.loc 1 30 5
  31:src/print.cpp ****     if (integer < 0)
 173              		.loc 1 31 5
  32:src/print.cpp ****     {
  33:src/print.cpp ****         neg = 1;
  34:src/print.cpp ****         x = -integer;
  35:src/print.cpp ****     } else
  36:src/print.cpp ****     {
  37:src/print.cpp ****         x = integer;
GAS LISTING /tmp/cchxcIUf.s 			page 8


 174              		.loc 1 37 9
 175              		.loc 1 37 11 is_stmt 0
 176 009c 1B050500 		sext.w	a0,a0
 177              	.LVL12:
  38:src/print.cpp ****     }
  39:src/print.cpp **** 
  40:src/print.cpp ****     i = 0;
 178              		.loc 1 40 5 is_stmt 1
 179              		.loc 1 40 7 is_stmt 0
 180 00a0 93040000 		li	s1,0
 181              	.LVL13:
 182              	.L6:
  41:src/print.cpp ****     do
 183              		.loc 1 41 5 is_stmt 1
  42:src/print.cpp ****     {
  43:src/print.cpp ****         buf[i++] = digits[x % 10];
 184              		.loc 1 43 9
 185              		.loc 1 43 29 is_stmt 0
 186 00a4 1306A000 		li	a2,10
 187 00a8 3B77C502 		remuw	a4,a0,a2
 188              	.LVL14:
 189              		.loc 1 43 33
 190 00ac 93160702 		slli	a3,a4,32
 191 00b0 93D60602 		srli	a3,a3,32
 192 00b4 17070000 		lla	a4,.LANCHOR0
 192      13070700 
 193 00bc 3307D700 		add	a4,a4,a3
 194 00c0 03470700 		lbu	a4,0(a4)
 195              		.loc 1 43 18
 196 00c4 930604FE 		addi	a3,s0,-32
 197 00c8 B3879600 		add	a5,a3,s1
 198 00cc 9B841400 		addiw	s1,s1,1
 199              	.LVL15:
 200 00d0 2388E7FE 		sb	a4,-16(a5)
  44:src/print.cpp ****     } while ((x /= 10) != 0);
 201              		.loc 1 44 24 is_stmt 1
 202 00d4 1B070500 		sext.w	a4,a0
 203              		.loc 1 44 17 is_stmt 0
 204 00d8 3B55C502 		divuw	a0,a0,a2
 205              	.LVL16:
 206              		.loc 1 44 24
 207 00dc 93079000 		li	a5,9
 208 00e0 E3E2E7FC 		bgtu	a4,a5,.L6
 209              	.LVL17:
 210              	.L8:
  45:src/print.cpp ****     if (neg)
  46:src/print.cpp ****         buf[i++] = '-';
  47:src/print.cpp **** 
  48:src/print.cpp ****     while (--i >= 0) { __putc(buf[i]); }
 211              		.loc 1 48 5 is_stmt 1
 212              		.loc 1 48 16
 213 00e4 9B84F4FF 		addiw	s1,s1,-1
 214              	.LVL18:
 215 00e8 63CE0400 		bltz	s1,.L7
 216              		.loc 1 48 24 discriminator 1
 217              		.loc 1 48 30 is_stmt 0 discriminator 1
 218 00ec 930704FE 		addi	a5,s0,-32
GAS LISTING /tmp/cchxcIUf.s 			page 9


 219 00f0 B3879700 		add	a5,a5,s1
 220 00f4 03C507FF 		lbu	a0,-16(a5)
 221 00f8 97000000 		call	__putc@plt
 221      E7800000 
 222              	.LVL19:
 223 0100 6FF05FFE 		j	.L8
 224              	.L7:
  49:src/print.cpp ****     Riscv::ms_sstatus(sstatus & Riscv::SSTATUS_SIE ? Riscv::SSTATUS_SIE : 0);
 225              		.loc 1 49 5 is_stmt 1
 226              		.loc 1 49 52 is_stmt 0
 227 0104 1B090900 		sext.w	s2,s2
 228              	.LVL20:
 229              		.loc 1 49 22
 230 0108 13792900 		andi	s2,s2,2
 231 010c 1B090900 		sext.w	s2,s2
 232              	.LVL21:
 233              	.LBB24:
 234              	.LBB25:
 169:src/../h/riscv.hpp **** }
 235              		.loc 2 169 5 is_stmt 1
 169:src/../h/riscv.hpp **** }
 236              		.loc 2 169 68 is_stmt 0
 237              	#APP
 238              	# 169 "src/../h/riscv.hpp" 1
 239              		csrs sstatus, s2
 240              	# 0 "" 2
 241              	.LVL22:
 242              	#NO_APP
 243              	.LBE25:
 244              	.LBE24:
  50:src/print.cpp **** }...
 245              		.loc 1 50 1
 246 0114 83308103 		ld	ra,56(sp)
 247              		.cfi_restore 1
 248 0118 03340103 		ld	s0,48(sp)
 249              		.cfi_restore 8
 250              		.cfi_def_cfa 2, 64
 251 011c 83348102 		ld	s1,40(sp)
 252              		.cfi_restore 9
 253 0120 03390102 		ld	s2,32(sp)
 254              		.cfi_restore 18
 255 0124 13010104 		addi	sp,sp,64
 256              		.cfi_def_cfa_offset 0
 257 0128 67800000 		jr	ra
 258              		.cfi_endproc
 259              	.LFE19:
 261              		.section	.rodata
 262              		.align	3
 263              		.set	.LANCHOR0,. + 0
 266              	_ZZ12printIntegermE6digits:
 267 0000 30313233 		.string	"0123456789"
 267      34353637 
 267      383900
 268              		.text
 269              	.Letext0:
 270              		.file 3 "src/../h/../lib/hw.h"
 271              		.file 4 "src/../lib/console.h"
GAS LISTING /tmp/cchxcIUf.s 			page 10


GAS LISTING /tmp/cchxcIUf.s 			page 11


DEFINED SYMBOLS
                            *ABS*:0000000000000000 print.cpp
     /tmp/cchxcIUf.s:9      .text:0000000000000000 _Z8printStrPKc
     /tmp/cchxcIUf.s:13     .text:0000000000000000 .L0 
     /tmp/cchxcIUf.s:15     .text:0000000000000000 .L0 
     /tmp/cchxcIUf.s:16     .text:0000000000000004 .L0 
     /tmp/cchxcIUf.s:21     .text:0000000000000014 .L0 
     /tmp/cchxcIUf.s:22     .text:0000000000000014 .L0 
     /tmp/cchxcIUf.s:23     .text:0000000000000014 .L0 
     /tmp/cchxcIUf.s:24     .text:0000000000000014 .L0 
     /tmp/cchxcIUf.s:26     .text:0000000000000018 .L0 
     /tmp/cchxcIUf.s:32     .text:000000000000001c .L0 
     /tmp/cchxcIUf.s:33     .text:000000000000001c .L0 
     /tmp/cchxcIUf.s:34     .text:000000000000001c .L0 
  src/../h/riscv.hpp:180    .text:000000000000001c .L0 
     /tmp/cchxcIUf.s:42     .text:0000000000000024 .L0 
     /tmp/cchxcIUf.s:43     .text:0000000000000024 .L0 
     /tmp/cchxcIUf.s:50     .text:0000000000000028 .L0 
     /tmp/cchxcIUf.s:51     .text:0000000000000028 .L0 
     /tmp/cchxcIUf.s:52     .text:0000000000000028 .L0 
     /tmp/cchxcIUf.s:63     .text:0000000000000030 .L0 
     /tmp/cchxcIUf.s:64     .text:0000000000000030 .L0 
     /tmp/cchxcIUf.s:65     .text:0000000000000030 .L0 
     /tmp/cchxcIUf.s:67     .text:0000000000000034 .L0 
     /tmp/cchxcIUf.s:69     .text:0000000000000038 .L0 
     /tmp/cchxcIUf.s:70     .text:0000000000000038 .L0 
     /tmp/cchxcIUf.s:73     .text:0000000000000040 .L0 
     /tmp/cchxcIUf.s:74     .text:0000000000000040 .L0 
     /tmp/cchxcIUf.s:77     .text:0000000000000044 .L0 
     /tmp/cchxcIUf.s:80     .text:0000000000000048 .L0 
     /tmp/cchxcIUf.s:81     .text:0000000000000048 .L0 
     /tmp/cchxcIUf.s:84     .text:000000000000004c .L0 
     /tmp/cchxcIUf.s:90     .text:0000000000000054 .L0 
  src/../h/riscv.hpp:169    .text:0000000000000054 .L0 
     /tmp/cchxcIUf.s:100    .text:0000000000000058 .L0 
     /tmp/cchxcIUf.s:101    .text:000000000000005c .L0 
     /tmp/cchxcIUf.s:103    .text:0000000000000060 .L0 
     /tmp/cchxcIUf.s:104    .text:0000000000000060 .L0 
     /tmp/cchxcIUf.s:106    .text:0000000000000064 .L0 
     /tmp/cchxcIUf.s:109    .text:0000000000000068 .L0 
     /tmp/cchxcIUf.s:111    .text:000000000000006c .L0 
     /tmp/cchxcIUf.s:113    .text:0000000000000070 .L0 
     /tmp/cchxcIUf.s:119    .text:0000000000000070 _Z12printIntegerm
     /tmp/cchxcIUf.s:122    .text:0000000000000070 .L0 
     /tmp/cchxcIUf.s:124    .text:0000000000000070 .L0 
     /tmp/cchxcIUf.s:125    .text:0000000000000074 .L0 
     /tmp/cchxcIUf.s:130    .text:0000000000000084 .L0 
     /tmp/cchxcIUf.s:131    .text:0000000000000084 .L0 
     /tmp/cchxcIUf.s:132    .text:0000000000000084 .L0 
     /tmp/cchxcIUf.s:133    .text:0000000000000084 .L0 
     /tmp/cchxcIUf.s:135    .text:0000000000000088 .L0 
     /tmp/cchxcIUf.s:139    .text:0000000000000088 .L0 
     /tmp/cchxcIUf.s:140    .text:0000000000000088 .L0 
     /tmp/cchxcIUf.s:141    .text:0000000000000088 .L0 
  src/../h/riscv.hpp:180    .text:0000000000000088 .L0 
     /tmp/cchxcIUf.s:149    .text:0000000000000090 .L0 
     /tmp/cchxcIUf.s:150    .text:0000000000000090 .L0 
GAS LISTING /tmp/cchxcIUf.s 			page 12


     /tmp/cchxcIUf.s:157    .text:0000000000000094 .L0 
     /tmp/cchxcIUf.s:158    .text:0000000000000094 .L0 
     /tmp/cchxcIUf.s:159    .text:0000000000000094 .L0 
     /tmp/cchxcIUf.s:169    .text:000000000000009c .L0 
     /tmp/cchxcIUf.s:170    .text:000000000000009c .L0 
     /tmp/cchxcIUf.s:171    .text:000000000000009c .L0 
     /tmp/cchxcIUf.s:172    .text:000000000000009c .L0 
     /tmp/cchxcIUf.s:173    .text:000000000000009c .L0 
     /tmp/cchxcIUf.s:174    .text:000000000000009c .L0 
     /tmp/cchxcIUf.s:175    .text:000000000000009c .L0 
     /tmp/cchxcIUf.s:176    .text:000000000000009c .L0 
     /tmp/cchxcIUf.s:179    .text:00000000000000a0 .L0 
     /tmp/cchxcIUf.s:180    .text:00000000000000a0 .L0 
     /tmp/cchxcIUf.s:184    .text:00000000000000a4 .L0 
     /tmp/cchxcIUf.s:185    .text:00000000000000a4 .L0 
     /tmp/cchxcIUf.s:186    .text:00000000000000a4 .L0 
     /tmp/cchxcIUf.s:190    .text:00000000000000ac .L0 
     /tmp/cchxcIUf.s:196    .text:00000000000000c4 .L0 
     /tmp/cchxcIUf.s:202    .text:00000000000000d4 .L0 
     /tmp/cchxcIUf.s:204    .text:00000000000000d8 .L0 
     /tmp/cchxcIUf.s:207    .text:00000000000000dc .L0 
     /tmp/cchxcIUf.s:212    .text:00000000000000e4 .L0 
     /tmp/cchxcIUf.s:213    .text:00000000000000e4 .L0 
     /tmp/cchxcIUf.s:217    .text:00000000000000ec .L0 
     /tmp/cchxcIUf.s:218    .text:00000000000000ec .L0 
     /tmp/cchxcIUf.s:226    .text:0000000000000104 .L0 
     /tmp/cchxcIUf.s:227    .text:0000000000000104 .L0 
     /tmp/cchxcIUf.s:230    .text:0000000000000108 .L0 
     /tmp/cchxcIUf.s:236    .text:0000000000000110 .L0 
  src/../h/riscv.hpp:169    .text:0000000000000110 .L0 
     /tmp/cchxcIUf.s:246    .text:0000000000000114 .L0 
     /tmp/cchxcIUf.s:247    .text:0000000000000118 .L0 
     /tmp/cchxcIUf.s:249    .text:000000000000011c .L0 
     /tmp/cchxcIUf.s:250    .text:000000000000011c .L0 
     /tmp/cchxcIUf.s:252    .text:0000000000000120 .L0 
     /tmp/cchxcIUf.s:254    .text:0000000000000124 .L0 
     /tmp/cchxcIUf.s:256    .text:0000000000000128 .L0 
     /tmp/cchxcIUf.s:258    .text:000000000000012c .L0 
     /tmp/cchxcIUf.s:263    .rodata:0000000000000000 .LANCHOR0
     /tmp/cchxcIUf.s:266    .rodata:0000000000000000 _ZZ12printIntegermE6digits
     /tmp/cchxcIUf.s:272    .text:000000000000012c .L0 
     /tmp/cchxcIUf.s:192    .text:00000000000000b4 .L0 
     /tmp/cchxcIUf.s:78     .text:0000000000000048 .L2
     /tmp/cchxcIUf.s:59     .text:0000000000000030 .L3
     /tmp/cchxcIUf.s:182    .text:00000000000000a4 .L6
     /tmp/cchxcIUf.s:224    .text:0000000000000104 .L7
     /tmp/cchxcIUf.s:210    .text:00000000000000e4 .L8
     /tmp/cchxcIUf.s:901    .debug_abbrev:0000000000000000 .Ldebug_abbrev0
     /tmp/cchxcIUf.s:1734   .debug_str:00000000000003f2 .LASF77
     /tmp/cchxcIUf.s:1750   .debug_str:000000000000053a .LASF78
     /tmp/cchxcIUf.s:1746   .debug_str:0000000000000509 .LASF79
     /tmp/cchxcIUf.s:5      .text:0000000000000000 .Ltext0
     /tmp/cchxcIUf.s:269    .text:000000000000012c .Letext0
     /tmp/cchxcIUf.s:1594   .debug_line:0000000000000000 .Ldebug_line0
     /tmp/cchxcIUf.s:1684   .debug_str:000000000000026f .LASF0
     /tmp/cchxcIUf.s:1624   .debug_str:00000000000000c3 .LASF3
     /tmp/cchxcIUf.s:1690   .debug_str:0000000000000289 .LASF1
GAS LISTING /tmp/cchxcIUf.s 			page 13


     /tmp/cchxcIUf.s:1676   .debug_str:0000000000000233 .LASF2
     /tmp/cchxcIUf.s:1664   .debug_str:00000000000001e2 .LASF4
     /tmp/cchxcIUf.s:1714   .debug_str:0000000000000355 .LASF5
     /tmp/cchxcIUf.s:1610   .debug_str:000000000000005a .LASF6
     /tmp/cchxcIUf.s:1694   .debug_str:00000000000002b1 .LASF7
     /tmp/cchxcIUf.s:1682   .debug_str:000000000000025c .LASF8
     /tmp/cchxcIUf.s:1740   .debug_str:00000000000004d7 .LASF9
     /tmp/cchxcIUf.s:1652   .debug_str:0000000000000188 .LASF10
     /tmp/cchxcIUf.s:1700   .debug_str:00000000000002eb .LASF11
     /tmp/cchxcIUf.s:1736   .debug_str:00000000000004b6 .LASF12
     /tmp/cchxcIUf.s:1614   .debug_str:000000000000006d .LASF13
     /tmp/cchxcIUf.s:1598   .debug_str:0000000000000008 .LASF14
     /tmp/cchxcIUf.s:1622   .debug_str:00000000000000b7 .LASF15
     /tmp/cchxcIUf.s:1710   .debug_str:0000000000000327 .LASF16
     /tmp/cchxcIUf.s:1628   .debug_str:00000000000000d4 .LASF17
     /tmp/cchxcIUf.s:1688   .debug_str:0000000000000283 .LASF80
     /tmp/cchxcIUf.s:1632   .debug_str:00000000000000fe .LASF81
     /tmp/cchxcIUf.s:1626   .debug_str:00000000000000c8 .LASF18
     /tmp/cchxcIUf.s:1672   .debug_str:000000000000021d .LASF19
     /tmp/cchxcIUf.s:1612   .debug_str:0000000000000061 .LASF20
     /tmp/cchxcIUf.s:1706   .debug_str:0000000000000315 .LASF57
     /tmp/cchxcIUf.s:1752   .debug_str:0000000000000548 .LASF59
     /tmp/cchxcIUf.s:1600   .debug_str:0000000000000018 .LASF21
     /tmp/cchxcIUf.s:1722   .debug_str:0000000000000394 .LASF23
     /tmp/cchxcIUf.s:1636   .debug_str:0000000000000122 .LASF25
     /tmp/cchxcIUf.s:1634   .debug_str:000000000000010d .LASF27
     /tmp/cchxcIUf.s:1716   .debug_str:0000000000000367 .LASF22
     /tmp/cchxcIUf.s:1702   .debug_str:00000000000002fa .LASF24
     /tmp/cchxcIUf.s:1732   .debug_str:00000000000003eb .LASF26
     /tmp/cchxcIUf.s:1726   .debug_str:00000000000003c1 .LASF28
     /tmp/cchxcIUf.s:1648   .debug_str:000000000000017a .LASF29
     /tmp/cchxcIUf.s:1630   .debug_str:00000000000000ea .LASF30
     /tmp/cchxcIUf.s:1596   .debug_str:0000000000000000 .LASF31
     /tmp/cchxcIUf.s:1658   .debug_str:00000000000001b1 .LASF32
     /tmp/cchxcIUf.s:1640   .debug_str:000000000000013c .LASF33
     /tmp/cchxcIUf.s:1616   .debug_str:000000000000007d .LASF34
     /tmp/cchxcIUf.s:1756   .debug_str:000000000000056b .LASF35
     /tmp/cchxcIUf.s:1642   .debug_str:0000000000000144 .LASF36
     /tmp/cchxcIUf.s:1686   .debug_str:000000000000027c .LASF37
     /tmp/cchxcIUf.s:1748   .debug_str:0000000000000527 .LASF38
     /tmp/cchxcIUf.s:1608   .debug_str:0000000000000053 .LASF39
     /tmp/cchxcIUf.s:1646   .debug_str:0000000000000167 .LASF40
     /tmp/cchxcIUf.s:1650   .debug_str:0000000000000182 .LASF41
     /tmp/cchxcIUf.s:1730   .debug_str:00000000000003d9 .LASF42
     /tmp/cchxcIUf.s:1604   .debug_str:0000000000000045 .LASF43
     /tmp/cchxcIUf.s:1760   .debug_str:0000000000000578 .LASF44
     /tmp/cchxcIUf.s:1728   .debug_str:00000000000003d4 .LASF45
     /tmp/cchxcIUf.s:1638   .debug_str:000000000000012b .LASF46
     /tmp/cchxcIUf.s:1654   .debug_str:0000000000000196 .LASF47
     /tmp/cchxcIUf.s:1680   .debug_str:000000000000024b .LASF48
     /tmp/cchxcIUf.s:1754   .debug_str:0000000000000560 .LASF49
     /tmp/cchxcIUf.s:1712   .debug_str:000000000000033d .LASF50
     /tmp/cchxcIUf.s:1666   .debug_str:00000000000001e9 .LASF51
     /tmp/cchxcIUf.s:1724   .debug_str:00000000000003a9 .LASF52
     /tmp/cchxcIUf.s:1620   .debug_str:00000000000000ad .LASF53
     /tmp/cchxcIUf.s:1660   .debug_str:00000000000001c5 .LASF54
     /tmp/cchxcIUf.s:1678   .debug_str:0000000000000241 .LASF55
GAS LISTING /tmp/cchxcIUf.s 			page 14


     /tmp/cchxcIUf.s:1656   .debug_str:000000000000019b .LASF56
     /tmp/cchxcIUf.s:1718   .debug_str:000000000000036e .LASF58
     /tmp/cchxcIUf.s:1618   .debug_str:0000000000000091 .LASF60
     /tmp/cchxcIUf.s:1742   .debug_str:00000000000004e7 .LASF61
     /tmp/cchxcIUf.s:1670   .debug_str:00000000000001fb .LASF63
     /tmp/cchxcIUf.s:1720   .debug_str:000000000000037d .LASF62
     /tmp/cchxcIUf.s:1602   .debug_str:0000000000000021 .LASF64
     /tmp/cchxcIUf.s:1692   .debug_str:000000000000029c .LASF65
     /tmp/cchxcIUf.s:1698   .debug_str:00000000000002c9 .LASF66
     /tmp/cchxcIUf.s:1744   .debug_str:00000000000004fc .LASF70
     /tmp/cchxcIUf.s:1738   .debug_str:00000000000004c5 .LASF72
     /tmp/cchxcIUf.s:120    .text:0000000000000070 .LFB19
     /tmp/cchxcIUf.s:259    .text:000000000000012c .LFE19
     /tmp/cchxcIUf.s:1606   .debug_str:000000000000004b .LASF74
     /tmp/cchxcIUf.s:1468   .debug_loc:0000000000000000 .LLST4
     /tmp/cchxcIUf.s:1704   .debug_str:000000000000030d .LASF67
     /tmp/cchxcIUf.s:1482   .debug_loc:0000000000000039 .LLST5
     /tmp/cchxcIUf.s:1668   .debug_str:00000000000001f4 .LASF68
     /tmp/cchxcIUf.s:1489   .debug_loc:000000000000005c .LLST6
     /tmp/cchxcIUf.s:1511   .debug_loc:00000000000000bb .LLST7
     /tmp/cchxcIUf.s:137    .text:0000000000000088 .LBB20
     /tmp/cchxcIUf.s:153    .text:0000000000000094 .LBE20
     /tmp/cchxcIUf.s:155    .text:0000000000000094 .LBB22
     /tmp/cchxcIUf.s:167    .text:000000000000009c .LBE22
     /tmp/cchxcIUf.s:1533   .debug_loc:00000000000000fc .LLST8
     /tmp/cchxcIUf.s:233    .text:0000000000000110 .LBB24
     /tmp/cchxcIUf.s:244    .text:0000000000000114 .LBE24
     /tmp/cchxcIUf.s:1541   .debug_loc:0000000000000120 .LLST9
     /tmp/cchxcIUf.s:222    .text:0000000000000100 .LVL19
     /tmp/cchxcIUf.s:1696   .debug_str:00000000000002c4 .LASF69
     /tmp/cchxcIUf.s:1674   .debug_str:000000000000022a .LASF71
     /tmp/cchxcIUf.s:1644   .debug_str:0000000000000158 .LASF73
     /tmp/cchxcIUf.s:10     .text:0000000000000000 .LFB18
     /tmp/cchxcIUf.s:114    .text:0000000000000070 .LFE18
     /tmp/cchxcIUf.s:1662   .debug_str:00000000000001db .LASF75
     /tmp/cchxcIUf.s:1548   .debug_loc:0000000000000143 .LLST0
     /tmp/cchxcIUf.s:1559   .debug_loc:0000000000000179 .LLST1
     /tmp/cchxcIUf.s:29     .text:000000000000001c .LBB14
     /tmp/cchxcIUf.s:46     .text:0000000000000028 .LBE14
     /tmp/cchxcIUf.s:48     .text:0000000000000028 .LBB16
     /tmp/cchxcIUf.s:61     .text:0000000000000030 .LBE16
     /tmp/cchxcIUf.s:1566   .debug_loc:000000000000019c .LLST2
     /tmp/cchxcIUf.s:87     .text:0000000000000054 .LBB18
     /tmp/cchxcIUf.s:98     .text:0000000000000058 .LBE18
     /tmp/cchxcIUf.s:1574   .debug_loc:00000000000001c0 .LLST3
     /tmp/cchxcIUf.s:71     .text:0000000000000040 .LVL3
     /tmp/cchxcIUf.s:1758   .debug_str:0000000000000573 .LASF76
     /tmp/cchxcIUf.s:1708   .debug_str:0000000000000320 .LASF82
     /tmp/cchxcIUf.s:123    .text:0000000000000070 .LVL9
     /tmp/cchxcIUf.s:177    .text:00000000000000a0 .LVL12
     /tmp/cchxcIUf.s:151    .text:0000000000000094 .LVL10
     /tmp/cchxcIUf.s:228    .text:0000000000000108 .LVL20
     /tmp/cchxcIUf.s:181    .text:00000000000000a4 .LVL13
     /tmp/cchxcIUf.s:188    .text:00000000000000ac .LVL14
     /tmp/cchxcIUf.s:199    .text:00000000000000d0 .LVL15
     /tmp/cchxcIUf.s:209    .text:00000000000000e4 .LVL17
     /tmp/cchxcIUf.s:214    .text:00000000000000e8 .LVL18
GAS LISTING /tmp/cchxcIUf.s 			page 15


     /tmp/cchxcIUf.s:205    .text:00000000000000dc .LVL16
     /tmp/cchxcIUf.s:164    .text:000000000000009c .LVL11
     /tmp/cchxcIUf.s:232    .text:0000000000000110 .LVL21
     /tmp/cchxcIUf.s:241    .text:0000000000000114 .LVL22
     /tmp/cchxcIUf.s:14     .text:0000000000000000 .LVL0
     /tmp/cchxcIUf.s:57     .text:0000000000000030 .LVL2
     /tmp/cchxcIUf.s:107    .text:0000000000000064 .LVL8
     /tmp/cchxcIUf.s:44     .text:0000000000000028 .LVL1
     /tmp/cchxcIUf.s:82     .text:000000000000004c .LVL5
     /tmp/cchxcIUf.s:86     .text:0000000000000054 .LVL6
     /tmp/cchxcIUf.s:95     .text:0000000000000058 .LVL7
     /tmp/cchxcIUf.s:273    .debug_info:0000000000000000 .Ldebug_info0

UNDEFINED SYMBOLS
__putc
