GAS LISTING /tmp/ccHjjMqe.s 			page 1


   1              		.file	"tcb.cpp"
   2              		.option pic
   3              		.option norelax
   4              		.text
   5              	.Ltext0:
   6              		.align	2
   7              		.globl	_ZN3TCB13threadWrapperEv
   9              	_ZN3TCB13threadWrapperEv:
  10              	.LFB55:
  11              		.file 1 "src/tcb.cpp"
   1:src/tcb.cpp   **** //
   2:src/tcb.cpp   **** // Created by marko on 20.4.22..
   3:src/tcb.cpp   **** //
   4:src/tcb.cpp   **** 
   5:src/tcb.cpp   **** #include "../h/tcb.hpp"
   6:src/tcb.cpp   **** #include "../h/riscv.hpp"
   7:src/tcb.cpp   **** #include"../h/print.hpp"
   8:src/tcb.cpp   **** 
   9:src/tcb.cpp   **** TCB *TCB::running = nullptr;
  10:src/tcb.cpp   **** 
  11:src/tcb.cpp   **** uint64 TCB::timeSliceCounter = 0;
  12:src/tcb.cpp   **** 
  13:src/tcb.cpp   **** TCB *TCB::createThread(Body body,void* arg)
  14:src/tcb.cpp   **** {
  15:src/tcb.cpp   **** 
  16:src/tcb.cpp   ****     TCB* newThread= new TCB(body,arg);
  17:src/tcb.cpp   ****     Scheduler::put(newThread);
  18:src/tcb.cpp   ****     return newThread;
  19:src/tcb.cpp   **** }
  20:src/tcb.cpp   **** TCB *TCB::createThreadNoStart(Body body,void* arg){
  21:src/tcb.cpp   ****     TCB* newThread= new TCB(body,arg);
  22:src/tcb.cpp   ****     return newThread;
  23:src/tcb.cpp   **** }
  24:src/tcb.cpp   **** 
  25:src/tcb.cpp   **** void TCB::yield()
  26:src/tcb.cpp   **** {
  27:src/tcb.cpp   ****     __asm__ volatile ("ecall");
  28:src/tcb.cpp   **** }
  29:src/tcb.cpp   **** TCB* TCB::createMainThread() {
  30:src/tcb.cpp   ****     TCB* main = new TCB(nullptr, nullptr);
  31:src/tcb.cpp   ****     return main;
  32:src/tcb.cpp   **** }
  33:src/tcb.cpp   **** 
  34:src/tcb.cpp   **** 
  35:src/tcb.cpp   **** void TCB::dispatch() {
  36:src/tcb.cpp   ****     TCB *old = running;
  37:src/tcb.cpp   ****     if (!old->isFinished() && !old->isBlocked()) {
  38:src/tcb.cpp   ****         Scheduler::put(old);
  39:src/tcb.cpp   ****     }
  40:src/tcb.cpp   ****     running = Scheduler::get();
  41:src/tcb.cpp   ****     if (running == nullptr) {
  42:src/tcb.cpp   ****         running = old;
  43:src/tcb.cpp   ****         return;
  44:src/tcb.cpp   ****     }
  45:src/tcb.cpp   ****     TCB::contextSwitch(&old->context, &running->context);
  46:src/tcb.cpp   **** }
  47:src/tcb.cpp   **** 
GAS LISTING /tmp/ccHjjMqe.s 			page 2


  48:src/tcb.cpp   **** 
  49:src/tcb.cpp   **** void TCB::threadWrapper()
  50:src/tcb.cpp   **** {
  12              		.loc 1 50 1
  13              		.cfi_startproc
  14 0000 130101FE 		addi	sp,sp,-32
  15              		.cfi_def_cfa_offset 32
  16 0004 233C1100 		sd	ra,24(sp)
  17 0008 23388100 		sd	s0,16(sp)
  18 000c 23349100 		sd	s1,8(sp)
  19              		.cfi_offset 1, -8
  20              		.cfi_offset 8, -16
  21              		.cfi_offset 9, -24
  22 0010 13040102 		addi	s0,sp,32
  23              		.cfi_def_cfa 8, 0
  51:src/tcb.cpp   ****     Riscv::popSppSpie();
  24              		.loc 1 51 5
  25              		.loc 1 51 22 is_stmt 0
  26 0014 97000000 		call	_ZN5Riscv10popSppSpieEv@plt
  26      E7800000 
  27              	.LVL0:
  52:src/tcb.cpp   ****     running->body(running->arg);
  28              		.loc 1 52 5 is_stmt 1
  29              		.loc 1 52 14 is_stmt 0
  30 001c 97040000 		lla	s1,.LANCHOR0
  30      93840400 
  31 0024 83B70400 		ld	a5,0(s1)
  32 0028 03B70700 		ld	a4,0(a5)
  33              		.loc 1 52 18
  34 002c 03B58702 		ld	a0,40(a5)
  35 0030 E7000700 		jalr	a4
  36              	.LVL1:
  53:src/tcb.cpp   ****     running->setFinished(true);
  37              		.loc 1 53 5 is_stmt 1
  38              		.loc 1 53 25 is_stmt 0
  39 0034 83B70400 		ld	a5,0(s1)
  40              	.LVL2:
  41              	.LBB23:
  42              	.LBB24:
  43              		.file 2 "src/../h/tcb.hpp"
   1:src/../h/tcb.hpp **** //
   2:src/../h/tcb.hpp **** // Created by marko on 20.4.22..
   3:src/../h/tcb.hpp **** //
   4:src/../h/tcb.hpp **** 
   5:src/../h/tcb.hpp **** #ifndef OS1_VEZBE07_RISCV_CONTEXT_SWITCH_2_INTERRUPT_TCB_HPP
   6:src/../h/tcb.hpp **** #define OS1_VEZBE07_RISCV_CONTEXT_SWITCH_2_INTERRUPT_TCB_HPP
   7:src/../h/tcb.hpp **** 
   8:src/../h/tcb.hpp **** 
   9:src/../h/tcb.hpp **** #include "scheduler.hpp"
  10:src/../h/tcb.hpp **** #include "syscall_cpp.hpp"
  11:src/../h/tcb.hpp **** #include "syscall_c.hpp"
  12:src/../h/tcb.hpp **** #include "MemoryAllocator.hpp"
  13:src/../h/tcb.hpp **** #include "print.hpp"
  14:src/../h/tcb.hpp **** 
  15:src/../h/tcb.hpp **** // Thread Control Block
  16:src/../h/tcb.hpp **** class TCB
  17:src/../h/tcb.hpp **** {
GAS LISTING /tmp/ccHjjMqe.s 			page 3


  18:src/../h/tcb.hpp **** public:
  19:src/../h/tcb.hpp ****     ~TCB() { delete[] stack; }
  20:src/../h/tcb.hpp **** 
  21:src/../h/tcb.hpp ****     bool isStarted() const {return started;}
  22:src/../h/tcb.hpp **** 
  23:src/../h/tcb.hpp ****     void setStarted(bool val){started= val;}
  24:src/../h/tcb.hpp **** 
  25:src/../h/tcb.hpp ****     bool isFinished() const { return finished; }
  26:src/../h/tcb.hpp **** 
  27:src/../h/tcb.hpp ****     void setFinished(bool value) { finished = value; }
  44              		.loc 2 27 36 is_stmt 1
  45              		.loc 2 27 45 is_stmt 0
  46 0038 13071000 		li	a4,1
  47 003c A380E702 		sb	a4,33(a5)
  48              	.LVL3:
  49              	.LBE24:
  50              	.LBE23:
  54:src/tcb.cpp   ****     thread_dispatch();
  51              		.loc 1 54 5 is_stmt 1
  52              		.loc 1 54 20 is_stmt 0
  53 0040 97000000 		call	_Z15thread_dispatchv@plt
  53      E7800000 
  54              	.LVL4:
  55:src/tcb.cpp   **** 
  56:src/tcb.cpp   **** }
  55              		.loc 1 56 1
  56 0048 83308101 		ld	ra,24(sp)
  57              		.cfi_restore 1
  58 004c 03340101 		ld	s0,16(sp)
  59              		.cfi_restore 8
  60              		.cfi_def_cfa 2, 32
  61 0050 83348100 		ld	s1,8(sp)
  62              		.cfi_restore 9
  63 0054 13010102 		addi	sp,sp,32
  64              		.cfi_def_cfa_offset 0
  65 0058 67800000 		jr	ra
  66              		.cfi_endproc
  67              	.LFE55:
  69              		.align	2
  70              		.globl	_ZN3TCB12createThreadEPFvPvES0_
  72              	_ZN3TCB12createThreadEPFvPvES0_:
  73              	.LFB50:
  14:src/tcb.cpp   **** 
  74              		.loc 1 14 1 is_stmt 1
  75              		.cfi_startproc
  76              		.cfi_personality 0x9b,DW.ref.__gxx_personality_v0
  77              		.cfi_lsda 0x1b,.LLSDA50
  78              	.LVL5:
  79 005c 130101FD 		addi	sp,sp,-48
  80              		.cfi_def_cfa_offset 48
  81 0060 23341102 		sd	ra,40(sp)
  82 0064 23308102 		sd	s0,32(sp)
  83 0068 233C9100 		sd	s1,24(sp)
  84 006c 23382101 		sd	s2,16(sp)
  85 0070 23343101 		sd	s3,8(sp)
  86              		.cfi_offset 1, -8
  87              		.cfi_offset 8, -16
GAS LISTING /tmp/ccHjjMqe.s 			page 4


  88              		.cfi_offset 9, -24
  89              		.cfi_offset 18, -32
  90              		.cfi_offset 19, -40
  91 0074 13040103 		addi	s0,sp,48
  92              		.cfi_def_cfa 8, 0
  93 0078 13090500 		mv	s2,a0
  94 007c 93890500 		mv	s3,a1
  16:src/tcb.cpp   ****     Scheduler::put(newThread);
  95              		.loc 1 16 5
  96              	.LVL6:
  97              	.LBB32:
  98              	.LBB33:
  28:src/../h/tcb.hpp **** 
  29:src/../h/tcb.hpp ****     bool isMain(){return main;}
  30:src/../h/tcb.hpp ****     bool isBlocked(){return blocked;}
  31:src/../h/tcb.hpp **** 
  32:src/../h/tcb.hpp ****     void setBlocked(bool val){blocked=val;}
  33:src/../h/tcb.hpp **** 
  34:src/../h/tcb.hpp ****     static void thread_start(TCB* ThreadToStart);
  35:src/../h/tcb.hpp **** 
  36:src/../h/tcb.hpp **** 
  37:src/../h/tcb.hpp **** 
  38:src/../h/tcb.hpp ****     using Body = void (*)(void*);
  39:src/../h/tcb.hpp **** 
  40:src/../h/tcb.hpp ****     static TCB *createThread(Body body,void* arg);
  41:src/../h/tcb.hpp ****     static TCB* createMainThread();
  42:src/../h/tcb.hpp ****     static TCB* createThreadNoStart(Body body,void* arg);
  43:src/../h/tcb.hpp **** 
  44:src/../h/tcb.hpp ****     static void yield();
  45:src/../h/tcb.hpp **** 
  46:src/../h/tcb.hpp ****     static TCB *running;
  47:src/../h/tcb.hpp **** 
  48:src/../h/tcb.hpp ****     void* operator new(size_t size) {
  49:src/../h/tcb.hpp ****         return MemoryAllocator::mem_alloc(size);
  99              		.loc 2 49 9
 100              		.loc 2 49 42 is_stmt 0
 101 0080 13050003 		li	a0,48
 102              	.LVL7:
 103              	.LEHB0:
 104 0084 97000000 		call	_ZN15MemoryAllocator9mem_allocEm@plt
 104      E7800000 
 105              	.LVL8:
 106              	.LEHE0:
 107 008c 93040500 		mv	s1,a0
 108              	.LVL9:
 109              	.LBE33:
 110              	.LBE32:
 111              	.LBB34:
 112              	.LBB35:
  50:src/../h/tcb.hpp ****     }
  51:src/../h/tcb.hpp ****     void* operator new[](size_t size) {
  52:src/../h/tcb.hpp ****         return MemoryAllocator::mem_alloc(size);
  53:src/../h/tcb.hpp ****     }
  54:src/../h/tcb.hpp **** 
  55:src/../h/tcb.hpp ****     void operator delete(void *ptr) {
  56:src/../h/tcb.hpp ****         MemoryAllocator::mem_free(ptr);
  57:src/../h/tcb.hpp ****     }
GAS LISTING /tmp/ccHjjMqe.s 			page 5


  58:src/../h/tcb.hpp ****     void operator delete[](void *ptr) {
  59:src/../h/tcb.hpp ****         MemoryAllocator::mem_free(ptr);
  60:src/../h/tcb.hpp ****     }
  61:src/../h/tcb.hpp **** 
  62:src/../h/tcb.hpp **** private:
  63:src/../h/tcb.hpp ****     TCB(Body body, void* arg)
  64:src/../h/tcb.hpp ****             : body(body),
  65:src/../h/tcb.hpp ****               stack(body != nullptr ? new uint64[STACK_SIZE] : nullptr),
  66:src/../h/tcb.hpp ****               context({(uint64) &threadWrapper,
  67:src/../h/tcb.hpp ****                        stack != nullptr ? (uint64) &stack[STACK_SIZE] : 0
  68:src/../h/tcb.hpp ****                       }),
  69:src/../h/tcb.hpp ****               main(body == nullptr),
  70:src/../h/tcb.hpp ****               finished(false),
  71:src/../h/tcb.hpp ****               blocked(false),
  72:src/../h/tcb.hpp ****               started(false),
  73:src/../h/tcb.hpp ****               arg(arg)
 113              		.loc 2 73 22
 114 0090 23302501 		sd	s2,0(a0)
  65:src/../h/tcb.hpp ****               context({(uint64) &threadWrapper,
 115              		.loc 2 65 37
 116 0094 630A0900 		beqz	s2,.L7
  65:src/../h/tcb.hpp ****               context({(uint64) &threadWrapper,
 117              		.loc 2 65 60
 118 0098 37250000 		li	a0,8192
 119              	.LEHB1:
 120 009c 97000000 		call	_Znam@plt
 120      E7800000 
 121              	.LVL10:
 122              	.LEHE1:
 123 00a4 6F008000 		j	.L4
 124              	.L7:
  65:src/../h/tcb.hpp ****               context({(uint64) &threadWrapper,
 125              		.loc 2 65 37
 126 00a8 13050000 		li	a0,0
 127              	.L4:
 128              		.loc 2 73 22
 129 00ac 23B4A400 		sd	a0,8(s1)
 130 00b0 97070000 		lla	a5,_ZN3TCB13threadWrapperEv
 130      93870700 
 131 00b8 23B8F400 		sd	a5,16(s1)
  67:src/../h/tcb.hpp ****                       }),
 132              		.loc 2 67 41
 133 00bc 630A0504 		beqz	a0,.L8
  67:src/../h/tcb.hpp ****                       }),
 134              		.loc 2 67 52
 135 00c0 B7270000 		li	a5,8192
 136 00c4 3305F500 		add	a0,a0,a5
 137              	.L5:
 138              		.loc 2 73 22
 139 00c8 23BCA400 		sd	a0,24(s1)
  69:src/../h/tcb.hpp ****               finished(false),
 140              		.loc 2 69 25
 141 00cc 13391900 		seqz	s2,s2
 142              	.LVL11:
 143              		.loc 2 73 22
 144 00d0 23802403 		sb	s2,32(s1)
 145 00d4 A3800402 		sb	zero,33(s1)
GAS LISTING /tmp/ccHjjMqe.s 			page 6


 146 00d8 23810402 		sb	zero,34(s1)
 147 00dc A3810402 		sb	zero,35(s1)
 148 00e0 23B43403 		sd	s3,40(s1)
 149              	.LVL12:
 150              	.LBE35:
 151              	.LBE34:
  17:src/tcb.cpp   ****     return newThread;
 152              		.loc 1 17 5 is_stmt 1
  17:src/tcb.cpp   ****     return newThread;
 153              		.loc 1 17 19 is_stmt 0
 154 00e4 13850400 		mv	a0,s1
 155              	.LEHB2:
 156 00e8 97000000 		call	_ZN9Scheduler3putEP3TCB@plt
 156      E7800000 
 157              	.LVL13:
 158              	.LEHE2:
  18:src/tcb.cpp   **** }
 159              		.loc 1 18 5 is_stmt 1
  19:src/tcb.cpp   **** TCB *TCB::createThreadNoStart(Body body,void* arg){
 160              		.loc 1 19 1 is_stmt 0
 161 00f0 13850400 		mv	a0,s1
 162 00f4 83308102 		ld	ra,40(sp)
 163              		.cfi_remember_state
 164              		.cfi_restore 1
 165 00f8 03340102 		ld	s0,32(sp)
 166              		.cfi_restore 8
 167              		.cfi_def_cfa 2, 48
 168 00fc 83348101 		ld	s1,24(sp)
 169              		.cfi_restore 9
 170              	.LVL14:
 171 0100 03390101 		ld	s2,16(sp)
 172              		.cfi_restore 18
 173 0104 83398100 		ld	s3,8(sp)
 174              		.cfi_restore 19
 175              	.LVL15:
 176 0108 13010103 		addi	sp,sp,48
 177              		.cfi_def_cfa_offset 0
 178 010c 67800000 		jr	ra
 179              	.LVL16:
 180              	.L8:
 181              		.cfi_restore_state
 182              	.LBB37:
 183              	.LBB36:
  67:src/../h/tcb.hpp ****                       }),
 184              		.loc 2 67 41
 185 0110 13050000 		li	a0,0
 186 0114 6FF05FFB 		j	.L5
 187              	.L9:
 188 0118 13090500 		mv	s2,a0
 189              	.LVL17:
 190              	.LBE36:
 191              	.LBE37:
 192              	.LBB38:
 193              	.LBB39:
  56:src/../h/tcb.hpp ****     }
 194              		.loc 2 56 9 is_stmt 1
  56:src/../h/tcb.hpp ****     }
GAS LISTING /tmp/ccHjjMqe.s 			page 7


 195              		.loc 2 56 34 is_stmt 0
 196 011c 13850400 		mv	a0,s1
 197 0120 97000000 		call	_ZN15MemoryAllocator8mem_freeEPv@plt
 197      E7800000 
 198              	.LVL18:
 199 0128 13050900 		mv	a0,s2
 200              	.LEHB3:
 201 012c 97000000 		call	_Unwind_Resume@plt
 201      E7800000 
 202              	.LVL19:
 203              	.LEHE3:
 204              	.LBE39:
 205              	.LBE38:
 206              		.cfi_endproc
 207              	.LFE50:
 208              		.globl	__gxx_personality_v0
 209              		.section	.gcc_except_table,"a",@progbits
 210              	.LLSDA50:
 211 0000 FF       		.byte	0xff
 212 0001 FF       		.byte	0xff
 213 0002 03       		.byte	0x3
 214 0003 34       		.byte	0x34
 215 0004 00000000 		.4byte	.LEHB0-.LFB50
 216 0008 00000000 		.4byte	.LEHE0-.LEHB0
 217 000c 00000000 		.4byte	0
 218 0010 00       		.byte	0
 219 0011 00000000 		.4byte	.LEHB1-.LFB50
 220 0015 00000000 		.4byte	.LEHE1-.LEHB1
 221 0019 00000000 		.4byte	.L9-.LFB50
 222 001d 00       		.byte	0
 223 001e 00000000 		.4byte	.LEHB2-.LFB50
 224 0022 00000000 		.4byte	.LEHE2-.LEHB2
 225 0026 00000000 		.4byte	0
 226 002a 00       		.byte	0
 227 002b 00000000 		.4byte	.LEHB3-.LFB50
 228 002f 00000000 		.4byte	.LEHE3-.LEHB3
 229 0033 00000000 		.4byte	0
 230 0037 00       		.byte	0
 231              		.text
 233              		.align	2
 234              		.globl	_ZN3TCB19createThreadNoStartEPFvPvES0_
 236              	_ZN3TCB19createThreadNoStartEPFvPvES0_:
 237              	.LFB51:
  20:src/tcb.cpp   ****     TCB* newThread= new TCB(body,arg);
 238              		.loc 1 20 51 is_stmt 1
 239              		.cfi_startproc
 240              		.cfi_personality 0x9b,DW.ref.__gxx_personality_v0
 241              		.cfi_lsda 0x1b,.LLSDA51
 242              	.LVL20:
 243 0134 130101FD 		addi	sp,sp,-48
 244              		.cfi_def_cfa_offset 48
 245 0138 23341102 		sd	ra,40(sp)
 246 013c 23308102 		sd	s0,32(sp)
 247 0140 233C9100 		sd	s1,24(sp)
 248 0144 23382101 		sd	s2,16(sp)
 249 0148 23343101 		sd	s3,8(sp)
 250              		.cfi_offset 1, -8
GAS LISTING /tmp/ccHjjMqe.s 			page 8


 251              		.cfi_offset 8, -16
 252              		.cfi_offset 9, -24
 253              		.cfi_offset 18, -32
 254              		.cfi_offset 19, -40
 255 014c 13040103 		addi	s0,sp,48
 256              		.cfi_def_cfa 8, 0
 257 0150 13090500 		mv	s2,a0
 258 0154 93890500 		mv	s3,a1
  21:src/tcb.cpp   ****     return newThread;
 259              		.loc 1 21 5
 260              	.LVL21:
 261              	.LBB47:
 262              	.LBB48:
  49:src/../h/tcb.hpp ****     }
 263              		.loc 2 49 9
  49:src/../h/tcb.hpp ****     }
 264              		.loc 2 49 42 is_stmt 0
 265 0158 13050003 		li	a0,48
 266              	.LVL22:
 267              	.LEHB4:
 268 015c 97000000 		call	_ZN15MemoryAllocator9mem_allocEm@plt
 268      E7800000 
 269              	.LVL23:
 270              	.LEHE4:
 271 0164 93040500 		mv	s1,a0
 272              	.LVL24:
 273              	.LBE48:
 274              	.LBE47:
 275              	.LBB49:
 276              	.LBB50:
 277              		.loc 2 73 22
 278 0168 23302501 		sd	s2,0(a0)
  65:src/../h/tcb.hpp ****               context({(uint64) &threadWrapper,
 279              		.loc 2 65 37
 280 016c 630A0900 		beqz	s2,.L16
  65:src/../h/tcb.hpp ****               context({(uint64) &threadWrapper,
 281              		.loc 2 65 60
 282 0170 37250000 		li	a0,8192
 283              	.LEHB5:
 284 0174 97000000 		call	_Znam@plt
 284      E7800000 
 285              	.LVL25:
 286              	.LEHE5:
 287 017c 6F008000 		j	.L13
 288              	.L16:
  65:src/../h/tcb.hpp ****               context({(uint64) &threadWrapper,
 289              		.loc 2 65 37
 290 0180 13050000 		li	a0,0
 291              	.L13:
 292              		.loc 2 73 22
 293 0184 23B4A400 		sd	a0,8(s1)
 294 0188 97070000 		lla	a5,_ZN3TCB13threadWrapperEv
 294      93870700 
 295 0190 23B8F400 		sd	a5,16(s1)
  67:src/../h/tcb.hpp ****                       }),
 296              		.loc 2 67 41
 297 0194 63040504 		beqz	a0,.L17
GAS LISTING /tmp/ccHjjMqe.s 			page 9


  67:src/../h/tcb.hpp ****                       }),
 298              		.loc 2 67 52
 299 0198 B7270000 		li	a5,8192
 300 019c 3305F500 		add	a0,a0,a5
 301              	.L14:
 302              		.loc 2 73 22
 303 01a0 23BCA400 		sd	a0,24(s1)
  69:src/../h/tcb.hpp ****               finished(false),
 304              		.loc 2 69 25
 305 01a4 13391900 		seqz	s2,s2
 306              	.LVL26:
 307              		.loc 2 73 22
 308 01a8 23802403 		sb	s2,32(s1)
 309 01ac A3800402 		sb	zero,33(s1)
 310 01b0 23810402 		sb	zero,34(s1)
 311 01b4 A3810402 		sb	zero,35(s1)
 312 01b8 23B43403 		sd	s3,40(s1)
 313              	.LVL27:
 314              	.LBE50:
 315              	.LBE49:
  22:src/tcb.cpp   **** }
 316              		.loc 1 22 5 is_stmt 1
  23:src/tcb.cpp   **** 
 317              		.loc 1 23 1 is_stmt 0
 318 01bc 13850400 		mv	a0,s1
 319 01c0 83308102 		ld	ra,40(sp)
 320              		.cfi_remember_state
 321              		.cfi_restore 1
 322 01c4 03340102 		ld	s0,32(sp)
 323              		.cfi_restore 8
 324              		.cfi_def_cfa 2, 48
 325 01c8 83348101 		ld	s1,24(sp)
 326              		.cfi_restore 9
 327              	.LVL28:
 328 01cc 03390101 		ld	s2,16(sp)
 329              		.cfi_restore 18
 330 01d0 83398100 		ld	s3,8(sp)
 331              		.cfi_restore 19
 332              	.LVL29:
 333 01d4 13010103 		addi	sp,sp,48
 334              		.cfi_def_cfa_offset 0
 335 01d8 67800000 		jr	ra
 336              	.LVL30:
 337              	.L17:
 338              		.cfi_restore_state
 339              	.LBB52:
 340              	.LBB51:
  67:src/../h/tcb.hpp ****                       }),
 341              		.loc 2 67 41
 342 01dc 13050000 		li	a0,0
 343 01e0 6FF01FFC 		j	.L14
 344              	.L18:
 345 01e4 13090500 		mv	s2,a0
 346              	.LVL31:
 347              	.LBE51:
 348              	.LBE52:
 349              	.LBB53:
GAS LISTING /tmp/ccHjjMqe.s 			page 10


 350              	.LBB54:
  56:src/../h/tcb.hpp ****     }
 351              		.loc 2 56 9 is_stmt 1
  56:src/../h/tcb.hpp ****     }
 352              		.loc 2 56 34 is_stmt 0
 353 01e8 13850400 		mv	a0,s1
 354 01ec 97000000 		call	_ZN15MemoryAllocator8mem_freeEPv@plt
 354      E7800000 
 355              	.LVL32:
 356 01f4 13050900 		mv	a0,s2
 357              	.LEHB6:
 358 01f8 97000000 		call	_Unwind_Resume@plt
 358      E7800000 
 359              	.LVL33:
 360              	.LEHE6:
 361              	.LBE54:
 362              	.LBE53:
 363              		.cfi_endproc
 364              	.LFE51:
 365              		.section	.gcc_except_table
 366              	.LLSDA51:
 367 0038 FF       		.byte	0xff
 368 0039 FF       		.byte	0xff
 369 003a 03       		.byte	0x3
 370 003b 27       		.byte	0x27
 371 003c 00000000 		.4byte	.LEHB4-.LFB51
 372 0040 00000000 		.4byte	.LEHE4-.LEHB4
 373 0044 00000000 		.4byte	0
 374 0048 00       		.byte	0
 375 0049 00000000 		.4byte	.LEHB5-.LFB51
 376 004d 00000000 		.4byte	.LEHE5-.LEHB5
 377 0051 00000000 		.4byte	.L18-.LFB51
 378 0055 00       		.byte	0
 379 0056 00000000 		.4byte	.LEHB6-.LFB51
 380 005a 00000000 		.4byte	.LEHE6-.LEHB6
 381 005e 00000000 		.4byte	0
 382 0062 00       		.byte	0
 383              		.text
 385              		.align	2
 386              		.globl	_ZN3TCB5yieldEv
 388              	_ZN3TCB5yieldEv:
 389              	.LFB52:
  26:src/tcb.cpp   ****     __asm__ volatile ("ecall");
 390              		.loc 1 26 1 is_stmt 1
 391              		.cfi_startproc
 392 0200 130101FF 		addi	sp,sp,-16
 393              		.cfi_def_cfa_offset 16
 394 0204 23348100 		sd	s0,8(sp)
 395              		.cfi_offset 8, -8
 396 0208 13040101 		addi	s0,sp,16
 397              		.cfi_def_cfa 8, 0
  27:src/tcb.cpp   **** }
 398              		.loc 1 27 5
  27:src/tcb.cpp   **** }
 399              		.loc 1 27 31 is_stmt 0
 400              	#APP
 401              	# 27 "src/tcb.cpp" 1
GAS LISTING /tmp/ccHjjMqe.s 			page 11


  28:src/tcb.cpp   **** TCB* TCB::createMainThread() {
 402              		ecall
 403              	# 0 "" 2
 404              		.loc 1 28 1
 405              	#NO_APP
 406 0210 03348100 		ld	s0,8(sp)
 407              		.cfi_restore 8
 408              		.cfi_def_cfa 2, 16
 409 0214 13010101 		addi	sp,sp,16
 410              		.cfi_def_cfa_offset 0
 411 0218 67800000 		jr	ra
 412              		.cfi_endproc
 413              	.LFE52:
 415              		.align	2
 416              		.globl	_ZN3TCB16createMainThreadEv
 418              	_ZN3TCB16createMainThreadEv:
 419              	.LFB53:
  29:src/tcb.cpp   ****     TCB* main = new TCB(nullptr, nullptr);
 420              		.loc 1 29 30 is_stmt 1
 421              		.cfi_startproc
 422 021c 130101FF 		addi	sp,sp,-16
 423              		.cfi_def_cfa_offset 16
 424 0220 23341100 		sd	ra,8(sp)
 425 0224 23308100 		sd	s0,0(sp)
 426              		.cfi_offset 1, -8
 427              		.cfi_offset 8, -16
 428 0228 13040101 		addi	s0,sp,16
 429              		.cfi_def_cfa 8, 0
  30:src/tcb.cpp   ****     return main;
 430              		.loc 1 30 5
 431              	.LVL34:
 432              	.LBB55:
 433              	.LBB56:
  49:src/../h/tcb.hpp ****     }
 434              		.loc 2 49 9
  49:src/../h/tcb.hpp ****     }
 435              		.loc 2 49 42 is_stmt 0
 436 022c 13050003 		li	a0,48
 437 0230 97000000 		call	_ZN15MemoryAllocator9mem_allocEm@plt
 437      E7800000 
 438              	.LVL35:
 439              	.LBE56:
 440              	.LBE55:
 441              	.LBB57:
 442              	.LBB58:
 443              		.loc 2 73 22
 444 0238 23300500 		sd	zero,0(a0)
 445 023c 23340500 		sd	zero,8(a0)
 446 0240 17070000 		lla	a4,_ZN3TCB13threadWrapperEv
 446      13070700 
 447 0248 2338E500 		sd	a4,16(a0)
 448 024c 233C0500 		sd	zero,24(a0)
 449 0250 13071000 		li	a4,1
 450 0254 2300E502 		sb	a4,32(a0)
 451 0258 A3000502 		sb	zero,33(a0)
 452 025c 23010502 		sb	zero,34(a0)
 453 0260 A3010502 		sb	zero,35(a0)
GAS LISTING /tmp/ccHjjMqe.s 			page 12


 454 0264 23340502 		sd	zero,40(a0)
 455              	.LVL36:
 456              	.LBE58:
 457              	.LBE57:
  31:src/tcb.cpp   **** }
 458              		.loc 1 31 5 is_stmt 1
  32:src/tcb.cpp   **** 
 459              		.loc 1 32 1 is_stmt 0
 460 0268 83308100 		ld	ra,8(sp)
 461              		.cfi_restore 1
 462 026c 03340100 		ld	s0,0(sp)
 463              		.cfi_restore 8
 464              		.cfi_def_cfa 2, 16
 465 0270 13010101 		addi	sp,sp,16
 466              		.cfi_def_cfa_offset 0
 467 0274 67800000 		jr	ra
 468              		.cfi_endproc
 469              	.LFE53:
 471              		.align	2
 472              		.globl	_ZN3TCB8dispatchEv
 474              	_ZN3TCB8dispatchEv:
 475              	.LFB54:
  35:src/tcb.cpp   ****     TCB *old = running;
 476              		.loc 1 35 22 is_stmt 1
 477              		.cfi_startproc
 478 0278 130101FE 		addi	sp,sp,-32
 479              		.cfi_def_cfa_offset 32
 480 027c 233C1100 		sd	ra,24(sp)
 481 0280 23388100 		sd	s0,16(sp)
 482 0284 23349100 		sd	s1,8(sp)
 483              		.cfi_offset 1, -8
 484              		.cfi_offset 8, -16
 485              		.cfi_offset 9, -24
 486 0288 13040102 		addi	s0,sp,32
 487              		.cfi_def_cfa 8, 0
  36:src/tcb.cpp   ****     if (!old->isFinished() && !old->isBlocked()) {
 488              		.loc 1 36 5
  36:src/tcb.cpp   ****     if (!old->isFinished() && !old->isBlocked()) {
 489              		.loc 1 36 10 is_stmt 0
 490 028c 97040000 		ld	s1,.LANCHOR0
 490      83B40400 
 491              	.LVL37:
  37:src/tcb.cpp   ****         Scheduler::put(old);
 492              		.loc 1 37 5 is_stmt 1
 493              	.LBB59:
 494              	.LBB60:
  25:src/../h/tcb.hpp **** 
 495              		.loc 2 25 31
  25:src/../h/tcb.hpp **** 
 496              		.loc 2 25 38 is_stmt 0
 497 0294 83C71402 		lbu	a5,33(s1)
 498              	.LVL38:
 499              	.LBE60:
 500              	.LBE59:
  37:src/tcb.cpp   ****         Scheduler::put(old);
 501              		.loc 1 37 28
 502 0298 63960700 		bnez	a5,.L26
GAS LISTING /tmp/ccHjjMqe.s 			page 13


 503              	.LVL39:
 504              	.LBB61:
 505              	.LBB62:
  30:src/../h/tcb.hpp **** 
 506              		.loc 2 30 22 is_stmt 1
  30:src/../h/tcb.hpp **** 
 507              		.loc 2 30 29 is_stmt 0
 508 029c 83C72402 		lbu	a5,34(s1)
 509              	.LVL40:
 510              	.LBE62:
 511              	.LBE61:
  37:src/tcb.cpp   ****         Scheduler::put(old);
 512              		.loc 1 37 28
 513 02a0 638E0702 		beqz	a5,.L30
 514              	.L26:
  40:src/tcb.cpp   ****     if (running == nullptr) {
 515              		.loc 1 40 5 is_stmt 1
  40:src/tcb.cpp   ****     if (running == nullptr) {
 516              		.loc 1 40 29 is_stmt 0
 517 02a4 97000000 		call	_ZN9Scheduler3getEv@plt
 517      E7800000 
 518              	.LVL41:
  40:src/tcb.cpp   ****     if (running == nullptr) {
 519              		.loc 1 40 13
 520 02ac 97070000 		sd	a0,.LANCHOR0,a5
 520      23B0A700 
  41:src/tcb.cpp   ****         running = old;
 521              		.loc 1 41 5 is_stmt 1
 522 02b4 630C0502 		beqz	a0,.L31
  45:src/tcb.cpp   **** }
 523              		.loc 1 45 5
  45:src/tcb.cpp   **** }
 524              		.loc 1 45 23 is_stmt 0
 525 02b8 93050501 		addi	a1,a0,16
 526 02bc 13850401 		addi	a0,s1,16
 527 02c0 97000000 		call	_ZN3TCB13contextSwitchEPNS_7ContextES1_@plt
 527      E7800000 
 528              	.LVL42:
 529              	.L25:
  46:src/tcb.cpp   **** 
 530              		.loc 1 46 1
 531 02c8 83308101 		ld	ra,24(sp)
 532              		.cfi_remember_state
 533              		.cfi_restore 1
 534 02cc 03340101 		ld	s0,16(sp)
 535              		.cfi_restore 8
 536              		.cfi_def_cfa 2, 32
 537 02d0 83348100 		ld	s1,8(sp)
 538              		.cfi_restore 9
 539              	.LVL43:
 540 02d4 13010102 		addi	sp,sp,32
 541              		.cfi_def_cfa_offset 0
 542 02d8 67800000 		jr	ra
 543              	.LVL44:
 544              	.L30:
 545              		.cfi_restore_state
  38:src/tcb.cpp   ****     }
GAS LISTING /tmp/ccHjjMqe.s 			page 14


 546              		.loc 1 38 9 is_stmt 1
  38:src/tcb.cpp   ****     }
 547              		.loc 1 38 23 is_stmt 0
 548 02dc 13850400 		mv	a0,s1
 549 02e0 97000000 		call	_ZN9Scheduler3putEP3TCB@plt
 549      E7800000 
 550              	.LVL45:
 551 02e8 6FF0DFFB 		j	.L26
 552              	.L31:
  42:src/tcb.cpp   ****         return;
 553              		.loc 1 42 9 is_stmt 1
  42:src/tcb.cpp   ****         return;
 554              		.loc 1 42 17 is_stmt 0
 555 02ec 97070000 		sd	s1,.LANCHOR0,a5
 555      23B09700 
  43:src/tcb.cpp   ****     }
 556              		.loc 1 43 9 is_stmt 1
 557 02f4 6FF05FFD 		j	.L25
 558              		.cfi_endproc
 559              	.LFE54:
 561              		.align	2
 562              		.globl	_ZN3TCB12thread_startEPS_
 564              	_ZN3TCB12thread_startEPS_:
 565              	.LFB56:
  57:src/tcb.cpp   **** void TCB::thread_start(TCB *ThreadToStart) {
 566              		.loc 1 57 44
 567              		.cfi_startproc
 568              	.LVL46:
 569 02f8 130101FF 		addi	sp,sp,-16
 570              		.cfi_def_cfa_offset 16
 571 02fc 23341100 		sd	ra,8(sp)
 572 0300 23308100 		sd	s0,0(sp)
 573              		.cfi_offset 1, -8
 574              		.cfi_offset 8, -16
 575 0304 13040101 		addi	s0,sp,16
 576              		.cfi_def_cfa 8, 0
  58:src/tcb.cpp   **** 
  59:src/tcb.cpp   ****     Scheduler::put(ThreadToStart);
 577              		.loc 1 59 5
 578              		.loc 1 59 19 is_stmt 0
 579 0308 97000000 		call	_ZN9Scheduler3putEP3TCB@plt
 579      E7800000 
 580              	.LVL47:
  60:src/tcb.cpp   **** }
 581              		.loc 1 60 1
 582 0310 83308100 		ld	ra,8(sp)
 583              		.cfi_restore 1
 584 0314 03340100 		ld	s0,0(sp)
 585              		.cfi_restore 8
 586              		.cfi_def_cfa 2, 16
 587 0318 13010101 		addi	sp,sp,16
 588              		.cfi_def_cfa_offset 0
 589 031c 67800000 		jr	ra
 590              		.cfi_endproc
 591              	.LFE56:
 593              		.globl	_ZN3TCB16timeSliceCounterE
 594              		.globl	_ZN3TCB7runningE
GAS LISTING /tmp/ccHjjMqe.s 			page 15


 595              		.bss
 596              		.align	3
 597              		.set	.LANCHOR0,. + 0
 600              	_ZN3TCB7runningE:
 601 0000 00000000 		.zero	8
 601      00000000 
 604              	_ZN3TCB16timeSliceCounterE:
 605 0008 00000000 		.zero	8
 605      00000000 
 606              		.text
 607              	.Letext0:
 608              		.file 3 "src/../h/../lib/hw.h"
 609              		.file 4 "src/../h/MemoryAllocator.hpp"
 610              		.file 5 "src/../h/scheduler.hpp"
 611              		.file 6 "src/../h/riscv.hpp"
 612              		.file 7 "src/../h/syscall_c.hpp"
 3994              		.align	3
 3997              	DW.ref.__gxx_personality_v0:
 3998 0000 00000000 		.dword	__gxx_personality_v0
 3998      00000000 
 3999              		.ident	"GCC: (Ubuntu 9.4.0-1ubuntu1~20.04) 9.4.0"
 4000              		.section	.note.GNU-stack,"",@progbits
GAS LISTING /tmp/ccHjjMqe.s 			page 16


DEFINED SYMBOLS
                            *ABS*:0000000000000000 tcb.cpp
     /tmp/ccHjjMqe.s:9      .text:0000000000000000 _ZN3TCB13threadWrapperEv
     /tmp/ccHjjMqe.s:13     .text:0000000000000000 .L0 
     /tmp/ccHjjMqe.s:14     .text:0000000000000000 .L0 
     /tmp/ccHjjMqe.s:15     .text:0000000000000004 .L0 
     /tmp/ccHjjMqe.s:19     .text:0000000000000010 .L0 
     /tmp/ccHjjMqe.s:20     .text:0000000000000010 .L0 
     /tmp/ccHjjMqe.s:21     .text:0000000000000010 .L0 
     /tmp/ccHjjMqe.s:23     .text:0000000000000014 .L0 
     /tmp/ccHjjMqe.s:25     .text:0000000000000014 .L0 
     /tmp/ccHjjMqe.s:26     .text:0000000000000014 .L0 
     /tmp/ccHjjMqe.s:29     .text:000000000000001c .L0 
     /tmp/ccHjjMqe.s:30     .text:000000000000001c .L0 
     /tmp/ccHjjMqe.s:34     .text:000000000000002c .L0 
     /tmp/ccHjjMqe.s:38     .text:0000000000000034 .L0 
     /tmp/ccHjjMqe.s:39     .text:0000000000000034 .L0 
     /tmp/ccHjjMqe.s:45     .text:0000000000000038 .L0 
     /tmp/ccHjjMqe.s:46     .text:0000000000000038 .L0 
     /tmp/ccHjjMqe.s:52     .text:0000000000000040 .L0 
     /tmp/ccHjjMqe.s:53     .text:0000000000000040 .L0 
     /tmp/ccHjjMqe.s:56     .text:0000000000000048 .L0 
     /tmp/ccHjjMqe.s:57     .text:000000000000004c .L0 
     /tmp/ccHjjMqe.s:59     .text:0000000000000050 .L0 
     /tmp/ccHjjMqe.s:60     .text:0000000000000050 .L0 
     /tmp/ccHjjMqe.s:62     .text:0000000000000054 .L0 
     /tmp/ccHjjMqe.s:64     .text:0000000000000058 .L0 
     /tmp/ccHjjMqe.s:66     .text:000000000000005c .L0 
     /tmp/ccHjjMqe.s:72     .text:000000000000005c _ZN3TCB12createThreadEPFvPvES0_
     /tmp/ccHjjMqe.s:75     .text:000000000000005c .L0 
     /tmp/ccHjjMqe.s:3997   .data.rel.local.DW.ref.__gxx_personality_v0:0000000000000000 DW.ref.__gxx_personality_v0
     /tmp/ccHjjMqe.s:79     .text:000000000000005c .L0 
     /tmp/ccHjjMqe.s:80     .text:0000000000000060 .L0 
     /tmp/ccHjjMqe.s:86     .text:0000000000000074 .L0 
     /tmp/ccHjjMqe.s:87     .text:0000000000000074 .L0 
     /tmp/ccHjjMqe.s:88     .text:0000000000000074 .L0 
     /tmp/ccHjjMqe.s:89     .text:0000000000000074 .L0 
     /tmp/ccHjjMqe.s:90     .text:0000000000000074 .L0 
     /tmp/ccHjjMqe.s:92     .text:0000000000000078 .L0 
     /tmp/ccHjjMqe.s:99     .text:0000000000000080 .L0 
     /tmp/ccHjjMqe.s:100    .text:0000000000000080 .L0 
     /tmp/ccHjjMqe.s:101    .text:0000000000000080 .L0 
     /tmp/ccHjjMqe.s:114    .text:0000000000000090 .L0 
     /tmp/ccHjjMqe.s:116    .text:0000000000000094 .L0 
     /tmp/ccHjjMqe.s:118    .text:0000000000000098 .L0 
     /tmp/ccHjjMqe.s:126    .text:00000000000000a8 .L0 
     /tmp/ccHjjMqe.s:129    .text:00000000000000ac .L0 
     /tmp/ccHjjMqe.s:133    .text:00000000000000bc .L0 
     /tmp/ccHjjMqe.s:135    .text:00000000000000c0 .L0 
     /tmp/ccHjjMqe.s:139    .text:00000000000000c8 .L0 
     /tmp/ccHjjMqe.s:141    .text:00000000000000cc .L0 
     /tmp/ccHjjMqe.s:144    .text:00000000000000d0 .L0 
     /tmp/ccHjjMqe.s:153    .text:00000000000000e4 .L0 
     /tmp/ccHjjMqe.s:154    .text:00000000000000e4 .L0 
     /tmp/ccHjjMqe.s:160    .text:00000000000000f0 .L0 
     /tmp/ccHjjMqe.s:161    .text:00000000000000f0 .L0 
     /tmp/ccHjjMqe.s:163    .text:00000000000000f8 .L0 
GAS LISTING /tmp/ccHjjMqe.s 			page 17


     /tmp/ccHjjMqe.s:164    .text:00000000000000f8 .L0 
     /tmp/ccHjjMqe.s:166    .text:00000000000000fc .L0 
     /tmp/ccHjjMqe.s:167    .text:00000000000000fc .L0 
     /tmp/ccHjjMqe.s:169    .text:0000000000000100 .L0 
     /tmp/ccHjjMqe.s:172    .text:0000000000000104 .L0 
     /tmp/ccHjjMqe.s:174    .text:0000000000000108 .L0 
     /tmp/ccHjjMqe.s:177    .text:000000000000010c .L0 
     /tmp/ccHjjMqe.s:181    .text:0000000000000110 .L0 
     /tmp/ccHjjMqe.s:185    .text:0000000000000110 .L0 
     /tmp/ccHjjMqe.s:195    .text:000000000000011c .L0 
     /tmp/ccHjjMqe.s:196    .text:000000000000011c .L0 
     /tmp/ccHjjMqe.s:206    .text:0000000000000134 .L0 
     /tmp/ccHjjMqe.s:236    .text:0000000000000134 _ZN3TCB19createThreadNoStartEPFvPvES0_
     /tmp/ccHjjMqe.s:239    .text:0000000000000134 .L0 
     /tmp/ccHjjMqe.s:243    .text:0000000000000134 .L0 
     /tmp/ccHjjMqe.s:244    .text:0000000000000138 .L0 
     /tmp/ccHjjMqe.s:250    .text:000000000000014c .L0 
     /tmp/ccHjjMqe.s:251    .text:000000000000014c .L0 
     /tmp/ccHjjMqe.s:252    .text:000000000000014c .L0 
     /tmp/ccHjjMqe.s:253    .text:000000000000014c .L0 
     /tmp/ccHjjMqe.s:254    .text:000000000000014c .L0 
     /tmp/ccHjjMqe.s:256    .text:0000000000000150 .L0 
     /tmp/ccHjjMqe.s:263    .text:0000000000000158 .L0 
     /tmp/ccHjjMqe.s:264    .text:0000000000000158 .L0 
     /tmp/ccHjjMqe.s:265    .text:0000000000000158 .L0 
     /tmp/ccHjjMqe.s:278    .text:0000000000000168 .L0 
     /tmp/ccHjjMqe.s:280    .text:000000000000016c .L0 
     /tmp/ccHjjMqe.s:282    .text:0000000000000170 .L0 
     /tmp/ccHjjMqe.s:290    .text:0000000000000180 .L0 
     /tmp/ccHjjMqe.s:293    .text:0000000000000184 .L0 
     /tmp/ccHjjMqe.s:297    .text:0000000000000194 .L0 
     /tmp/ccHjjMqe.s:299    .text:0000000000000198 .L0 
     /tmp/ccHjjMqe.s:303    .text:00000000000001a0 .L0 
     /tmp/ccHjjMqe.s:305    .text:00000000000001a4 .L0 
     /tmp/ccHjjMqe.s:308    .text:00000000000001a8 .L0 
     /tmp/ccHjjMqe.s:317    .text:00000000000001bc .L0 
     /tmp/ccHjjMqe.s:318    .text:00000000000001bc .L0 
     /tmp/ccHjjMqe.s:320    .text:00000000000001c4 .L0 
     /tmp/ccHjjMqe.s:321    .text:00000000000001c4 .L0 
     /tmp/ccHjjMqe.s:323    .text:00000000000001c8 .L0 
     /tmp/ccHjjMqe.s:324    .text:00000000000001c8 .L0 
     /tmp/ccHjjMqe.s:326    .text:00000000000001cc .L0 
     /tmp/ccHjjMqe.s:329    .text:00000000000001d0 .L0 
     /tmp/ccHjjMqe.s:331    .text:00000000000001d4 .L0 
     /tmp/ccHjjMqe.s:334    .text:00000000000001d8 .L0 
     /tmp/ccHjjMqe.s:338    .text:00000000000001dc .L0 
     /tmp/ccHjjMqe.s:342    .text:00000000000001dc .L0 
     /tmp/ccHjjMqe.s:352    .text:00000000000001e8 .L0 
     /tmp/ccHjjMqe.s:353    .text:00000000000001e8 .L0 
     /tmp/ccHjjMqe.s:363    .text:0000000000000200 .L0 
     /tmp/ccHjjMqe.s:388    .text:0000000000000200 _ZN3TCB5yieldEv
     /tmp/ccHjjMqe.s:391    .text:0000000000000200 .L0 
     /tmp/ccHjjMqe.s:392    .text:0000000000000200 .L0 
     /tmp/ccHjjMqe.s:393    .text:0000000000000204 .L0 
     /tmp/ccHjjMqe.s:395    .text:0000000000000208 .L0 
     /tmp/ccHjjMqe.s:397    .text:000000000000020c .L0 
     /tmp/ccHjjMqe.s:399    .text:000000000000020c .L0 
GAS LISTING /tmp/ccHjjMqe.s 			page 18


         src/tcb.cpp:27     .text:000000000000020c .L0 
     /tmp/ccHjjMqe.s:406    .text:0000000000000210 .L0 
     /tmp/ccHjjMqe.s:407    .text:0000000000000214 .L0 
     /tmp/ccHjjMqe.s:408    .text:0000000000000214 .L0 
     /tmp/ccHjjMqe.s:410    .text:0000000000000218 .L0 
     /tmp/ccHjjMqe.s:412    .text:000000000000021c .L0 
     /tmp/ccHjjMqe.s:418    .text:000000000000021c _ZN3TCB16createMainThreadEv
     /tmp/ccHjjMqe.s:421    .text:000000000000021c .L0 
     /tmp/ccHjjMqe.s:422    .text:000000000000021c .L0 
     /tmp/ccHjjMqe.s:423    .text:0000000000000220 .L0 
     /tmp/ccHjjMqe.s:426    .text:0000000000000228 .L0 
     /tmp/ccHjjMqe.s:427    .text:0000000000000228 .L0 
     /tmp/ccHjjMqe.s:429    .text:000000000000022c .L0 
     /tmp/ccHjjMqe.s:434    .text:000000000000022c .L0 
     /tmp/ccHjjMqe.s:435    .text:000000000000022c .L0 
     /tmp/ccHjjMqe.s:436    .text:000000000000022c .L0 
     /tmp/ccHjjMqe.s:444    .text:0000000000000238 .L0 
     /tmp/ccHjjMqe.s:459    .text:0000000000000268 .L0 
     /tmp/ccHjjMqe.s:460    .text:0000000000000268 .L0 
     /tmp/ccHjjMqe.s:461    .text:000000000000026c .L0 
     /tmp/ccHjjMqe.s:463    .text:0000000000000270 .L0 
     /tmp/ccHjjMqe.s:464    .text:0000000000000270 .L0 
     /tmp/ccHjjMqe.s:466    .text:0000000000000274 .L0 
     /tmp/ccHjjMqe.s:468    .text:0000000000000278 .L0 
     /tmp/ccHjjMqe.s:474    .text:0000000000000278 _ZN3TCB8dispatchEv
     /tmp/ccHjjMqe.s:477    .text:0000000000000278 .L0 
     /tmp/ccHjjMqe.s:478    .text:0000000000000278 .L0 
     /tmp/ccHjjMqe.s:479    .text:000000000000027c .L0 
     /tmp/ccHjjMqe.s:483    .text:0000000000000288 .L0 
     /tmp/ccHjjMqe.s:484    .text:0000000000000288 .L0 
     /tmp/ccHjjMqe.s:485    .text:0000000000000288 .L0 
     /tmp/ccHjjMqe.s:487    .text:000000000000028c .L0 
     /tmp/ccHjjMqe.s:489    .text:000000000000028c .L0 
     /tmp/ccHjjMqe.s:490    .text:000000000000028c .L0 
     /tmp/ccHjjMqe.s:495    .text:0000000000000294 .L0 
     /tmp/ccHjjMqe.s:496    .text:0000000000000294 .L0 
     /tmp/ccHjjMqe.s:497    .text:0000000000000294 .L0 
     /tmp/ccHjjMqe.s:502    .text:0000000000000298 .L0 
     /tmp/ccHjjMqe.s:507    .text:000000000000029c .L0 
     /tmp/ccHjjMqe.s:508    .text:000000000000029c .L0 
     /tmp/ccHjjMqe.s:513    .text:00000000000002a0 .L0 
     /tmp/ccHjjMqe.s:516    .text:00000000000002a4 .L0 
     /tmp/ccHjjMqe.s:517    .text:00000000000002a4 .L0 
     /tmp/ccHjjMqe.s:520    .text:00000000000002ac .L0 
     /tmp/ccHjjMqe.s:522    .text:00000000000002b4 .L0 
     /tmp/ccHjjMqe.s:524    .text:00000000000002b8 .L0 
     /tmp/ccHjjMqe.s:525    .text:00000000000002b8 .L0 
     /tmp/ccHjjMqe.s:531    .text:00000000000002c8 .L0 
     /tmp/ccHjjMqe.s:532    .text:00000000000002cc .L0 
     /tmp/ccHjjMqe.s:533    .text:00000000000002cc .L0 
     /tmp/ccHjjMqe.s:535    .text:00000000000002d0 .L0 
     /tmp/ccHjjMqe.s:536    .text:00000000000002d0 .L0 
     /tmp/ccHjjMqe.s:538    .text:00000000000002d4 .L0 
     /tmp/ccHjjMqe.s:541    .text:00000000000002d8 .L0 
     /tmp/ccHjjMqe.s:545    .text:00000000000002dc .L0 
     /tmp/ccHjjMqe.s:547    .text:00000000000002dc .L0 
     /tmp/ccHjjMqe.s:548    .text:00000000000002dc .L0 
GAS LISTING /tmp/ccHjjMqe.s 			page 19


     /tmp/ccHjjMqe.s:554    .text:00000000000002ec .L0 
     /tmp/ccHjjMqe.s:555    .text:00000000000002ec .L0 
     /tmp/ccHjjMqe.s:557    .text:00000000000002f4 .L0 
     /tmp/ccHjjMqe.s:558    .text:00000000000002f8 .L0 
     /tmp/ccHjjMqe.s:564    .text:00000000000002f8 _ZN3TCB12thread_startEPS_
     /tmp/ccHjjMqe.s:567    .text:00000000000002f8 .L0 
     /tmp/ccHjjMqe.s:569    .text:00000000000002f8 .L0 
     /tmp/ccHjjMqe.s:570    .text:00000000000002fc .L0 
     /tmp/ccHjjMqe.s:573    .text:0000000000000304 .L0 
     /tmp/ccHjjMqe.s:574    .text:0000000000000304 .L0 
     /tmp/ccHjjMqe.s:576    .text:0000000000000308 .L0 
     /tmp/ccHjjMqe.s:578    .text:0000000000000308 .L0 
     /tmp/ccHjjMqe.s:579    .text:0000000000000308 .L0 
     /tmp/ccHjjMqe.s:582    .text:0000000000000310 .L0 
     /tmp/ccHjjMqe.s:583    .text:0000000000000314 .L0 
     /tmp/ccHjjMqe.s:585    .text:0000000000000318 .L0 
     /tmp/ccHjjMqe.s:586    .text:0000000000000318 .L0 
     /tmp/ccHjjMqe.s:588    .text:000000000000031c .L0 
     /tmp/ccHjjMqe.s:590    .text:0000000000000320 .L0 
     /tmp/ccHjjMqe.s:604    .bss:0000000000000008 _ZN3TCB16timeSliceCounterE
     /tmp/ccHjjMqe.s:600    .bss:0000000000000000 _ZN3TCB7runningE
     /tmp/ccHjjMqe.s:597    .bss:0000000000000000 .LANCHOR0
     /tmp/ccHjjMqe.s:613    .text:0000000000000320 .L0 
     /tmp/ccHjjMqe.s:30     .text:000000000000001c .L0 
     /tmp/ccHjjMqe.s:130    .text:00000000000000b0 .L0 
     /tmp/ccHjjMqe.s:294    .text:0000000000000188 .L0 
     /tmp/ccHjjMqe.s:446    .text:0000000000000240 .L0 
     /tmp/ccHjjMqe.s:490    .text:000000000000028c .L0 
     /tmp/ccHjjMqe.s:520    .text:00000000000002ac .L0 
     /tmp/ccHjjMqe.s:555    .text:00000000000002ec .L0 
     /tmp/ccHjjMqe.s:124    .text:00000000000000a8 .L7
     /tmp/ccHjjMqe.s:127    .text:00000000000000ac .L4
     /tmp/ccHjjMqe.s:180    .text:0000000000000110 .L8
     /tmp/ccHjjMqe.s:137    .text:00000000000000c8 .L5
     /tmp/ccHjjMqe.s:288    .text:0000000000000180 .L16
     /tmp/ccHjjMqe.s:291    .text:0000000000000184 .L13
     /tmp/ccHjjMqe.s:337    .text:00000000000001dc .L17
     /tmp/ccHjjMqe.s:301    .text:00000000000001a0 .L14
     /tmp/ccHjjMqe.s:514    .text:00000000000002a4 .L26
     /tmp/ccHjjMqe.s:544    .text:00000000000002dc .L30
     /tmp/ccHjjMqe.s:552    .text:00000000000002ec .L31
     /tmp/ccHjjMqe.s:529    .text:00000000000002c8 .L25
     /tmp/ccHjjMqe.s:103    .text:0000000000000084 .LEHB0
     /tmp/ccHjjMqe.s:73     .text:000000000000005c .LFB50
     /tmp/ccHjjMqe.s:106    .text:000000000000008c .LEHE0
     /tmp/ccHjjMqe.s:119    .text:000000000000009c .LEHB1
     /tmp/ccHjjMqe.s:122    .text:00000000000000a4 .LEHE1
     /tmp/ccHjjMqe.s:187    .text:0000000000000118 .L9
     /tmp/ccHjjMqe.s:155    .text:00000000000000e8 .LEHB2
     /tmp/ccHjjMqe.s:158    .text:00000000000000f0 .LEHE2
     /tmp/ccHjjMqe.s:200    .text:000000000000012c .LEHB3
     /tmp/ccHjjMqe.s:203    .text:0000000000000134 .LEHE3
     /tmp/ccHjjMqe.s:267    .text:000000000000015c .LEHB4
     /tmp/ccHjjMqe.s:237    .text:0000000000000134 .LFB51
     /tmp/ccHjjMqe.s:270    .text:0000000000000164 .LEHE4
     /tmp/ccHjjMqe.s:283    .text:0000000000000174 .LEHB5
     /tmp/ccHjjMqe.s:286    .text:000000000000017c .LEHE5
GAS LISTING /tmp/ccHjjMqe.s 			page 20


     /tmp/ccHjjMqe.s:344    .text:00000000000001e4 .L18
     /tmp/ccHjjMqe.s:357    .text:00000000000001f8 .LEHB6
     /tmp/ccHjjMqe.s:360    .text:0000000000000200 .LEHE6
     /tmp/ccHjjMqe.s:2142   .debug_abbrev:0000000000000000 .Ldebug_abbrev0
     /tmp/ccHjjMqe.s:3933   .debug_str:0000000000000886 .LASF155
     /tmp/ccHjjMqe.s:3771   .debug_str:00000000000003bc .LASF156
     /tmp/ccHjjMqe.s:3901   .debug_str:000000000000079c .LASF157
     /tmp/ccHjjMqe.s:5      .text:0000000000000000 .Ltext0
     /tmp/ccHjjMqe.s:607    .text:0000000000000320 .Letext0
     /tmp/ccHjjMqe.s:3657   .debug_line:0000000000000000 .Ldebug_line0
     /tmp/ccHjjMqe.s:3773   .debug_str:00000000000003c8 .LASF0
     /tmp/ccHjjMqe.s:3799   .debug_str:0000000000000485 .LASF1
     /tmp/ccHjjMqe.s:3873   .debug_str:00000000000006c6 .LASF2
     /tmp/ccHjjMqe.s:3883   .debug_str:000000000000070e .LASF4
     /tmp/ccHjjMqe.s:3783   .debug_str:00000000000003ff .LASF3
     /tmp/ccHjjMqe.s:3669   .debug_str:000000000000005e .LASF5
     /tmp/ccHjjMqe.s:3847   .debug_str:0000000000000616 .LASF6
     /tmp/ccHjjMqe.s:3793   .debug_str:000000000000045a .LASF7
     /tmp/ccHjjMqe.s:3749   .debug_str:00000000000002d5 .LASF8
     /tmp/ccHjjMqe.s:3755   .debug_str:000000000000030d .LASF9
     /tmp/ccHjjMqe.s:3693   .debug_str:000000000000011e .LASF10
     /tmp/ccHjjMqe.s:3735   .debug_str:0000000000000277 .LASF11
     /tmp/ccHjjMqe.s:3709   .debug_str:0000000000000189 .LASF12
     /tmp/ccHjjMqe.s:3691   .debug_str:000000000000010e .LASF13
     /tmp/ccHjjMqe.s:3913   .debug_str:000000000000080b .LASF14
     /tmp/ccHjjMqe.s:3727   .debug_str:0000000000000219 .LASF15
     /tmp/ccHjjMqe.s:3905   .debug_str:00000000000007cd .LASF16
     /tmp/ccHjjMqe.s:3789   .debug_str:0000000000000432 .LASF36
     /tmp/ccHjjMqe.s:3695   .debug_str:000000000000012d .LASF17
     /tmp/ccHjjMqe.s:3677   .debug_str:00000000000000aa .LASF18
     /tmp/ccHjjMqe.s:3797   .debug_str:0000000000000480 .LASF19
     /tmp/ccHjjMqe.s:3845   .debug_str:0000000000000606 .LASF29
     /tmp/ccHjjMqe.s:3785   .debug_str:0000000000000411 .LASF41
     /tmp/ccHjjMqe.s:3877   .debug_str:00000000000006e1 .LASF158
     /tmp/ccHjjMqe.s:3951   .debug_str:00000000000009ca .LASF159
     /tmp/ccHjjMqe.s:3705   .debug_str:000000000000016a .LASF20
     /tmp/ccHjjMqe.s:3943   .debug_str:000000000000098a .LASF21
     /tmp/ccHjjMqe.s:3855   .debug_str:000000000000065f .LASF22
     /tmp/ccHjjMqe.s:3971   .debug_str:0000000000000a5b .LASF31
     /tmp/ccHjjMqe.s:3817   .debug_str:0000000000000512 .LASF61
     /tmp/ccHjjMqe.s:3815   .debug_str:0000000000000508 .LASF23
     /tmp/ccHjjMqe.s:3673   .debug_str:0000000000000070 .LASF25
     /tmp/ccHjjMqe.s:3921   .debug_str:0000000000000849 .LASF24
     /tmp/ccHjjMqe.s:3733   .debug_str:0000000000000256 .LASF26
     /tmp/ccHjjMqe.s:3781   .debug_str:00000000000003f5 .LASF27
     /tmp/ccHjjMqe.s:3767   .debug_str:000000000000037d .LASF28
     /tmp/ccHjjMqe.s:3819   .debug_str:0000000000000536 .LASF65
     /tmp/ccHjjMqe.s:3891   .debug_str:0000000000000734 .LASF67
     /tmp/ccHjjMqe.s:3675   .debug_str:0000000000000091 .LASF56
     /tmp/ccHjjMqe.s:3823   .debug_str:0000000000000562 .LASF32
     /tmp/ccHjjMqe.s:3977   .debug_str:0000000000000a88 .LASF34
     /tmp/ccHjjMqe.s:3747   .debug_str:00000000000002cb .LASF30
     /tmp/ccHjjMqe.s:3899   .debug_str:000000000000078b .LASF93
     /tmp/ccHjjMqe.s:3981   .debug_str:0000000000000ab0 .LASF160
     /tmp/ccHjjMqe.s:3763   .debug_str:0000000000000353 .LASF78
     /tmp/ccHjjMqe.s:3741   .debug_str:000000000000029f .LASF33
     /tmp/ccHjjMqe.s:3897   .debug_str:000000000000076e .LASF35
GAS LISTING /tmp/ccHjjMqe.s 			page 21


     /tmp/ccHjjMqe.s:3955   .debug_str:0000000000000a06 .LASF161
     /tmp/ccHjjMqe.s:3701   .debug_str:000000000000014f .LASF37
     /tmp/ccHjjMqe.s:3885   .debug_str:0000000000000715 .LASF38
     /tmp/ccHjjMqe.s:3667   .debug_str:0000000000000052 .LASF39
     /tmp/ccHjjMqe.s:3829   .debug_str:0000000000000592 .LASF40
     /tmp/ccHjjMqe.s:3659   .debug_str:0000000000000000 .LASF42
     /tmp/ccHjjMqe.s:3863   .debug_str:0000000000000692 .LASF43
     /tmp/ccHjjMqe.s:3707   .debug_str:0000000000000173 .LASF44
     /tmp/ccHjjMqe.s:3923   .debug_str:0000000000000852 .LASF45
     /tmp/ccHjjMqe.s:3825   .debug_str:0000000000000573 .LASF46
     /tmp/ccHjjMqe.s:3683   .debug_str:00000000000000c8 .LASF47
     /tmp/ccHjjMqe.s:3945   .debug_str:000000000000098f .LASF48
     /tmp/ccHjjMqe.s:3715   .debug_str:00000000000001c1 .LASF49
     /tmp/ccHjjMqe.s:3807   .debug_str:00000000000004bf .LASF50
     /tmp/ccHjjMqe.s:3967   .debug_str:0000000000000a49 .LASF51
     /tmp/ccHjjMqe.s:3917   .debug_str:000000000000082c .LASF52
     /tmp/ccHjjMqe.s:3925   .debug_str:000000000000085d .LASF53
     /tmp/ccHjjMqe.s:3731   .debug_str:0000000000000240 .LASF54
     /tmp/ccHjjMqe.s:3849   .debug_str:0000000000000629 .LASF55
     /tmp/ccHjjMqe.s:3713   .debug_str:00000000000001a7 .LASF57
     /tmp/ccHjjMqe.s:3911   .debug_str:00000000000007fe .LASF58
     /tmp/ccHjjMqe.s:3953   .debug_str:00000000000009e6 .LASF59
     /tmp/ccHjjMqe.s:3841   .debug_str:00000000000005f0 .LASF162
     /tmp/ccHjjMqe.s:3729   .debug_str:000000000000022f .LASF60
     /tmp/ccHjjMqe.s:3689   .debug_str:00000000000000f2 .LASF62
     /tmp/ccHjjMqe.s:3939   .debug_str:000000000000096e .LASF63
     /tmp/ccHjjMqe.s:3757   .debug_str:000000000000031b .LASF64
     /tmp/ccHjjMqe.s:3801   .debug_str:0000000000000498 .LASF66
     /tmp/ccHjjMqe.s:3937   .debug_str:000000000000095e .LASF68
     /tmp/ccHjjMqe.s:3931   .debug_str:000000000000087e .LASF69
     /tmp/ccHjjMqe.s:3987   .debug_str:0000000000000acf .LASF70
     /tmp/ccHjjMqe.s:3751   .debug_str:00000000000002e5 .LASF71
     /tmp/ccHjjMqe.s:3687   .debug_str:00000000000000e2 .LASF72
     /tmp/ccHjjMqe.s:3743   .debug_str:00000000000002a8 .LASF73
     /tmp/ccHjjMqe.s:3663   .debug_str:000000000000001a .LASF74
     /tmp/ccHjjMqe.s:3811   .debug_str:00000000000004e5 .LASF75
     /tmp/ccHjjMqe.s:3903   .debug_str:00000000000007ba .LASF76
     /tmp/ccHjjMqe.s:3875   .debug_str:00000000000006d4 .LASF77
     /tmp/ccHjjMqe.s:3935   .debug_str:000000000000094a .LASF79
     /tmp/ccHjjMqe.s:3661   .debug_str:0000000000000015 .LASF80
     /tmp/ccHjjMqe.s:3983   .debug_str:0000000000000ac4 .LASF81
     /tmp/ccHjjMqe.s:3941   .debug_str:0000000000000982 .LASF82
     /tmp/ccHjjMqe.s:3985   .debug_str:0000000000000aca .LASF83
     /tmp/ccHjjMqe.s:3919   .debug_str:0000000000000840 .LASF84
     /tmp/ccHjjMqe.s:3837   .debug_str:00000000000005d3 .LASF85
     /tmp/ccHjjMqe.s:3681   .debug_str:00000000000000c0 .LASF86
     /tmp/ccHjjMqe.s:3685   .debug_str:00000000000000d4 .LASF89
     /tmp/ccHjjMqe.s:3803   .debug_str:000000000000049e .LASF91
     /tmp/ccHjjMqe.s:3711   .debug_str:0000000000000199 .LASF87
     /tmp/ccHjjMqe.s:3665   .debug_str:000000000000002a .LASF88
     /tmp/ccHjjMqe.s:3721   .debug_str:00000000000001f2 .LASF90
     /tmp/ccHjjMqe.s:3703   .debug_str:0000000000000157 .LASF92
     /tmp/ccHjjMqe.s:3893   .debug_str:0000000000000753 .LASF94
     /tmp/ccHjjMqe.s:3881   .debug_str:0000000000000703 .LASF95
     /tmp/ccHjjMqe.s:3973   .debug_str:0000000000000a67 .LASF96
     /tmp/ccHjjMqe.s:3927   .debug_str:0000000000000868 .LASF97
     /tmp/ccHjjMqe.s:3867   .debug_str:00000000000006ad .LASF98
GAS LISTING /tmp/ccHjjMqe.s 			page 22


     /tmp/ccHjjMqe.s:3957   .debug_str:0000000000000a10 .LASF99
     /tmp/ccHjjMqe.s:3759   .debug_str:0000000000000342 .LASF100
     /tmp/ccHjjMqe.s:3769   .debug_str:00000000000003a4 .LASF101
     /tmp/ccHjjMqe.s:3947   .debug_str:00000000000009a6 .LASF102
     /tmp/ccHjjMqe.s:3809   .debug_str:00000000000004d0 .LASF103
     /tmp/ccHjjMqe.s:3869   .debug_str:00000000000006b2 .LASF104
     /tmp/ccHjjMqe.s:3839   .debug_str:00000000000005db .LASF105
     /tmp/ccHjjMqe.s:3857   .debug_str:0000000000000664 .LASF106
     /tmp/ccHjjMqe.s:3859   .debug_str:000000000000066b .LASF107
     /tmp/ccHjjMqe.s:3831   .debug_str:000000000000059c .LASF108
     /tmp/ccHjjMqe.s:3795   .debug_str:000000000000046d .LASF109
     /tmp/ccHjjMqe.s:3969   .debug_str:0000000000000a53 .LASF110
     /tmp/ccHjjMqe.s:3909   .debug_str:00000000000007ea .LASF111
     /tmp/ccHjjMqe.s:3827   .debug_str:000000000000058a .LASF112
     /tmp/ccHjjMqe.s:3737   .debug_str:0000000000000286 .LASF113
     /tmp/ccHjjMqe.s:3805   .debug_str:00000000000004b7 .LASF114
     /tmp/ccHjjMqe.s:3861   .debug_str:000000000000067e .LASF115
     /tmp/ccHjjMqe.s:3989   .debug_str:0000000000000adc .LASF116
     /tmp/ccHjjMqe.s:3777   .debug_str:00000000000003db .LASF117
     /tmp/ccHjjMqe.s:3907   .debug_str:00000000000007e3 .LASF118
     /tmp/ccHjjMqe.s:3887   .debug_str:000000000000071a .LASF119
     /tmp/ccHjjMqe.s:3889   .debug_str:000000000000072d .LASF120
     /tmp/ccHjjMqe.s:3699   .debug_str:000000000000013c .LASF121
     /tmp/ccHjjMqe.s:3725   .debug_str:0000000000000213 .LASF122
     /tmp/ccHjjMqe.s:3765   .debug_str:000000000000036b .LASF123
     /tmp/ccHjjMqe.s:3775   .debug_str:00000000000003d5 .LASF124
     /tmp/ccHjjMqe.s:3719   .debug_str:00000000000001e0 .LASF125
     /tmp/ccHjjMqe.s:3963   .debug_str:0000000000000a35 .LASF126
     /tmp/ccHjjMqe.s:3843   .debug_str:00000000000005f5 .LASF127
     /tmp/ccHjjMqe.s:3787   .debug_str:000000000000042d .LASF128
     /tmp/ccHjjMqe.s:3929   .debug_str:000000000000086d .LASF129
     /tmp/ccHjjMqe.s:3671   .debug_str:0000000000000065 .LASF130
     /tmp/ccHjjMqe.s:3879   .debug_str:00000000000006eb .LASF131
     /tmp/ccHjjMqe.s:3871   .debug_str:00000000000006bb .LASF132
     /tmp/ccHjjMqe.s:3723   .debug_str:00000000000001fb .LASF133
     /tmp/ccHjjMqe.s:3959   .debug_str:0000000000000a16 .LASF134
     /tmp/ccHjjMqe.s:3975   .debug_str:0000000000000a72 .LASF135
     /tmp/ccHjjMqe.s:3697   .debug_str:0000000000000132 .LASF136
     /tmp/ccHjjMqe.s:3813   .debug_str:00000000000004f2 .LASF137
     /tmp/ccHjjMqe.s:3965   .debug_str:0000000000000a3a .LASF138
     /tmp/ccHjjMqe.s:3753   .debug_str:00000000000002f1 .LASF139
     /tmp/ccHjjMqe.s:3851   .debug_str:0000000000000636 .LASF140
     /tmp/ccHjjMqe.s:3791   .debug_str:0000000000000438 .LASF141
     /tmp/ccHjjMqe.s:3745   .debug_str:00000000000002b4 .LASF142
     /tmp/ccHjjMqe.s:3821   .debug_str:000000000000053e .LASF143
     /tmp/ccHjjMqe.s:3915   .debug_str:0000000000000817 .LASF144
     /tmp/ccHjjMqe.s:3833   .debug_str:00000000000005a3 .LASF145
     /tmp/ccHjjMqe.s:3679   .debug_str:00000000000000af .LASF146
     /tmp/ccHjjMqe.s:3949   .debug_str:00000000000009af .LASF147
     /tmp/ccHjjMqe.s:565    .text:00000000000002f8 .LFB56
     /tmp/ccHjjMqe.s:591    .text:0000000000000320 .LFE56
     /tmp/ccHjjMqe.s:3835   .debug_str:00000000000005c5 .LASF148
     /tmp/ccHjjMqe.s:3304   .debug_loc:0000000000000000 .LLST25
     /tmp/ccHjjMqe.s:580    .text:0000000000000310 .LVL47
     /tmp/ccHjjMqe.s:10     .text:0000000000000000 .LFB55
     /tmp/ccHjjMqe.s:67     .text:000000000000005c .LFE55
     /tmp/ccHjjMqe.s:41     .text:0000000000000038 .LBB23
GAS LISTING /tmp/ccHjjMqe.s 			page 23


     /tmp/ccHjjMqe.s:50     .text:0000000000000040 .LBE23
     /tmp/ccHjjMqe.s:3318   .debug_loc:0000000000000039 .LLST0
     /tmp/ccHjjMqe.s:3326   .debug_loc:000000000000005d .LLST1
     /tmp/ccHjjMqe.s:27     .text:000000000000001c .LVL0
     /tmp/ccHjjMqe.s:54     .text:0000000000000048 .LVL4
     /tmp/ccHjjMqe.s:475    .text:0000000000000278 .LFB54
     /tmp/ccHjjMqe.s:559    .text:00000000000002f8 .LFE54
     /tmp/ccHjjMqe.s:3333   .debug_loc:0000000000000080 .LLST22
     /tmp/ccHjjMqe.s:493    .text:0000000000000294 .LBB59
     /tmp/ccHjjMqe.s:500    .text:0000000000000298 .LBE59
     /tmp/ccHjjMqe.s:3344   .debug_loc:00000000000000b6 .LLST23
     /tmp/ccHjjMqe.s:504    .text:000000000000029c .LBB61
     /tmp/ccHjjMqe.s:511    .text:00000000000002a0 .LBE61
     /tmp/ccHjjMqe.s:3351   .debug_loc:00000000000000d9 .LLST24
     /tmp/ccHjjMqe.s:518    .text:00000000000002ac .LVL41
     /tmp/ccHjjMqe.s:528    .text:00000000000002c8 .LVL42
     /tmp/ccHjjMqe.s:550    .text:00000000000002e8 .LVL45
     /tmp/ccHjjMqe.s:419    .text:000000000000021c .LFB53
     /tmp/ccHjjMqe.s:469    .text:0000000000000278 .LFE53
     /tmp/ccHjjMqe.s:432    .text:000000000000022c .LBB55
     /tmp/ccHjjMqe.s:440    .text:0000000000000238 .LBE55
     /tmp/ccHjjMqe.s:3358   .debug_loc:00000000000000fc .LLST18
     /tmp/ccHjjMqe.s:438    .text:0000000000000238 .LVL35
     /tmp/ccHjjMqe.s:441    .text:0000000000000238 .LBB57
     /tmp/ccHjjMqe.s:457    .text:0000000000000268 .LBE57
     /tmp/ccHjjMqe.s:3367   .debug_loc:0000000000000121 .LLST19
     /tmp/ccHjjMqe.s:3375   .debug_loc:0000000000000145 .LLST21
     /tmp/ccHjjMqe.s:389    .text:0000000000000200 .LFB52
     /tmp/ccHjjMqe.s:413    .text:000000000000021c .LFE52
     /tmp/ccHjjMqe.s:364    .text:0000000000000200 .LFE51
     /tmp/ccHjjMqe.s:3382   .debug_loc:0000000000000168 .LLST10
     /tmp/ccHjjMqe.s:3411   .debug_loc:00000000000001dd .LLST11
     /tmp/ccHjjMqe.s:3895   .debug_str:0000000000000764 .LASF149
     /tmp/ccHjjMqe.s:3431   .debug_loc:000000000000023a .LLST12
     /tmp/ccHjjMqe.s:261    .text:0000000000000158 .LBB47
     /tmp/ccHjjMqe.s:274    .text:0000000000000168 .LBE47
     /tmp/ccHjjMqe.s:3442   .debug_loc:0000000000000270 .LLST13
     /tmp/ccHjjMqe.s:269    .text:0000000000000164 .LVL23
     /tmp/ccHjjMqe.s:275    .text:0000000000000168 .LBB49
     /tmp/ccHjjMqe.s:3643   .debug_ranges:0000000000000000 .Ldebug_ranges0
     /tmp/ccHjjMqe.s:3451   .debug_loc:0000000000000295 .LLST14
     /tmp/ccHjjMqe.s:3462   .debug_loc:00000000000002cb .LLST15
     /tmp/ccHjjMqe.s:3487   .debug_loc:000000000000032d .LLST16
     /tmp/ccHjjMqe.s:285    .text:000000000000017c .LVL25
     /tmp/ccHjjMqe.s:349    .text:00000000000001e8 .LBB53
     /tmp/ccHjjMqe.s:362    .text:0000000000000200 .LBE53
     /tmp/ccHjjMqe.s:3498   .debug_loc:0000000000000363 .LLST17
     /tmp/ccHjjMqe.s:355    .text:00000000000001f4 .LVL32
     /tmp/ccHjjMqe.s:359    .text:0000000000000200 .LVL33
     /tmp/ccHjjMqe.s:207    .text:0000000000000134 .LFE50
     /tmp/ccHjjMqe.s:3505   .debug_loc:0000000000000386 .LLST2
     /tmp/ccHjjMqe.s:3534   .debug_loc:00000000000003fb .LLST3
     /tmp/ccHjjMqe.s:3556   .debug_loc:000000000000045a .LLST4
     /tmp/ccHjjMqe.s:97     .text:0000000000000080 .LBB32
     /tmp/ccHjjMqe.s:110    .text:0000000000000090 .LBE32
     /tmp/ccHjjMqe.s:3567   .debug_loc:0000000000000490 .LLST5
     /tmp/ccHjjMqe.s:105    .text:000000000000008c .LVL8
GAS LISTING /tmp/ccHjjMqe.s 			page 24


     /tmp/ccHjjMqe.s:111    .text:0000000000000090 .LBB34
     /tmp/ccHjjMqe.s:3576   .debug_loc:00000000000004b5 .LLST6
     /tmp/ccHjjMqe.s:3587   .debug_loc:00000000000004eb .LLST7
     /tmp/ccHjjMqe.s:3612   .debug_loc:000000000000054d .LLST8
     /tmp/ccHjjMqe.s:121    .text:00000000000000a4 .LVL10
     /tmp/ccHjjMqe.s:192    .text:000000000000011c .LBB38
     /tmp/ccHjjMqe.s:205    .text:0000000000000134 .LBE38
     /tmp/ccHjjMqe.s:3623   .debug_loc:0000000000000583 .LLST9
     /tmp/ccHjjMqe.s:198    .text:0000000000000128 .LVL18
     /tmp/ccHjjMqe.s:157    .text:00000000000000f0 .LVL13
     /tmp/ccHjjMqe.s:202    .text:0000000000000134 .LVL19
     /tmp/ccHjjMqe.s:3739   .debug_str:000000000000029a .LASF150
     /tmp/ccHjjMqe.s:3853   .debug_str:000000000000064b .LASF163
     /tmp/ccHjjMqe.s:3761   .debug_str:000000000000034d .LASF151
     /tmp/ccHjjMqe.s:3961   .debug_str:0000000000000a20 .LASF164
     /tmp/ccHjjMqe.s:3865   .debug_str:000000000000069d .LASF165
     /tmp/ccHjjMqe.s:3779   .debug_str:00000000000003ef .LASF152
     /tmp/ccHjjMqe.s:3979   .debug_str:0000000000000aa1 .LASF153
     /tmp/ccHjjMqe.s:3717   .debug_str:00000000000001c8 .LASF154
     /tmp/ccHjjMqe.s:568    .text:00000000000002f8 .LVL46
     /tmp/ccHjjMqe.s:40     .text:0000000000000038 .LVL2
     /tmp/ccHjjMqe.s:48     .text:0000000000000040 .LVL3
     /tmp/ccHjjMqe.s:491    .text:0000000000000294 .LVL37
     /tmp/ccHjjMqe.s:539    .text:00000000000002d4 .LVL43
     /tmp/ccHjjMqe.s:543    .text:00000000000002dc .LVL44
     /tmp/ccHjjMqe.s:498    .text:0000000000000298 .LVL38
     /tmp/ccHjjMqe.s:503    .text:000000000000029c .LVL39
     /tmp/ccHjjMqe.s:509    .text:00000000000002a0 .LVL40
     /tmp/ccHjjMqe.s:431    .text:000000000000022c .LVL34
     /tmp/ccHjjMqe.s:455    .text:0000000000000268 .LVL36
     /tmp/ccHjjMqe.s:242    .text:0000000000000134 .LVL20
     /tmp/ccHjjMqe.s:266    .text:000000000000015c .LVL22
     /tmp/ccHjjMqe.s:306    .text:00000000000001a8 .LVL26
     /tmp/ccHjjMqe.s:336    .text:00000000000001dc .LVL30
     /tmp/ccHjjMqe.s:346    .text:00000000000001e8 .LVL31
     /tmp/ccHjjMqe.s:332    .text:00000000000001d4 .LVL29
     /tmp/ccHjjMqe.s:313    .text:00000000000001bc .LVL27
     /tmp/ccHjjMqe.s:327    .text:00000000000001cc .LVL28
     /tmp/ccHjjMqe.s:260    .text:0000000000000158 .LVL21
     /tmp/ccHjjMqe.s:272    .text:0000000000000168 .LVL24
     /tmp/ccHjjMqe.s:78     .text:000000000000005c .LVL5
     /tmp/ccHjjMqe.s:102    .text:0000000000000084 .LVL7
     /tmp/ccHjjMqe.s:142    .text:00000000000000d0 .LVL11
     /tmp/ccHjjMqe.s:179    .text:0000000000000110 .LVL16
     /tmp/ccHjjMqe.s:189    .text:000000000000011c .LVL17
     /tmp/ccHjjMqe.s:175    .text:0000000000000108 .LVL15
     /tmp/ccHjjMqe.s:149    .text:00000000000000e4 .LVL12
     /tmp/ccHjjMqe.s:170    .text:0000000000000100 .LVL14
     /tmp/ccHjjMqe.s:96     .text:0000000000000080 .LVL6
     /tmp/ccHjjMqe.s:108    .text:0000000000000090 .LVL9
     /tmp/ccHjjMqe.s:614    .debug_info:0000000000000000 .Ldebug_info0
     /tmp/ccHjjMqe.s:151    .text:00000000000000e4 .LBE34
     /tmp/ccHjjMqe.s:182    .text:0000000000000110 .LBB37
     /tmp/ccHjjMqe.s:191    .text:000000000000011c .LBE37
     /tmp/ccHjjMqe.s:315    .text:00000000000001bc .LBE49
     /tmp/ccHjjMqe.s:339    .text:00000000000001dc .LBB52
     /tmp/ccHjjMqe.s:348    .text:00000000000001e8 .LBE52
GAS LISTING /tmp/ccHjjMqe.s 			page 25


     /tmp/ccHjjMqe.s:210    .gcc_except_table:0000000000000000 .LLSDA50
     /tmp/ccHjjMqe.s:366    .gcc_except_table:0000000000000038 .LLSDA51

UNDEFINED SYMBOLS
_ZN5Riscv10popSppSpieEv
_Z15thread_dispatchv
_ZN15MemoryAllocator9mem_allocEm
_Znam
_ZN9Scheduler3putEP3TCB
_ZN15MemoryAllocator8mem_freeEPv
_Unwind_Resume
__gxx_personality_v0
_ZN9Scheduler3getEv
_ZN3TCB13contextSwitchEPNS_7ContextES1_
