GAS LISTING /tmp/cckSeK4u.s 			page 1


   1              		.file	"workers.cpp"
   2              		.option pic
   3              		.option norelax
   4              		.text
   5              	.Ltext0:
   6              		.align	2
   8              	_ZL9fibonaccim:
   9              	.LFB34:
  10              		.file 1 "src/workers.cpp"
   1:src/workers.cpp **** //
   2:src/workers.cpp **** // Created by marko on 20.4.22..
   3:src/workers.cpp **** //
   4:src/workers.cpp **** 
   5:src/workers.cpp **** #include "../h/syscall_c.hpp"
   6:src/workers.cpp **** #include "../h/tcb.hpp"
   7:src/workers.cpp **** #include "../h/print.hpp"
   8:src/workers.cpp **** 
   9:src/workers.cpp **** void workerBodyA()
  10:src/workers.cpp **** {
  11:src/workers.cpp ****     for (uint64 i = 0; i < 10; i++)
  12:src/workers.cpp ****     {
  13:src/workers.cpp ****         printStr("A: i=");
  14:src/workers.cpp ****         printInteger(i);
  15:src/workers.cpp ****         printStr("\n");
  16:src/workers.cpp ****         for (uint64 j = 0; j < 10000; j++)
  17:src/workers.cpp ****         {
  18:src/workers.cpp ****             for (uint64 k = 0; k < 30000; k++)
  19:src/workers.cpp ****             {
  20:src/workers.cpp ****                 // busy wait
  21:src/workers.cpp ****             }
  22:src/workers.cpp **** //            TCB::yield();
  23:src/workers.cpp ****         }
  24:src/workers.cpp ****     }
  25:src/workers.cpp **** }
  26:src/workers.cpp **** 
  27:src/workers.cpp **** void workerBodyB()
  28:src/workers.cpp **** {
  29:src/workers.cpp ****     for (uint64 i = 0; i < 16; i++)
  30:src/workers.cpp ****     {
  31:src/workers.cpp ****         printStr("B: i=");
  32:src/workers.cpp ****         printInteger(i);
  33:src/workers.cpp ****         printStr("\n");
  34:src/workers.cpp ****         for (uint64 j = 0; j < 10000; j++)
  35:src/workers.cpp ****         {
  36:src/workers.cpp ****             for (uint64 k = 0; k < 30000; k++)
  37:src/workers.cpp ****             {
  38:src/workers.cpp ****                 // busy wait
  39:src/workers.cpp ****             }
  40:src/workers.cpp **** //            TCB::yield();
  41:src/workers.cpp ****         }
  42:src/workers.cpp ****     }
  43:src/workers.cpp **** }
  44:src/workers.cpp **** 
  45:src/workers.cpp **** static uint64 fibonacci(uint64 n)
  46:src/workers.cpp **** {
  11              		.loc 1 46 1
  12              		.cfi_startproc
GAS LISTING /tmp/cckSeK4u.s 			page 2


  13              	.LVL0:
  14 0000 130101FE 		addi	sp,sp,-32
  15              		.cfi_def_cfa_offset 32
  16 0004 233C1100 		sd	ra,24(sp)
  17 0008 23388100 		sd	s0,16(sp)
  18 000c 23349100 		sd	s1,8(sp)
  19 0010 23302101 		sd	s2,0(sp)
  20              		.cfi_offset 1, -8
  21              		.cfi_offset 8, -16
  22              		.cfi_offset 9, -24
  23              		.cfi_offset 18, -32
  24 0014 13040102 		addi	s0,sp,32
  25              		.cfi_def_cfa 8, 0
  26 0018 93040500 		mv	s1,a0
  47:src/workers.cpp ****     if (n == 0 || n == 1) { return n; }
  27              		.loc 1 47 5
  28 001c 93071000 		li	a5,1
  29 0020 63F8A702 		bleu	a0,a5,.L1
  48:src/workers.cpp ****     if (n % 10 == 0) { TCB::yield(); }
  30              		.loc 1 48 5
  31              		.loc 1 48 11 is_stmt 0
  32 0024 9307A000 		li	a5,10
  33 0028 B377F502 		remu	a5,a0,a5
  34              		.loc 1 48 5
  35 002c 638E0702 		beqz	a5,.L6
  36              	.LVL1:
  37              	.L3:
  49:src/workers.cpp ****     return fibonacci(n - 1) + fibonacci(n - 2);
  38              		.loc 1 49 5 is_stmt 1
  39              		.loc 1 49 21 is_stmt 0
  40 0030 1385F4FF 		addi	a0,s1,-1
  41 0034 97000000 		call	_ZL9fibonaccim
  41      E7800000 
  42              	.LVL2:
  43 003c 13090500 		mv	s2,a0
  44              		.loc 1 49 40
  45 0040 1385E4FF 		addi	a0,s1,-2
  46 0044 97000000 		call	_ZL9fibonaccim
  46      E7800000 
  47              	.LVL3:
  48              		.loc 1 49 46
  49 004c 3305A900 		add	a0,s2,a0
  50              	.L1:
  50:src/workers.cpp **** }
  51              		.loc 1 50 1
  52 0050 83308101 		ld	ra,24(sp)
  53              		.cfi_remember_state
  54              		.cfi_restore 1
  55 0054 03340101 		ld	s0,16(sp)
  56              		.cfi_restore 8
  57              		.cfi_def_cfa 2, 32
  58 0058 83348100 		ld	s1,8(sp)
  59              		.cfi_restore 9
  60              	.LVL4:
  61 005c 03390100 		ld	s2,0(sp)
  62              		.cfi_restore 18
  63 0060 13010102 		addi	sp,sp,32
GAS LISTING /tmp/cckSeK4u.s 			page 3


  64              		.cfi_def_cfa_offset 0
  65 0064 67800000 		jr	ra
  66              	.LVL5:
  67              	.L6:
  68              		.cfi_restore_state
  48:src/workers.cpp ****     if (n % 10 == 0) { TCB::yield(); }
  69              		.loc 1 48 24 is_stmt 1 discriminator 1
  48:src/workers.cpp ****     if (n % 10 == 0) { TCB::yield(); }
  70              		.loc 1 48 34 is_stmt 0 discriminator 1
  71 0068 97000000 		call	_ZN3TCB5yieldEv@plt
  71      E7800000 
  72              	.LVL6:
  73 0070 6FF01FFC 		j	.L3
  74              		.cfi_endproc
  75              	.LFE34:
  77              		.section	.rodata.str1.8,"aMS",@progbits,1
  78              		.align	3
  79              	.LC0:
  80 0000 413A2069 		.string	"A: i="
  80      3D00
  81 0006 0000     		.align	3
  82              	.LC1:
  83 0008 0A00     		.string	"\n"
  84              		.text
  85              		.align	2
  86              		.globl	_Z11workerBodyAv
  88              	_Z11workerBodyAv:
  89              	.LFB32:
  10:src/workers.cpp ****     for (uint64 i = 0; i < 10; i++)
  90              		.loc 1 10 1 is_stmt 1
  91              		.cfi_startproc
  92 0074 130101FE 		addi	sp,sp,-32
  93              		.cfi_def_cfa_offset 32
  94 0078 233C1100 		sd	ra,24(sp)
  95 007c 23388100 		sd	s0,16(sp)
  96 0080 23349100 		sd	s1,8(sp)
  97              		.cfi_offset 1, -8
  98              		.cfi_offset 8, -16
  99              		.cfi_offset 9, -24
 100 0084 13040102 		addi	s0,sp,32
 101              		.cfi_def_cfa 8, 0
  11:src/workers.cpp ****     {
 102              		.loc 1 11 5
 103              	.LVL7:
 104              	.LBB2:
  11:src/workers.cpp ****     {
 105              		.loc 1 11 17 is_stmt 0
 106 0088 93040000 		li	s1,0
 107 008c 6F000003 		j	.L13
 108              	.LVL8:
 109              	.L10:
 110              	.LBB3:
 111              	.LBB4:
  16:src/workers.cpp ****         {
 112              		.loc 1 16 9 is_stmt 1 discriminator 2
 113 0090 93861600 		addi	a3,a3,1
 114              	.LVL9:
GAS LISTING /tmp/cckSeK4u.s 			page 4


 115              	.L12:
  16:src/workers.cpp ****         {
 116              		.loc 1 16 30 discriminator 1
 117 0094 B7270000 		li	a5,8192
 118 0098 9387F770 		addi	a5,a5,1807
 119 009c 63EED700 		bgtu	a3,a5,.L9
 120              	.LBB5:
  18:src/workers.cpp ****             {
 121              		.loc 1 18 25 is_stmt 0
 122 00a0 13070000 		li	a4,0
 123              	.L11:
 124              	.LVL10:
  18:src/workers.cpp ****             {
 125              		.loc 1 18 34 is_stmt 1 discriminator 3
 126 00a4 B7770000 		li	a5,28672
 127 00a8 9387F752 		addi	a5,a5,1327
 128 00ac E3E2E7FE 		bgtu	a4,a5,.L10
  18:src/workers.cpp ****             {
 129              		.loc 1 18 13 discriminator 2
 130 00b0 13071700 		addi	a4,a4,1
 131              	.LVL11:
 132 00b4 6FF01FFF 		j	.L11
 133              	.LVL12:
 134              	.L9:
 135              	.LBE5:
 136              	.LBE4:
 137              	.LBE3:
  11:src/workers.cpp ****     {
 138              		.loc 1 11 5 discriminator 2
 139 00b8 93841400 		addi	s1,s1,1
 140              	.LVL13:
 141              	.L13:
  11:src/workers.cpp ****     {
 142              		.loc 1 11 26 discriminator 1
 143 00bc 93079000 		li	a5,9
 144 00c0 63EC9702 		bgtu	s1,a5,.L7
 145              	.LBB7:
  13:src/workers.cpp ****         printInteger(i);
 146              		.loc 1 13 9
  13:src/workers.cpp ****         printInteger(i);
 147              		.loc 1 13 17 is_stmt 0
 148 00c4 17050000 		lla	a0,.LC0
 148      13050500 
 149 00cc 97000000 		call	_Z8printStrPKc@plt
 149      E7800000 
 150              	.LVL14:
  14:src/workers.cpp ****         printStr("\n");
 151              		.loc 1 14 9 is_stmt 1
  14:src/workers.cpp ****         printStr("\n");
 152              		.loc 1 14 21 is_stmt 0
 153 00d4 13850400 		mv	a0,s1
 154 00d8 97000000 		call	_Z12printIntegerm@plt
 154      E7800000 
 155              	.LVL15:
  15:src/workers.cpp ****         for (uint64 j = 0; j < 10000; j++)
 156              		.loc 1 15 9 is_stmt 1
  15:src/workers.cpp ****         for (uint64 j = 0; j < 10000; j++)
GAS LISTING /tmp/cckSeK4u.s 			page 5


 157              		.loc 1 15 17 is_stmt 0
 158 00e0 17050000 		lla	a0,.LC1
 158      13050500 
 159 00e8 97000000 		call	_Z8printStrPKc@plt
 159      E7800000 
 160              	.LVL16:
  16:src/workers.cpp ****         {
 161              		.loc 1 16 9 is_stmt 1
 162              	.LBB6:
  16:src/workers.cpp ****         {
 163              		.loc 1 16 21 is_stmt 0
 164 00f0 93060000 		li	a3,0
 165 00f4 6FF01FFA 		j	.L12
 166              	.LVL17:
 167              	.L7:
 168              	.LBE6:
 169              	.LBE7:
 170              	.LBE2:
  25:src/workers.cpp **** 
 171              		.loc 1 25 1
 172 00f8 83308101 		ld	ra,24(sp)
 173              		.cfi_restore 1
 174 00fc 03340101 		ld	s0,16(sp)
 175              		.cfi_restore 8
 176              		.cfi_def_cfa 2, 32
 177 0100 83348100 		ld	s1,8(sp)
 178              		.cfi_restore 9
 179              	.LVL18:
 180 0104 13010102 		addi	sp,sp,32
 181              		.cfi_def_cfa_offset 0
 182 0108 67800000 		jr	ra
 183              		.cfi_endproc
 184              	.LFE32:
 186              		.section	.rodata.str1.8
 187 000a 00000000 		.align	3
 187      0000
 188              	.LC2:
 189 0010 423A2069 		.string	"B: i="
 189      3D00
 190              		.text
 191              		.align	2
 192              		.globl	_Z11workerBodyBv
 194              	_Z11workerBodyBv:
 195              	.LFB33:
  28:src/workers.cpp ****     for (uint64 i = 0; i < 16; i++)
 196              		.loc 1 28 1 is_stmt 1
 197              		.cfi_startproc
 198 010c 130101FE 		addi	sp,sp,-32
 199              		.cfi_def_cfa_offset 32
 200 0110 233C1100 		sd	ra,24(sp)
 201 0114 23388100 		sd	s0,16(sp)
 202 0118 23349100 		sd	s1,8(sp)
 203              		.cfi_offset 1, -8
 204              		.cfi_offset 8, -16
 205              		.cfi_offset 9, -24
 206 011c 13040102 		addi	s0,sp,32
 207              		.cfi_def_cfa 8, 0
GAS LISTING /tmp/cckSeK4u.s 			page 6


  29:src/workers.cpp ****     {
 208              		.loc 1 29 5
 209              	.LVL19:
 210              	.LBB8:
  29:src/workers.cpp ****     {
 211              		.loc 1 29 17 is_stmt 0
 212 0120 93040000 		li	s1,0
 213 0124 6F000003 		j	.L21
 214              	.LVL20:
 215              	.L18:
 216              	.LBB9:
 217              	.LBB10:
  34:src/workers.cpp ****         {
 218              		.loc 1 34 9 is_stmt 1 discriminator 2
 219 0128 93861600 		addi	a3,a3,1
 220              	.LVL21:
 221              	.L20:
  34:src/workers.cpp ****         {
 222              		.loc 1 34 30 discriminator 1
 223 012c B7270000 		li	a5,8192
 224 0130 9387F770 		addi	a5,a5,1807
 225 0134 63EED700 		bgtu	a3,a5,.L17
 226              	.LBB11:
  36:src/workers.cpp ****             {
 227              		.loc 1 36 25 is_stmt 0
 228 0138 13070000 		li	a4,0
 229              	.L19:
 230              	.LVL22:
  36:src/workers.cpp ****             {
 231              		.loc 1 36 34 is_stmt 1 discriminator 3
 232 013c B7770000 		li	a5,28672
 233 0140 9387F752 		addi	a5,a5,1327
 234 0144 E3E2E7FE 		bgtu	a4,a5,.L18
  36:src/workers.cpp ****             {
 235              		.loc 1 36 13 discriminator 2
 236 0148 13071700 		addi	a4,a4,1
 237              	.LVL23:
 238 014c 6FF01FFF 		j	.L19
 239              	.LVL24:
 240              	.L17:
 241              	.LBE11:
 242              	.LBE10:
 243              	.LBE9:
  29:src/workers.cpp ****     {
 244              		.loc 1 29 5 discriminator 2
 245 0150 93841400 		addi	s1,s1,1
 246              	.LVL25:
 247              	.L21:
  29:src/workers.cpp ****     {
 248              		.loc 1 29 26 discriminator 1
 249 0154 9307F000 		li	a5,15
 250 0158 63EC9702 		bgtu	s1,a5,.L15
 251              	.LBB13:
  31:src/workers.cpp ****         printInteger(i);
 252              		.loc 1 31 9
  31:src/workers.cpp ****         printInteger(i);
 253              		.loc 1 31 17 is_stmt 0
GAS LISTING /tmp/cckSeK4u.s 			page 7


 254 015c 17050000 		lla	a0,.LC2
 254      13050500 
 255 0164 97000000 		call	_Z8printStrPKc@plt
 255      E7800000 
 256              	.LVL26:
  32:src/workers.cpp ****         printStr("\n");
 257              		.loc 1 32 9 is_stmt 1
  32:src/workers.cpp ****         printStr("\n");
 258              		.loc 1 32 21 is_stmt 0
 259 016c 13850400 		mv	a0,s1
 260 0170 97000000 		call	_Z12printIntegerm@plt
 260      E7800000 
 261              	.LVL27:
  33:src/workers.cpp ****         for (uint64 j = 0; j < 10000; j++)
 262              		.loc 1 33 9 is_stmt 1
  33:src/workers.cpp ****         for (uint64 j = 0; j < 10000; j++)
 263              		.loc 1 33 17 is_stmt 0
 264 0178 17050000 		lla	a0,.LC1
 264      13050500 
 265 0180 97000000 		call	_Z8printStrPKc@plt
 265      E7800000 
 266              	.LVL28:
  34:src/workers.cpp ****         {
 267              		.loc 1 34 9 is_stmt 1
 268              	.LBB12:
  34:src/workers.cpp ****         {
 269              		.loc 1 34 21 is_stmt 0
 270 0188 93060000 		li	a3,0
 271 018c 6FF01FFA 		j	.L20
 272              	.LVL29:
 273              	.L15:
 274              	.LBE12:
 275              	.LBE13:
 276              	.LBE8:
  43:src/workers.cpp **** 
 277              		.loc 1 43 1
 278 0190 83308101 		ld	ra,24(sp)
 279              		.cfi_restore 1
 280 0194 03340101 		ld	s0,16(sp)
 281              		.cfi_restore 8
 282              		.cfi_def_cfa 2, 32
 283 0198 83348100 		ld	s1,8(sp)
 284              		.cfi_restore 9
 285              	.LVL30:
 286 019c 13010102 		addi	sp,sp,32
 287              		.cfi_def_cfa_offset 0
 288 01a0 67800000 		jr	ra
 289              		.cfi_endproc
 290              	.LFE33:
 292              		.section	.rodata.str1.8
 293 0016 0000     		.align	3
 294              	.LC3:
 295 0018 433A2069 		.string	"C: i="
 295      3D00
 296 001e 0000     		.align	3
 297              	.LC4:
 298 0020 433A2079 		.string	"C: yield\n"
GAS LISTING /tmp/cckSeK4u.s 			page 8


 298      69656C64 
 298      0A00
 299 002a 00000000 		.align	3
 299      0000
 300              	.LC5:
 301 0030 433A2074 		.string	"C: t1="
 301      313D00
 302 0037 00       		.align	3
 303              	.LC6:
 304 0038 433A2066 		.string	"C: fibonaci="
 304      69626F6E 
 304      6163693D 
 304      00
 305              		.text
 306              		.align	2
 307              		.globl	_Z11workerBodyCv
 309              	_Z11workerBodyCv:
 310              	.LFB35:
  51:src/workers.cpp **** 
  52:src/workers.cpp **** void workerBodyC()
  53:src/workers.cpp **** {
 311              		.loc 1 53 1 is_stmt 1
 312              		.cfi_startproc
 313 01a4 130101FE 		addi	sp,sp,-32
 314              		.cfi_def_cfa_offset 32
 315 01a8 233C1100 		sd	ra,24(sp)
 316 01ac 23388100 		sd	s0,16(sp)
 317 01b0 23349100 		sd	s1,8(sp)
 318 01b4 23302101 		sd	s2,0(sp)
 319              		.cfi_offset 1, -8
 320              		.cfi_offset 8, -16
 321              		.cfi_offset 9, -24
 322              		.cfi_offset 18, -32
 323 01b8 13040102 		addi	s0,sp,32
 324              		.cfi_def_cfa 8, 0
  54:src/workers.cpp ****     uint8 i = 0;
 325              		.loc 1 54 5
 326              	.LVL31:
 327              		.loc 1 54 11 is_stmt 0
 328 01bc 93040000 		li	s1,0
 329 01c0 6F008003 		j	.L25
 330              	.LVL32:
 331              	.L29:
  55:src/workers.cpp ****     for (; i < 3; i++)
  56:src/workers.cpp ****     {
  57:src/workers.cpp ****         printStr("C: i=");
 332              		.loc 1 57 9 is_stmt 1 discriminator 1
 333              		.loc 1 57 17 is_stmt 0 discriminator 1
 334 01c4 17050000 		lla	a0,.LC3
 334      13050500 
 335 01cc 97000000 		call	_Z8printStrPKc@plt
 335      E7800000 
 336              	.LVL33:
  58:src/workers.cpp ****         printInteger(i);
 337              		.loc 1 58 9 is_stmt 1 discriminator 1
 338              		.loc 1 58 21 is_stmt 0 discriminator 1
 339 01d4 13850400 		mv	a0,s1
GAS LISTING /tmp/cckSeK4u.s 			page 9


 340 01d8 97000000 		call	_Z12printIntegerm@plt
 340      E7800000 
 341              	.LVL34:
  59:src/workers.cpp ****         printStr("\n");
 342              		.loc 1 59 9 is_stmt 1 discriminator 1
 343              		.loc 1 59 17 is_stmt 0 discriminator 1
 344 01e0 17050000 		lla	a0,.LC1
 344      13050500 
 345 01e8 97000000 		call	_Z8printStrPKc@plt
 345      E7800000 
 346              	.LVL35:
  55:src/workers.cpp ****     for (; i < 3; i++)
 347              		.loc 1 55 5 is_stmt 1 discriminator 1
 348 01f0 9B841400 		addiw	s1,s1,1
 349              	.LVL36:
 350 01f4 93F4F40F 		andi	s1,s1,0xff
 351              	.LVL37:
 352              	.L25:
  55:src/workers.cpp ****     for (; i < 3; i++)
 353              		.loc 1 55 5 discriminator 2
  55:src/workers.cpp ****     for (; i < 3; i++)
 354              		.loc 1 55 14 discriminator 2
 355 01f8 93072000 		li	a5,2
 356 01fc E3F497FC 		bleu	s1,a5,.L29
  60:src/workers.cpp ****     }
  61:src/workers.cpp **** 
  62:src/workers.cpp ****     printStr("C: yield\n");
 357              		.loc 1 62 5
 358              		.loc 1 62 13 is_stmt 0
 359 0200 17050000 		lla	a0,.LC4
 359      13050500 
 360 0208 97000000 		call	_Z8printStrPKc@plt
 360      E7800000 
 361              	.LVL38:
  63:src/workers.cpp ****     __asm__ ("li t1, 7");
 362              		.loc 1 63 5 is_stmt 1
 363              		.loc 1 63 25 is_stmt 0
 364              	#APP
 365              	# 63 "src/workers.cpp" 1
  64              	    TCB::yield();
 366              		li t1, 7
 367              	# 0 "" 2
 368              		.loc 1 64 5 is_stmt 1
 369              		.loc 1 64 15 is_stmt 0
 370              	#NO_APP
 371 0214 97000000 		call	_ZN3TCB5yieldEv@plt
 371      E7800000 
 372              	.LVL39:
  65:src/workers.cpp **** 
  66:src/workers.cpp ****     uint64 t1 = 0;
 373              		.loc 1 66 5 is_stmt 1
  67:src/workers.cpp ****     __asm__ ("mv %[t1], t1" : [t1] "=r"(t1));
 374              		.loc 1 67 5
 375              		.loc 1 67 45 is_stmt 0
 376              	#APP
 377              	# 67 "src/workers.cpp" 1
  68              	
GAS LISTING /tmp/cckSeK4u.s 			page 10


 378              		mv s2, t1
 379              	# 0 "" 2
 380              	.LVL40:
  69:src/workers.cpp ****     printStr("C: t1=");
 381              		.loc 1 69 5 is_stmt 1
 382              		.loc 1 69 13 is_stmt 0
 383              	#NO_APP
 384 0220 17050000 		lla	a0,.LC5
 384      13050500 
 385 0228 97000000 		call	_Z8printStrPKc@plt
 385      E7800000 
 386              	.LVL41:
  70:src/workers.cpp ****     printInteger(t1);
 387              		.loc 1 70 5 is_stmt 1
 388              		.loc 1 70 17 is_stmt 0
 389 0230 13050900 		mv	a0,s2
 390 0234 97000000 		call	_Z12printIntegerm@plt
 390      E7800000 
 391              	.LVL42:
  71:src/workers.cpp ****     printStr("\n");
 392              		.loc 1 71 5 is_stmt 1
 393              		.loc 1 71 13 is_stmt 0
 394 023c 17050000 		lla	a0,.LC1
 394      13050500 
 395 0244 97000000 		call	_Z8printStrPKc@plt
 395      E7800000 
 396              	.LVL43:
  72:src/workers.cpp **** 
  73:src/workers.cpp ****     uint64 result = fibonacci(12);
 397              		.loc 1 73 5 is_stmt 1
 398              		.loc 1 73 30 is_stmt 0
 399 024c 1305C000 		li	a0,12
 400 0250 97000000 		call	_ZL9fibonaccim
 400      E7800000 
 401              	.LVL44:
 402 0258 13090500 		mv	s2,a0
 403              	.LVL45:
  74:src/workers.cpp ****     printStr("C: fibonaci=");
 404              		.loc 1 74 5 is_stmt 1
 405              		.loc 1 74 13 is_stmt 0
 406 025c 17050000 		lla	a0,.LC6
 406      13050500 
 407              	.LVL46:
 408 0264 97000000 		call	_Z8printStrPKc@plt
 408      E7800000 
 409              	.LVL47:
  75:src/workers.cpp ****     printInteger(result);
 410              		.loc 1 75 5 is_stmt 1
 411              		.loc 1 75 17 is_stmt 0
 412 026c 13050900 		mv	a0,s2
 413 0270 97000000 		call	_Z12printIntegerm@plt
 413      E7800000 
 414              	.LVL48:
  76:src/workers.cpp ****     printStr("\n");
 415              		.loc 1 76 5 is_stmt 1
 416              		.loc 1 76 13 is_stmt 0
 417 0278 17050000 		lla	a0,.LC1
GAS LISTING /tmp/cckSeK4u.s 			page 11


 417      13050500 
 418 0280 97000000 		call	_Z8printStrPKc@plt
 418      E7800000 
 419              	.LVL49:
 420 0288 6F008003 		j	.L27
 421              	.L30:
  77:src/workers.cpp **** 
  78:src/workers.cpp ****     for (; i < 6; i++)
  79:src/workers.cpp ****     {
  80:src/workers.cpp ****         printStr("C: i=");
 422              		.loc 1 80 9 is_stmt 1 discriminator 1
 423              		.loc 1 80 17 is_stmt 0 discriminator 1
 424 028c 17050000 		lla	a0,.LC3
 424      13050500 
 425 0294 97000000 		call	_Z8printStrPKc@plt
 425      E7800000 
 426              	.LVL50:
  81:src/workers.cpp ****         printInteger(i);
 427              		.loc 1 81 9 is_stmt 1 discriminator 1
 428              		.loc 1 81 21 is_stmt 0 discriminator 1
 429 029c 13850400 		mv	a0,s1
 430 02a0 97000000 		call	_Z12printIntegerm@plt
 430      E7800000 
 431              	.LVL51:
  82:src/workers.cpp ****         printStr("\n");
 432              		.loc 1 82 9 is_stmt 1 discriminator 1
 433              		.loc 1 82 17 is_stmt 0 discriminator 1
 434 02a8 17050000 		lla	a0,.LC1
 434      13050500 
 435 02b0 97000000 		call	_Z8printStrPKc@plt
 435      E7800000 
 436              	.LVL52:
  78:src/workers.cpp ****     {
 437              		.loc 1 78 5 is_stmt 1 discriminator 1
 438 02b8 9B841400 		addiw	s1,s1,1
 439              	.LVL53:
 440 02bc 93F4F40F 		andi	s1,s1,0xff
 441              	.LVL54:
 442              	.L27:
  78:src/workers.cpp ****     {
 443              		.loc 1 78 5 discriminator 2
  78:src/workers.cpp ****     {
 444              		.loc 1 78 14 discriminator 2
 445 02c0 93075000 		li	a5,5
 446 02c4 E3F497FC 		bleu	s1,a5,.L30
  83:src/workers.cpp ****     }
  84:src/workers.cpp **** //    TCB::yield();
  85:src/workers.cpp **** }
 447              		.loc 1 85 1 is_stmt 0
 448 02c8 83308101 		ld	ra,24(sp)
 449              		.cfi_restore 1
 450 02cc 03340101 		ld	s0,16(sp)
 451              		.cfi_restore 8
 452              		.cfi_def_cfa 2, 32
 453 02d0 83348100 		ld	s1,8(sp)
 454              		.cfi_restore 9
 455              	.LVL55:
GAS LISTING /tmp/cckSeK4u.s 			page 12


 456 02d4 03390100 		ld	s2,0(sp)
 457              		.cfi_restore 18
 458              	.LVL56:
 459 02d8 13010102 		addi	sp,sp,32
 460              		.cfi_def_cfa_offset 0
 461 02dc 67800000 		jr	ra
 462              		.cfi_endproc
 463              	.LFE35:
 465              		.section	.rodata.str1.8
 466 0045 000000   		.align	3
 467              	.LC7:
 468 0048 443A2069 		.string	"D: i="
 468      3D00
 469 004e 0000     		.align	3
 470              	.LC8:
 471 0050 443A2079 		.string	"D: yield\n"
 471      69656C64 
 471      0A00
 472 005a 00000000 		.align	3
 472      0000
 473              	.LC9:
 474 0060 443A2066 		.string	"D: fibonaci="
 474      69626F6E 
 474      6163693D 
 474      00
 475              		.text
 476              		.align	2
 477              		.globl	_Z11workerBodyDv
 479              	_Z11workerBodyDv:
 480              	.LFB36:
  86:src/workers.cpp **** 
  87:src/workers.cpp **** void workerBodyD()
  88:src/workers.cpp **** {
 481              		.loc 1 88 1 is_stmt 1
 482              		.cfi_startproc
 483 02e0 130101FE 		addi	sp,sp,-32
 484              		.cfi_def_cfa_offset 32
 485 02e4 233C1100 		sd	ra,24(sp)
 486 02e8 23388100 		sd	s0,16(sp)
 487 02ec 23349100 		sd	s1,8(sp)
 488 02f0 23302101 		sd	s2,0(sp)
 489              		.cfi_offset 1, -8
 490              		.cfi_offset 8, -16
 491              		.cfi_offset 9, -24
 492              		.cfi_offset 18, -32
 493 02f4 13040102 		addi	s0,sp,32
 494              		.cfi_def_cfa 8, 0
  89:src/workers.cpp ****     uint8 i = 10;
 495              		.loc 1 89 5
 496              	.LVL57:
 497              		.loc 1 89 11 is_stmt 0
 498 02f8 9304A000 		li	s1,10
 499 02fc 6F008003 		j	.L33
 500              	.LVL58:
 501              	.L37:
  90:src/workers.cpp ****     for (; i < 13; i++)
  91:src/workers.cpp ****     {
GAS LISTING /tmp/cckSeK4u.s 			page 13


  92:src/workers.cpp ****         printStr("D: i=");
 502              		.loc 1 92 9 is_stmt 1 discriminator 1
 503              		.loc 1 92 17 is_stmt 0 discriminator 1
 504 0300 17050000 		lla	a0,.LC7
 504      13050500 
 505 0308 97000000 		call	_Z8printStrPKc@plt
 505      E7800000 
 506              	.LVL59:
  93:src/workers.cpp ****         printInteger(i);
 507              		.loc 1 93 9 is_stmt 1 discriminator 1
 508              		.loc 1 93 21 is_stmt 0 discriminator 1
 509 0310 13850400 		mv	a0,s1
 510 0314 97000000 		call	_Z12printIntegerm@plt
 510      E7800000 
 511              	.LVL60:
  94:src/workers.cpp ****         printStr("\n");
 512              		.loc 1 94 9 is_stmt 1 discriminator 1
 513              		.loc 1 94 17 is_stmt 0 discriminator 1
 514 031c 17050000 		lla	a0,.LC1
 514      13050500 
 515 0324 97000000 		call	_Z8printStrPKc@plt
 515      E7800000 
 516              	.LVL61:
  90:src/workers.cpp ****     for (; i < 13; i++)
 517              		.loc 1 90 5 is_stmt 1 discriminator 1
 518 032c 9B841400 		addiw	s1,s1,1
 519              	.LVL62:
 520 0330 93F4F40F 		andi	s1,s1,0xff
 521              	.LVL63:
 522              	.L33:
  90:src/workers.cpp ****     for (; i < 13; i++)
 523              		.loc 1 90 5 discriminator 2
  90:src/workers.cpp ****     for (; i < 13; i++)
 524              		.loc 1 90 14 discriminator 2
 525 0334 9307C000 		li	a5,12
 526 0338 E3F497FC 		bleu	s1,a5,.L37
  95:src/workers.cpp ****     }
  96:src/workers.cpp **** 
  97:src/workers.cpp ****     printStr("D: yield\n");
 527              		.loc 1 97 5
 528              		.loc 1 97 13 is_stmt 0
 529 033c 17050000 		lla	a0,.LC8
 529      13050500 
 530 0344 97000000 		call	_Z8printStrPKc@plt
 530      E7800000 
 531              	.LVL64:
  98:src/workers.cpp ****     __asm__ ("li t1, 5");
 532              		.loc 1 98 5 is_stmt 1
 533              		.loc 1 98 25 is_stmt 0
 534              	#APP
 535              	# 98 "src/workers.cpp" 1
  99              	    TCB::yield();
 536              		li t1, 5
 537              	# 0 "" 2
 538              		.loc 1 99 5 is_stmt 1
 539              		.loc 1 99 15 is_stmt 0
 540              	#NO_APP
GAS LISTING /tmp/cckSeK4u.s 			page 14


 541 0350 97000000 		call	_ZN3TCB5yieldEv@plt
 541      E7800000 
 542              	.LVL65:
 100:src/workers.cpp **** 
 101:src/workers.cpp ****     uint64 result = fibonacci(16);
 543              		.loc 1 101 5 is_stmt 1
 544              		.loc 1 101 30 is_stmt 0
 545 0358 13050001 		li	a0,16
 546 035c 97000000 		call	_ZL9fibonaccim
 546      E7800000 
 547              	.LVL66:
 548 0364 13090500 		mv	s2,a0
 549              	.LVL67:
 102:src/workers.cpp ****     printStr("D: fibonaci=");
 550              		.loc 1 102 5 is_stmt 1
 551              		.loc 1 102 13 is_stmt 0
 552 0368 17050000 		lla	a0,.LC9
 552      13050500 
 553              	.LVL68:
 554 0370 97000000 		call	_Z8printStrPKc@plt
 554      E7800000 
 555              	.LVL69:
 103:src/workers.cpp ****     printInteger(result);
 556              		.loc 1 103 5 is_stmt 1
 557              		.loc 1 103 17 is_stmt 0
 558 0378 13050900 		mv	a0,s2
 559 037c 97000000 		call	_Z12printIntegerm@plt
 559      E7800000 
 560              	.LVL70:
 104:src/workers.cpp ****     printStr("\n");
 561              		.loc 1 104 5 is_stmt 1
 562              		.loc 1 104 13 is_stmt 0
 563 0384 17050000 		lla	a0,.LC1
 563      13050500 
 564 038c 97000000 		call	_Z8printStrPKc@plt
 564      E7800000 
 565              	.LVL71:
 566 0394 6F008003 		j	.L35
 567              	.L38:
 105:src/workers.cpp **** 
 106:src/workers.cpp ****     for (; i < 16; i++)
 107:src/workers.cpp ****     {
 108:src/workers.cpp ****         printStr("D: i=");
 568              		.loc 1 108 9 is_stmt 1 discriminator 1
 569              		.loc 1 108 17 is_stmt 0 discriminator 1
 570 0398 17050000 		lla	a0,.LC7
 570      13050500 
 571 03a0 97000000 		call	_Z8printStrPKc@plt
 571      E7800000 
 572              	.LVL72:
 109:src/workers.cpp ****         printInteger(i);
 573              		.loc 1 109 9 is_stmt 1 discriminator 1
 574              		.loc 1 109 21 is_stmt 0 discriminator 1
 575 03a8 13850400 		mv	a0,s1
 576 03ac 97000000 		call	_Z12printIntegerm@plt
 576      E7800000 
 577              	.LVL73:
GAS LISTING /tmp/cckSeK4u.s 			page 15


 110:src/workers.cpp ****         printStr("\n");
 578              		.loc 1 110 9 is_stmt 1 discriminator 1
 579              		.loc 1 110 17 is_stmt 0 discriminator 1
 580 03b4 17050000 		lla	a0,.LC1
 580      13050500 
 581 03bc 97000000 		call	_Z8printStrPKc@plt
 581      E7800000 
 582              	.LVL74:
 106:src/workers.cpp ****     {
 583              		.loc 1 106 5 is_stmt 1 discriminator 1
 584 03c4 9B841400 		addiw	s1,s1,1
 585              	.LVL75:
 586 03c8 93F4F40F 		andi	s1,s1,0xff
 587              	.LVL76:
 588              	.L35:
 106:src/workers.cpp ****     {
 589              		.loc 1 106 5 discriminator 2
 106:src/workers.cpp ****     {
 590              		.loc 1 106 14 discriminator 2
 591 03cc 9307F000 		li	a5,15
 592 03d0 E3F497FC 		bleu	s1,a5,.L38
 111:src/workers.cpp ****     }
 112:src/workers.cpp **** //    TCB::yield();
 113:src/workers.cpp **** }...
 593              		.loc 1 113 1 is_stmt 0
 594 03d4 83308101 		ld	ra,24(sp)
 595              		.cfi_restore 1
 596 03d8 03340101 		ld	s0,16(sp)
 597              		.cfi_restore 8
 598              		.cfi_def_cfa 2, 32
 599 03dc 83348100 		ld	s1,8(sp)
 600              		.cfi_restore 9
 601              	.LVL77:
 602 03e0 03390100 		ld	s2,0(sp)
 603              		.cfi_restore 18
 604              	.LVL78:
 605 03e4 13010102 		addi	sp,sp,32
 606              		.cfi_def_cfa_offset 0
 607 03e8 67800000 		jr	ra
 608              		.cfi_endproc
 609              	.LFE36:
 611              	.Letext0:
 612              		.file 2 "src/../h/../lib/hw.h"
 613              		.file 3 "src/../h/tcb.hpp"
 614              		.file 4 "src/../h/syscall_c.hpp"
 615              		.file 5 "src/../h/print.hpp"
GAS LISTING /tmp/cckSeK4u.s 			page 16


DEFINED SYMBOLS
                            *ABS*:0000000000000000 workers.cpp
     /tmp/cckSeK4u.s:8      .text:0000000000000000 _ZL9fibonaccim
     /tmp/cckSeK4u.s:12     .text:0000000000000000 .L0 
     /tmp/cckSeK4u.s:14     .text:0000000000000000 .L0 
     /tmp/cckSeK4u.s:15     .text:0000000000000004 .L0 
     /tmp/cckSeK4u.s:20     .text:0000000000000014 .L0 
     /tmp/cckSeK4u.s:21     .text:0000000000000014 .L0 
     /tmp/cckSeK4u.s:22     .text:0000000000000014 .L0 
     /tmp/cckSeK4u.s:23     .text:0000000000000014 .L0 
     /tmp/cckSeK4u.s:25     .text:0000000000000018 .L0 
     /tmp/cckSeK4u.s:28     .text:000000000000001c .L0 
     /tmp/cckSeK4u.s:31     .text:0000000000000024 .L0 
     /tmp/cckSeK4u.s:32     .text:0000000000000024 .L0 
     /tmp/cckSeK4u.s:35     .text:000000000000002c .L0 
     /tmp/cckSeK4u.s:39     .text:0000000000000030 .L0 
     /tmp/cckSeK4u.s:40     .text:0000000000000030 .L0 
     /tmp/cckSeK4u.s:45     .text:0000000000000040 .L0 
     /tmp/cckSeK4u.s:49     .text:000000000000004c .L0 
     /tmp/cckSeK4u.s:52     .text:0000000000000050 .L0 
     /tmp/cckSeK4u.s:53     .text:0000000000000054 .L0 
     /tmp/cckSeK4u.s:54     .text:0000000000000054 .L0 
     /tmp/cckSeK4u.s:56     .text:0000000000000058 .L0 
     /tmp/cckSeK4u.s:57     .text:0000000000000058 .L0 
     /tmp/cckSeK4u.s:59     .text:000000000000005c .L0 
     /tmp/cckSeK4u.s:62     .text:0000000000000060 .L0 
     /tmp/cckSeK4u.s:64     .text:0000000000000064 .L0 
     /tmp/cckSeK4u.s:68     .text:0000000000000068 .L0 
     /tmp/cckSeK4u.s:70     .text:0000000000000068 .L0 
     /tmp/cckSeK4u.s:71     .text:0000000000000068 .L0 
     /tmp/cckSeK4u.s:74     .text:0000000000000074 .L0 
     /tmp/cckSeK4u.s:88     .text:0000000000000074 _Z11workerBodyAv
     /tmp/cckSeK4u.s:91     .text:0000000000000074 .L0 
     /tmp/cckSeK4u.s:92     .text:0000000000000074 .L0 
     /tmp/cckSeK4u.s:93     .text:0000000000000078 .L0 
     /tmp/cckSeK4u.s:97     .text:0000000000000084 .L0 
     /tmp/cckSeK4u.s:98     .text:0000000000000084 .L0 
     /tmp/cckSeK4u.s:99     .text:0000000000000084 .L0 
     /tmp/cckSeK4u.s:101    .text:0000000000000088 .L0 
     /tmp/cckSeK4u.s:105    .text:0000000000000088 .L0 
     /tmp/cckSeK4u.s:106    .text:0000000000000088 .L0 
     /tmp/cckSeK4u.s:113    .text:0000000000000090 .L0 
     /tmp/cckSeK4u.s:117    .text:0000000000000094 .L0 
     /tmp/cckSeK4u.s:122    .text:00000000000000a0 .L0 
     /tmp/cckSeK4u.s:126    .text:00000000000000a4 .L0 
     /tmp/cckSeK4u.s:130    .text:00000000000000b0 .L0 
     /tmp/cckSeK4u.s:139    .text:00000000000000b8 .L0 
     /tmp/cckSeK4u.s:143    .text:00000000000000bc .L0 
     /tmp/cckSeK4u.s:147    .text:00000000000000c4 .L0 
     /tmp/cckSeK4u.s:148    .text:00000000000000c4 .L0 
     /tmp/cckSeK4u.s:152    .text:00000000000000d4 .L0 
     /tmp/cckSeK4u.s:153    .text:00000000000000d4 .L0 
     /tmp/cckSeK4u.s:157    .text:00000000000000e0 .L0 
     /tmp/cckSeK4u.s:158    .text:00000000000000e0 .L0 
     /tmp/cckSeK4u.s:163    .text:00000000000000f0 .L0 
     /tmp/cckSeK4u.s:164    .text:00000000000000f0 .L0 
     /tmp/cckSeK4u.s:172    .text:00000000000000f8 .L0 
GAS LISTING /tmp/cckSeK4u.s 			page 17


     /tmp/cckSeK4u.s:173    .text:00000000000000fc .L0 
     /tmp/cckSeK4u.s:175    .text:0000000000000100 .L0 
     /tmp/cckSeK4u.s:176    .text:0000000000000100 .L0 
     /tmp/cckSeK4u.s:178    .text:0000000000000104 .L0 
     /tmp/cckSeK4u.s:181    .text:0000000000000108 .L0 
     /tmp/cckSeK4u.s:183    .text:000000000000010c .L0 
     /tmp/cckSeK4u.s:194    .text:000000000000010c _Z11workerBodyBv
     /tmp/cckSeK4u.s:197    .text:000000000000010c .L0 
     /tmp/cckSeK4u.s:198    .text:000000000000010c .L0 
     /tmp/cckSeK4u.s:199    .text:0000000000000110 .L0 
     /tmp/cckSeK4u.s:203    .text:000000000000011c .L0 
     /tmp/cckSeK4u.s:204    .text:000000000000011c .L0 
     /tmp/cckSeK4u.s:205    .text:000000000000011c .L0 
     /tmp/cckSeK4u.s:207    .text:0000000000000120 .L0 
     /tmp/cckSeK4u.s:211    .text:0000000000000120 .L0 
     /tmp/cckSeK4u.s:212    .text:0000000000000120 .L0 
     /tmp/cckSeK4u.s:219    .text:0000000000000128 .L0 
     /tmp/cckSeK4u.s:223    .text:000000000000012c .L0 
     /tmp/cckSeK4u.s:228    .text:0000000000000138 .L0 
     /tmp/cckSeK4u.s:232    .text:000000000000013c .L0 
     /tmp/cckSeK4u.s:236    .text:0000000000000148 .L0 
     /tmp/cckSeK4u.s:245    .text:0000000000000150 .L0 
     /tmp/cckSeK4u.s:249    .text:0000000000000154 .L0 
     /tmp/cckSeK4u.s:253    .text:000000000000015c .L0 
     /tmp/cckSeK4u.s:254    .text:000000000000015c .L0 
     /tmp/cckSeK4u.s:258    .text:000000000000016c .L0 
     /tmp/cckSeK4u.s:259    .text:000000000000016c .L0 
     /tmp/cckSeK4u.s:263    .text:0000000000000178 .L0 
     /tmp/cckSeK4u.s:264    .text:0000000000000178 .L0 
     /tmp/cckSeK4u.s:269    .text:0000000000000188 .L0 
     /tmp/cckSeK4u.s:270    .text:0000000000000188 .L0 
     /tmp/cckSeK4u.s:278    .text:0000000000000190 .L0 
     /tmp/cckSeK4u.s:279    .text:0000000000000194 .L0 
     /tmp/cckSeK4u.s:281    .text:0000000000000198 .L0 
     /tmp/cckSeK4u.s:282    .text:0000000000000198 .L0 
     /tmp/cckSeK4u.s:284    .text:000000000000019c .L0 
     /tmp/cckSeK4u.s:287    .text:00000000000001a0 .L0 
     /tmp/cckSeK4u.s:289    .text:00000000000001a4 .L0 
     /tmp/cckSeK4u.s:309    .text:00000000000001a4 _Z11workerBodyCv
     /tmp/cckSeK4u.s:312    .text:00000000000001a4 .L0 
     /tmp/cckSeK4u.s:313    .text:00000000000001a4 .L0 
     /tmp/cckSeK4u.s:314    .text:00000000000001a8 .L0 
     /tmp/cckSeK4u.s:319    .text:00000000000001b8 .L0 
     /tmp/cckSeK4u.s:320    .text:00000000000001b8 .L0 
     /tmp/cckSeK4u.s:321    .text:00000000000001b8 .L0 
     /tmp/cckSeK4u.s:322    .text:00000000000001b8 .L0 
     /tmp/cckSeK4u.s:324    .text:00000000000001bc .L0 
     /tmp/cckSeK4u.s:327    .text:00000000000001bc .L0 
     /tmp/cckSeK4u.s:328    .text:00000000000001bc .L0 
     /tmp/cckSeK4u.s:333    .text:00000000000001c4 .L0 
     /tmp/cckSeK4u.s:334    .text:00000000000001c4 .L0 
     /tmp/cckSeK4u.s:338    .text:00000000000001d4 .L0 
     /tmp/cckSeK4u.s:339    .text:00000000000001d4 .L0 
     /tmp/cckSeK4u.s:343    .text:00000000000001e0 .L0 
     /tmp/cckSeK4u.s:344    .text:00000000000001e0 .L0 
     /tmp/cckSeK4u.s:348    .text:00000000000001f0 .L0 
     /tmp/cckSeK4u.s:354    .text:00000000000001f8 .L0 
GAS LISTING /tmp/cckSeK4u.s 			page 18


     /tmp/cckSeK4u.s:355    .text:00000000000001f8 .L0 
     /tmp/cckSeK4u.s:358    .text:0000000000000200 .L0 
     /tmp/cckSeK4u.s:359    .text:0000000000000200 .L0 
     /tmp/cckSeK4u.s:363    .text:0000000000000210 .L0 
     src/workers.cpp:63     .text:0000000000000210 .L0 
     /tmp/cckSeK4u.s:369    .text:0000000000000214 .L0 
     /tmp/cckSeK4u.s:371    .text:0000000000000214 .L0 
     /tmp/cckSeK4u.s:374    .text:000000000000021c .L0 
     /tmp/cckSeK4u.s:375    .text:000000000000021c .L0 
     src/workers.cpp:67     .text:000000000000021c .L0 
     /tmp/cckSeK4u.s:382    .text:0000000000000220 .L0 
     /tmp/cckSeK4u.s:384    .text:0000000000000220 .L0 
     /tmp/cckSeK4u.s:388    .text:0000000000000230 .L0 
     /tmp/cckSeK4u.s:389    .text:0000000000000230 .L0 
     /tmp/cckSeK4u.s:393    .text:000000000000023c .L0 
     /tmp/cckSeK4u.s:394    .text:000000000000023c .L0 
     /tmp/cckSeK4u.s:398    .text:000000000000024c .L0 
     /tmp/cckSeK4u.s:399    .text:000000000000024c .L0 
     /tmp/cckSeK4u.s:405    .text:000000000000025c .L0 
     /tmp/cckSeK4u.s:406    .text:000000000000025c .L0 
     /tmp/cckSeK4u.s:411    .text:000000000000026c .L0 
     /tmp/cckSeK4u.s:412    .text:000000000000026c .L0 
     /tmp/cckSeK4u.s:416    .text:0000000000000278 .L0 
     /tmp/cckSeK4u.s:417    .text:0000000000000278 .L0 
     /tmp/cckSeK4u.s:423    .text:000000000000028c .L0 
     /tmp/cckSeK4u.s:424    .text:000000000000028c .L0 
     /tmp/cckSeK4u.s:428    .text:000000000000029c .L0 
     /tmp/cckSeK4u.s:429    .text:000000000000029c .L0 
     /tmp/cckSeK4u.s:433    .text:00000000000002a8 .L0 
     /tmp/cckSeK4u.s:434    .text:00000000000002a8 .L0 
     /tmp/cckSeK4u.s:438    .text:00000000000002b8 .L0 
     /tmp/cckSeK4u.s:444    .text:00000000000002c0 .L0 
     /tmp/cckSeK4u.s:445    .text:00000000000002c0 .L0 
     /tmp/cckSeK4u.s:448    .text:00000000000002c8 .L0 
     /tmp/cckSeK4u.s:449    .text:00000000000002cc .L0 
     /tmp/cckSeK4u.s:451    .text:00000000000002d0 .L0 
     /tmp/cckSeK4u.s:452    .text:00000000000002d0 .L0 
     /tmp/cckSeK4u.s:454    .text:00000000000002d4 .L0 
     /tmp/cckSeK4u.s:457    .text:00000000000002d8 .L0 
     /tmp/cckSeK4u.s:460    .text:00000000000002dc .L0 
     /tmp/cckSeK4u.s:462    .text:00000000000002e0 .L0 
     /tmp/cckSeK4u.s:479    .text:00000000000002e0 _Z11workerBodyDv
     /tmp/cckSeK4u.s:482    .text:00000000000002e0 .L0 
     /tmp/cckSeK4u.s:483    .text:00000000000002e0 .L0 
     /tmp/cckSeK4u.s:484    .text:00000000000002e4 .L0 
     /tmp/cckSeK4u.s:489    .text:00000000000002f4 .L0 
     /tmp/cckSeK4u.s:490    .text:00000000000002f4 .L0 
     /tmp/cckSeK4u.s:491    .text:00000000000002f4 .L0 
     /tmp/cckSeK4u.s:492    .text:00000000000002f4 .L0 
     /tmp/cckSeK4u.s:494    .text:00000000000002f8 .L0 
     /tmp/cckSeK4u.s:497    .text:00000000000002f8 .L0 
     /tmp/cckSeK4u.s:498    .text:00000000000002f8 .L0 
     /tmp/cckSeK4u.s:503    .text:0000000000000300 .L0 
     /tmp/cckSeK4u.s:504    .text:0000000000000300 .L0 
     /tmp/cckSeK4u.s:508    .text:0000000000000310 .L0 
     /tmp/cckSeK4u.s:509    .text:0000000000000310 .L0 
     /tmp/cckSeK4u.s:513    .text:000000000000031c .L0 
GAS LISTING /tmp/cckSeK4u.s 			page 19


     /tmp/cckSeK4u.s:514    .text:000000000000031c .L0 
     /tmp/cckSeK4u.s:518    .text:000000000000032c .L0 
     /tmp/cckSeK4u.s:524    .text:0000000000000334 .L0 
     /tmp/cckSeK4u.s:525    .text:0000000000000334 .L0 
     /tmp/cckSeK4u.s:528    .text:000000000000033c .L0 
     /tmp/cckSeK4u.s:529    .text:000000000000033c .L0 
     /tmp/cckSeK4u.s:533    .text:000000000000034c .L0 
     src/workers.cpp:98     .text:000000000000034c .L0 
     /tmp/cckSeK4u.s:539    .text:0000000000000350 .L0 
     /tmp/cckSeK4u.s:541    .text:0000000000000350 .L0 
     /tmp/cckSeK4u.s:544    .text:0000000000000358 .L0 
     /tmp/cckSeK4u.s:545    .text:0000000000000358 .L0 
     /tmp/cckSeK4u.s:551    .text:0000000000000368 .L0 
     /tmp/cckSeK4u.s:552    .text:0000000000000368 .L0 
     /tmp/cckSeK4u.s:557    .text:0000000000000378 .L0 
     /tmp/cckSeK4u.s:558    .text:0000000000000378 .L0 
     /tmp/cckSeK4u.s:562    .text:0000000000000384 .L0 
     /tmp/cckSeK4u.s:563    .text:0000000000000384 .L0 
     /tmp/cckSeK4u.s:569    .text:0000000000000398 .L0 
     /tmp/cckSeK4u.s:570    .text:0000000000000398 .L0 
     /tmp/cckSeK4u.s:574    .text:00000000000003a8 .L0 
     /tmp/cckSeK4u.s:575    .text:00000000000003a8 .L0 
     /tmp/cckSeK4u.s:579    .text:00000000000003b4 .L0 
     /tmp/cckSeK4u.s:580    .text:00000000000003b4 .L0 
     /tmp/cckSeK4u.s:584    .text:00000000000003c4 .L0 
     /tmp/cckSeK4u.s:590    .text:00000000000003cc .L0 
     /tmp/cckSeK4u.s:591    .text:00000000000003cc .L0 
     /tmp/cckSeK4u.s:594    .text:00000000000003d4 .L0 
     /tmp/cckSeK4u.s:595    .text:00000000000003d8 .L0 
     /tmp/cckSeK4u.s:597    .text:00000000000003dc .L0 
     /tmp/cckSeK4u.s:598    .text:00000000000003dc .L0 
     /tmp/cckSeK4u.s:600    .text:00000000000003e0 .L0 
     /tmp/cckSeK4u.s:603    .text:00000000000003e4 .L0 
     /tmp/cckSeK4u.s:606    .text:00000000000003e8 .L0 
     /tmp/cckSeK4u.s:608    .text:00000000000003ec .L0 
     /tmp/cckSeK4u.s:616    .text:00000000000003ec .L0 
     /tmp/cckSeK4u.s:79     .rodata.str1.8:0000000000000000 .LC0
     /tmp/cckSeK4u.s:148    .text:00000000000000c4 .L0 
     /tmp/cckSeK4u.s:82     .rodata.str1.8:0000000000000008 .LC1
     /tmp/cckSeK4u.s:158    .text:00000000000000e0 .L0 
     /tmp/cckSeK4u.s:188    .rodata.str1.8:0000000000000010 .LC2
     /tmp/cckSeK4u.s:254    .text:000000000000015c .L0 
     /tmp/cckSeK4u.s:264    .text:0000000000000178 .L0 
     /tmp/cckSeK4u.s:294    .rodata.str1.8:0000000000000018 .LC3
     /tmp/cckSeK4u.s:334    .text:00000000000001c4 .L0 
     /tmp/cckSeK4u.s:344    .text:00000000000001e0 .L0 
     /tmp/cckSeK4u.s:297    .rodata.str1.8:0000000000000020 .LC4
     /tmp/cckSeK4u.s:359    .text:0000000000000200 .L0 
     /tmp/cckSeK4u.s:300    .rodata.str1.8:0000000000000030 .LC5
     /tmp/cckSeK4u.s:384    .text:0000000000000220 .L0 
     /tmp/cckSeK4u.s:394    .text:000000000000023c .L0 
     /tmp/cckSeK4u.s:303    .rodata.str1.8:0000000000000038 .LC6
     /tmp/cckSeK4u.s:406    .text:000000000000025c .L0 
     /tmp/cckSeK4u.s:417    .text:0000000000000278 .L0 
     /tmp/cckSeK4u.s:424    .text:000000000000028c .L0 
     /tmp/cckSeK4u.s:434    .text:00000000000002a8 .L0 
     /tmp/cckSeK4u.s:467    .rodata.str1.8:0000000000000048 .LC7
GAS LISTING /tmp/cckSeK4u.s 			page 20


     /tmp/cckSeK4u.s:504    .text:0000000000000300 .L0 
     /tmp/cckSeK4u.s:514    .text:000000000000031c .L0 
     /tmp/cckSeK4u.s:470    .rodata.str1.8:0000000000000050 .LC8
     /tmp/cckSeK4u.s:529    .text:000000000000033c .L0 
     /tmp/cckSeK4u.s:473    .rodata.str1.8:0000000000000060 .LC9
     /tmp/cckSeK4u.s:552    .text:0000000000000368 .L0 
     /tmp/cckSeK4u.s:563    .text:0000000000000384 .L0 
     /tmp/cckSeK4u.s:570    .text:0000000000000398 .L0 
     /tmp/cckSeK4u.s:580    .text:00000000000003b4 .L0 
     /tmp/cckSeK4u.s:50     .text:0000000000000050 .L1
     /tmp/cckSeK4u.s:67     .text:0000000000000068 .L6
     /tmp/cckSeK4u.s:37     .text:0000000000000030 .L3
     /tmp/cckSeK4u.s:141    .text:00000000000000bc .L13
     /tmp/cckSeK4u.s:134    .text:00000000000000b8 .L9
     /tmp/cckSeK4u.s:109    .text:0000000000000090 .L10
     /tmp/cckSeK4u.s:123    .text:00000000000000a4 .L11
     /tmp/cckSeK4u.s:167    .text:00000000000000f8 .L7
     /tmp/cckSeK4u.s:115    .text:0000000000000094 .L12
     /tmp/cckSeK4u.s:247    .text:0000000000000154 .L21
     /tmp/cckSeK4u.s:240    .text:0000000000000150 .L17
     /tmp/cckSeK4u.s:215    .text:0000000000000128 .L18
     /tmp/cckSeK4u.s:229    .text:000000000000013c .L19
     /tmp/cckSeK4u.s:273    .text:0000000000000190 .L15
     /tmp/cckSeK4u.s:221    .text:000000000000012c .L20
     /tmp/cckSeK4u.s:352    .text:00000000000001f8 .L25
     /tmp/cckSeK4u.s:331    .text:00000000000001c4 .L29
     /tmp/cckSeK4u.s:442    .text:00000000000002c0 .L27
     /tmp/cckSeK4u.s:421    .text:000000000000028c .L30
     /tmp/cckSeK4u.s:522    .text:0000000000000334 .L33
     /tmp/cckSeK4u.s:501    .text:0000000000000300 .L37
     /tmp/cckSeK4u.s:588    .text:00000000000003cc .L35
     /tmp/cckSeK4u.s:567    .text:0000000000000398 .L38
     /tmp/cckSeK4u.s:1704   .debug_abbrev:0000000000000000 .Ldebug_abbrev0
     /tmp/cckSeK4u.s:2790   .debug_str:000000000000046e .LASF76
     /tmp/cckSeK4u.s:2670   .debug_str:00000000000000f8 .LASF77
     /tmp/cckSeK4u.s:2808   .debug_str:00000000000005a8 .LASF78
     /tmp/cckSeK4u.s:5      .text:0000000000000000 .Ltext0
     /tmp/cckSeK4u.s:611    .text:00000000000003ec .Letext0
     /tmp/cckSeK4u.s:2630   .debug_line:0000000000000000 .Ldebug_line0
     /tmp/cckSeK4u.s:2732   .debug_str:00000000000002a6 .LASF0
     /tmp/cckSeK4u.s:2746   .debug_str:0000000000000322 .LASF1
     /tmp/cckSeK4u.s:2722   .debug_str:000000000000025d .LASF2
     /tmp/cckSeK4u.s:2678   .debug_str:000000000000013e .LASF3
     /tmp/cckSeK4u.s:2706   .debug_str:000000000000020f .LASF4
     /tmp/cckSeK4u.s:2778   .debug_str:000000000000040b .LASF5
     /tmp/cckSeK4u.s:2654   .debug_str:000000000000007e .LASF6
     /tmp/cckSeK4u.s:2748   .debug_str:0000000000000335 .LASF7
     /tmp/cckSeK4u.s:2730   .debug_str:0000000000000293 .LASF8
     /tmp/cckSeK4u.s:2798   .debug_str:0000000000000568 .LASF9
     /tmp/cckSeK4u.s:2692   .debug_str:0000000000000198 .LASF10
     /tmp/cckSeK4u.s:2756   .debug_str:000000000000036c .LASF11
     /tmp/cckSeK4u.s:2792   .debug_str:0000000000000532 .LASF12
     /tmp/cckSeK4u.s:2656   .debug_str:0000000000000085 .LASF13
     /tmp/cckSeK4u.s:2640   .debug_str:0000000000000027 .LASF14
     /tmp/cckSeK4u.s:2666   .debug_str:00000000000000d2 .LASF15
     /tmp/cckSeK4u.s:2772   .debug_str:00000000000003e6 .LASF16
     /tmp/cckSeK4u.s:2676   .debug_str:0000000000000128 .LASF17
GAS LISTING /tmp/cckSeK4u.s 			page 21


     /tmp/cckSeK4u.s:2644   .debug_str:0000000000000041 .LASF79
     /tmp/cckSeK4u.s:2700   .debug_str:00000000000001cb .LASF18
     /tmp/cckSeK4u.s:2766   .debug_str:00000000000003c8 .LASF20
     /tmp/cckSeK4u.s:2664   .debug_str:00000000000000c8 .LASF22
     /tmp/cckSeK4u.s:2674   .debug_str:0000000000000113 .LASF24
     /tmp/cckSeK4u.s:2672   .debug_str:0000000000000108 .LASF19
     /tmp/cckSeK4u.s:2758   .debug_str:000000000000037b .LASF21
     /tmp/cckSeK4u.s:2750   .debug_str:0000000000000348 .LASF23
     /tmp/cckSeK4u.s:2690   .debug_str:0000000000000181 .LASF25
     /tmp/cckSeK4u.s:2724   .debug_str:000000000000026b .LASF26
     /tmp/cckSeK4u.s:2702   .debug_str:00000000000001d0 .LASF27
     /tmp/cckSeK4u.s:2646   .debug_str:0000000000000049 .LASF28
     /tmp/cckSeK4u.s:2648   .debug_str:0000000000000050 .LASF29
     /tmp/cckSeK4u.s:2642   .debug_str:0000000000000037 .LASF30
     /tmp/cckSeK4u.s:2754   .debug_str:0000000000000358 .LASF31
     /tmp/cckSeK4u.s:2708   .debug_str:0000000000000216 .LASF32
     /tmp/cckSeK4u.s:2794   .debug_str:0000000000000541 .LASF33
     /tmp/cckSeK4u.s:2658   .debug_str:0000000000000095 .LASF42
     /tmp/cckSeK4u.s:2668   .debug_str:00000000000000de .LASF44
     /tmp/cckSeK4u.s:2716   .debug_str:0000000000000237 .LASF34
     /tmp/cckSeK4u.s:2744   .debug_str:0000000000000302 .LASF35
     /tmp/cckSeK4u.s:2768   .debug_str:00000000000003d4 .LASF80
     /tmp/cckSeK4u.s:2762   .debug_str:00000000000003a3 .LASF81
     /tmp/cckSeK4u.s:2810   .debug_str:00000000000005c6 .LASF82
     /tmp/cckSeK4u.s:2696   .debug_str:00000000000001b2 .LASF36
     /tmp/cckSeK4u.s:2734   .debug_str:00000000000002b3 .LASF37
     /tmp/cckSeK4u.s:2774   .debug_str:00000000000003fc .LASF83
     /tmp/cckSeK4u.s:2726   .debug_str:0000000000000277 .LASF84
     /tmp/cckSeK4u.s:2680   .debug_str:0000000000000144 .LASF85
     /tmp/cckSeK4u.s:2806   .debug_str:000000000000059b .LASF38
     /tmp/cckSeK4u.s:2788   .debug_str:0000000000000462 .LASF39
     /tmp/cckSeK4u.s:2688   .debug_str:0000000000000171 .LASF40
     /tmp/cckSeK4u.s:2694   .debug_str:00000000000001a6 .LASF41
     /tmp/cckSeK4u.s:2782   .debug_str:000000000000042e .LASF43
     /tmp/cckSeK4u.s:2770   .debug_str:00000000000003d9 .LASF45
     /tmp/cckSeK4u.s:2784   .debug_str:000000000000043e .LASF46
     /tmp/cckSeK4u.s:2662   .debug_str:00000000000000bb .LASF47
     /tmp/cckSeK4u.s:2764   .debug_str:00000000000003b4 .LASF86
     /tmp/cckSeK4u.s:2712   .debug_str:000000000000022a .LASF48
     /tmp/cckSeK4u.s:2738   .debug_str:00000000000002e3 .LASF49
     /tmp/cckSeK4u.s:2714   .debug_str:000000000000022f .LASF50
     /tmp/cckSeK4u.s:2752   .debug_str:0000000000000353 .LASF51
     /tmp/cckSeK4u.s:2710   .debug_str:0000000000000221 .LASF52
     /tmp/cckSeK4u.s:2632   .debug_str:0000000000000000 .LASF53
     /tmp/cckSeK4u.s:2742   .debug_str:00000000000002fa .LASF54
     /tmp/cckSeK4u.s:2720   .debug_str:000000000000024f .LASF55
     /tmp/cckSeK4u.s:2660   .debug_str:00000000000000a2 .LASF57
     /tmp/cckSeK4u.s:2802   .debug_str:0000000000000582 .LASF87
     /tmp/cckSeK4u.s:2704   .debug_str:00000000000001e7 .LASF88
     /tmp/cckSeK4u.s:2736   .debug_str:00000000000002da .LASF56
     /tmp/cckSeK4u.s:2682   .debug_str:000000000000014c .LASF58
     /tmp/cckSeK4u.s:2780   .debug_str:000000000000041d .LASF89
     /tmp/cckSeK4u.s:2718   .debug_str:0000000000000244 .LASF59
     /tmp/cckSeK4u.s:2804   .debug_str:0000000000000590 .LASF60
     /tmp/cckSeK4u.s:2698   .debug_str:00000000000001c6 .LASF61
     /tmp/cckSeK4u.s:2684   .debug_str:000000000000015f .LASF62
     /tmp/cckSeK4u.s:2652   .debug_str:0000000000000072 .LASF63
GAS LISTING /tmp/cckSeK4u.s 			page 22


     /tmp/cckSeK4u.s:2740   .debug_str:00000000000002e9 .LASF64
     /tmp/cckSeK4u.s:480    .text:00000000000002e0 .LFB36
     /tmp/cckSeK4u.s:609    .text:00000000000003ec .LFE36
     /tmp/cckSeK4u.s:2441   .debug_loc:0000000000000000 .LLST10
     /tmp/cckSeK4u.s:2634   .debug_str:0000000000000008 .LASF65
     /tmp/cckSeK4u.s:2461   .debug_loc:000000000000005d .LLST11
     /tmp/cckSeK4u.s:506    .text:0000000000000310 .LVL59
     /tmp/cckSeK4u.s:511    .text:000000000000031c .LVL60
     /tmp/cckSeK4u.s:516    .text:000000000000032c .LVL61
     /tmp/cckSeK4u.s:531    .text:000000000000034c .LVL64
     /tmp/cckSeK4u.s:542    .text:0000000000000358 .LVL65
     /tmp/cckSeK4u.s:547    .text:0000000000000364 .LVL66
     /tmp/cckSeK4u.s:555    .text:0000000000000378 .LVL69
     /tmp/cckSeK4u.s:560    .text:0000000000000384 .LVL70
     /tmp/cckSeK4u.s:565    .text:0000000000000394 .LVL71
     /tmp/cckSeK4u.s:572    .text:00000000000003a8 .LVL72
     /tmp/cckSeK4u.s:577    .text:00000000000003b4 .LVL73
     /tmp/cckSeK4u.s:582    .text:00000000000003c4 .LVL74
     /tmp/cckSeK4u.s:2638   .debug_str:000000000000001b .LASF66
     /tmp/cckSeK4u.s:2796   .debug_str:0000000000000557 .LASF67
     /tmp/cckSeK4u.s:310    .text:00000000000001a4 .LFB35
     /tmp/cckSeK4u.s:463    .text:00000000000002e0 .LFE35
     /tmp/cckSeK4u.s:2472   .debug_loc:0000000000000093 .LLST7
     /tmp/cckSeK4u.s:2492   .debug_loc:00000000000000f0 .LLST8
     /tmp/cckSeK4u.s:2500   .debug_loc:0000000000000114 .LLST9
     /tmp/cckSeK4u.s:336    .text:00000000000001d4 .LVL33
     /tmp/cckSeK4u.s:341    .text:00000000000001e0 .LVL34
     /tmp/cckSeK4u.s:346    .text:00000000000001f0 .LVL35
     /tmp/cckSeK4u.s:361    .text:0000000000000210 .LVL38
     /tmp/cckSeK4u.s:372    .text:000000000000021c .LVL39
     /tmp/cckSeK4u.s:386    .text:0000000000000230 .LVL41
     /tmp/cckSeK4u.s:391    .text:000000000000023c .LVL42
     /tmp/cckSeK4u.s:396    .text:000000000000024c .LVL43
     /tmp/cckSeK4u.s:401    .text:0000000000000258 .LVL44
     /tmp/cckSeK4u.s:409    .text:000000000000026c .LVL47
     /tmp/cckSeK4u.s:414    .text:0000000000000278 .LVL48
     /tmp/cckSeK4u.s:419    .text:0000000000000288 .LVL49
     /tmp/cckSeK4u.s:426    .text:000000000000029c .LVL50
     /tmp/cckSeK4u.s:431    .text:00000000000002a8 .LVL51
     /tmp/cckSeK4u.s:436    .text:00000000000002b8 .LVL52
     /tmp/cckSeK4u.s:2800   .debug_str:0000000000000578 .LASF90
     /tmp/cckSeK4u.s:9      .text:0000000000000000 .LFB34
     /tmp/cckSeK4u.s:75     .text:0000000000000074 .LFE34
     /tmp/cckSeK4u.s:2511   .debug_loc:000000000000014a .LLST0
     /tmp/cckSeK4u.s:42     .text:000000000000003c .LVL2
     /tmp/cckSeK4u.s:47     .text:000000000000004c .LVL3
     /tmp/cckSeK4u.s:72     .text:0000000000000070 .LVL6
     /tmp/cckSeK4u.s:2636   .debug_str:000000000000000f .LASF68
     /tmp/cckSeK4u.s:2650   .debug_str:0000000000000061 .LASF69
     /tmp/cckSeK4u.s:195    .text:000000000000010c .LFB33
     /tmp/cckSeK4u.s:290    .text:00000000000001a4 .LFE33
     /tmp/cckSeK4u.s:210    .text:0000000000000120 .LBB8
     /tmp/cckSeK4u.s:276    .text:0000000000000190 .LBE8
     /tmp/cckSeK4u.s:2533   .debug_loc:00000000000001a9 .LLST4
     /tmp/cckSeK4u.s:2616   .debug_ranges:0000000000000000 .Ldebug_ranges0
     /tmp/cckSeK4u.s:2545   .debug_loc:00000000000001e0 .LLST5
     /tmp/cckSeK4u.s:226    .text:0000000000000138 .LBB11
GAS LISTING /tmp/cckSeK4u.s 			page 23


     /tmp/cckSeK4u.s:241    .text:0000000000000150 .LBE11
     /tmp/cckSeK4u.s:2557   .debug_loc:0000000000000217 .LLST6
     /tmp/cckSeK4u.s:256    .text:000000000000016c .LVL26
     /tmp/cckSeK4u.s:261    .text:0000000000000178 .LVL27
     /tmp/cckSeK4u.s:266    .text:0000000000000188 .LVL28
     /tmp/cckSeK4u.s:2728   .debug_str:0000000000000287 .LASF70
     /tmp/cckSeK4u.s:2786   .debug_str:0000000000000451 .LASF71
     /tmp/cckSeK4u.s:89     .text:0000000000000074 .LFB32
     /tmp/cckSeK4u.s:184    .text:000000000000010c .LFE32
     /tmp/cckSeK4u.s:104    .text:0000000000000088 .LBB2
     /tmp/cckSeK4u.s:170    .text:00000000000000f8 .LBE2
     /tmp/cckSeK4u.s:2568   .debug_loc:000000000000024d .LLST1
     /tmp/cckSeK4u.s:2580   .debug_loc:0000000000000284 .LLST2
     /tmp/cckSeK4u.s:120    .text:00000000000000a0 .LBB5
     /tmp/cckSeK4u.s:135    .text:00000000000000b8 .LBE5
     /tmp/cckSeK4u.s:2592   .debug_loc:00000000000002bb .LLST3
     /tmp/cckSeK4u.s:150    .text:00000000000000d4 .LVL14
     /tmp/cckSeK4u.s:155    .text:00000000000000e0 .LVL15
     /tmp/cckSeK4u.s:160    .text:00000000000000f0 .LVL16
     /tmp/cckSeK4u.s:2812   .debug_str:00000000000005e2 .LASF72
     /tmp/cckSeK4u.s:2776   .debug_str:0000000000000402 .LASF74
     /tmp/cckSeK4u.s:2760   .debug_str:0000000000000391 .LASF73
     /tmp/cckSeK4u.s:2686   .debug_str:0000000000000164 .LASF75
     /tmp/cckSeK4u.s:496    .text:00000000000002f8 .LVL57
     /tmp/cckSeK4u.s:500    .text:0000000000000300 .LVL58
     /tmp/cckSeK4u.s:519    .text:0000000000000330 .LVL62
     /tmp/cckSeK4u.s:521    .text:0000000000000334 .LVL63
     /tmp/cckSeK4u.s:585    .text:00000000000003c8 .LVL75
     /tmp/cckSeK4u.s:587    .text:00000000000003cc .LVL76
     /tmp/cckSeK4u.s:601    .text:00000000000003e0 .LVL77
     /tmp/cckSeK4u.s:549    .text:0000000000000368 .LVL67
     /tmp/cckSeK4u.s:553    .text:0000000000000370 .LVL68
     /tmp/cckSeK4u.s:604    .text:00000000000003e4 .LVL78
     /tmp/cckSeK4u.s:326    .text:00000000000001bc .LVL31
     /tmp/cckSeK4u.s:330    .text:00000000000001c4 .LVL32
     /tmp/cckSeK4u.s:349    .text:00000000000001f4 .LVL36
     /tmp/cckSeK4u.s:351    .text:00000000000001f8 .LVL37
     /tmp/cckSeK4u.s:439    .text:00000000000002bc .LVL53
     /tmp/cckSeK4u.s:441    .text:00000000000002c0 .LVL54
     /tmp/cckSeK4u.s:455    .text:00000000000002d4 .LVL55
     /tmp/cckSeK4u.s:380    .text:0000000000000220 .LVL40
     /tmp/cckSeK4u.s:403    .text:000000000000025c .LVL45
     /tmp/cckSeK4u.s:407    .text:0000000000000264 .LVL46
     /tmp/cckSeK4u.s:458    .text:00000000000002d8 .LVL56
     /tmp/cckSeK4u.s:13     .text:0000000000000000 .LVL0
     /tmp/cckSeK4u.s:36     .text:0000000000000030 .LVL1
     /tmp/cckSeK4u.s:60     .text:000000000000005c .LVL4
     /tmp/cckSeK4u.s:66     .text:0000000000000068 .LVL5
     /tmp/cckSeK4u.s:209    .text:0000000000000120 .LVL19
     /tmp/cckSeK4u.s:214    .text:0000000000000128 .LVL20
     /tmp/cckSeK4u.s:285    .text:000000000000019c .LVL30
     /tmp/cckSeK4u.s:246    .text:0000000000000154 .LVL25
     /tmp/cckSeK4u.s:272    .text:0000000000000190 .LVL29
     /tmp/cckSeK4u.s:220    .text:000000000000012c .LVL21
     /tmp/cckSeK4u.s:230    .text:000000000000013c .LVL22
     /tmp/cckSeK4u.s:239    .text:0000000000000150 .LVL24
     /tmp/cckSeK4u.s:103    .text:0000000000000088 .LVL7
GAS LISTING /tmp/cckSeK4u.s 			page 24


     /tmp/cckSeK4u.s:108    .text:0000000000000090 .LVL8
     /tmp/cckSeK4u.s:179    .text:0000000000000104 .LVL18
     /tmp/cckSeK4u.s:140    .text:00000000000000bc .LVL13
     /tmp/cckSeK4u.s:166    .text:00000000000000f8 .LVL17
     /tmp/cckSeK4u.s:114    .text:0000000000000094 .LVL9
     /tmp/cckSeK4u.s:124    .text:00000000000000a4 .LVL10
     /tmp/cckSeK4u.s:133    .text:00000000000000b8 .LVL12
     /tmp/cckSeK4u.s:617    .debug_info:0000000000000000 .Ldebug_info0
     /tmp/cckSeK4u.s:111    .text:0000000000000090 .LBB4
     /tmp/cckSeK4u.s:136    .text:00000000000000b8 .LBE4
     /tmp/cckSeK4u.s:162    .text:00000000000000f0 .LBB6
     /tmp/cckSeK4u.s:168    .text:00000000000000f8 .LBE6
     /tmp/cckSeK4u.s:217    .text:0000000000000128 .LBB10
     /tmp/cckSeK4u.s:242    .text:0000000000000150 .LBE10
     /tmp/cckSeK4u.s:268    .text:0000000000000188 .LBB12
     /tmp/cckSeK4u.s:274    .text:0000000000000190 .LBE12

UNDEFINED SYMBOLS
_ZN3TCB5yieldEv
_Z8printStrPKc
_Z12printIntegerm
